[0.766s] Invoking command in '/home/iiitd/cf_ws/build/crazyflie_py': CMAKE_PREFIX_PATH=/home/iiitd/cf_ws/install/crazyflie_interfaces:/home/iiitd/cf_ws/install/crazyflie_sim:/home/iiitd/cf_ws/install/crazyflie_examples:/home/iiitd/cf_ws/install/crazyflie:/home/iiitd/cf_ws/install/crazyflie_description PYTHONPATH=/home/iiitd/cf_ws/build/crazyflie_py/prefix_override:/usr/lib/python3/dist-packages/colcon_core/task/python/colcon_distutils_commands:/home/iiitd/cf_ws/install/crazyflie_py/lib/python3.10/site-packages:${PYTHONPATH} /usr/bin/python3 -W ignore:setup.py install is deprecated -W ignore:easy_install command is deprecated setup.py develop --editable --build-directory /home/iiitd/cf_ws/build/crazyflie_py/build --no-deps symlink_data
[0.907s] running develop
[0.992s] running egg_info
[0.993s] creating crazyflie_py.egg-info
[0.993s] writing crazyflie_py.egg-info/PKG-INFO
[0.993s] writing dependency_links to crazyflie_py.egg-info/dependency_links.txt
[0.993s] writing entry points to crazyflie_py.egg-info/entry_points.txt
[0.993s] writing requirements to crazyflie_py.egg-info/requires.txt
[0.993s] writing top-level names to crazyflie_py.egg-info/top_level.txt
[0.993s] writing manifest file 'crazyflie_py.egg-info/SOURCES.txt'
[0.994s] reading manifest file 'crazyflie_py.egg-info/SOURCES.txt'
[0.994s] writing manifest file 'crazyflie_py.egg-info/SOURCES.txt'
[0.994s] running build_ext
[0.995s] Creating /home/iiitd/cf_ws/install/crazyflie_py/lib/python3.10/site-packages/crazyflie-py.egg-link (link to .)
[0.995s] 
[0.995s] Installed /home/iiitd/cf_ws/build/crazyflie_py
[0.995s] running symlink_data
[0.995s] creating /home/iiitd/cf_ws/install/crazyflie_py/share/ament_index
[0.995s] creating /home/iiitd/cf_ws/install/crazyflie_py/share/ament_index/resource_index
[0.996s] creating /home/iiitd/cf_ws/install/crazyflie_py/share/ament_index/resource_index/packages
[0.996s] symbolically linking /home/iiitd/cf_ws/build/crazyflie_py/resource/crazyflie_py -> /home/iiitd/cf_ws/install/crazyflie_py/share/ament_index/resource_index/packages
[0.996s] symbolically linking /home/iiitd/cf_ws/build/crazyflie_py/package.xml -> /home/iiitd/cf_ws/install/crazyflie_py/share/crazyflie_py
[1.020s] Invoked command in '/home/iiitd/cf_ws/build/crazyflie_py' returned '0': CMAKE_PREFIX_PATH=/home/iiitd/cf_ws/install/crazyflie_interfaces:/home/iiitd/cf_ws/install/crazyflie_sim:/home/iiitd/cf_ws/install/crazyflie_examples:/home/iiitd/cf_ws/install/crazyflie:/home/iiitd/cf_ws/install/crazyflie_description PYTHONPATH=/home/iiitd/cf_ws/build/crazyflie_py/prefix_override:/usr/lib/python3/dist-packages/colcon_core/task/python/colcon_distutils_commands:/home/iiitd/cf_ws/install/crazyflie_py/lib/python3.10/site-packages:${PYTHONPATH} /usr/bin/python3 -W ignore:setup.py install is deprecated -W ignore:easy_install command is deprecated setup.py develop --editable --build-directory /home/iiitd/cf_ws/build/crazyflie_py/build --no-deps symlink_data
