-- Found ament_cmake: 1.3.14 (/opt/ros/humble/share/ament_cmake/cmake)
-- Override CMake install command with custom implementation using symlinks instead of copying resources
-- Found rclcpp: 16.0.19 (/opt/ros/humble/share/rclcpp/cmake)
-- Found rosidl_generator_c: 3.1.9 (/opt/ros/humble/share/rosidl_generator_c/cmake)
-- Found rosidl_adapter: 3.1.9 (/opt/ros/humble/share/rosidl_adapter/cmake)
-- Found rosidl_generator_cpp: 3.1.9 (/opt/ros/humble/share/rosidl_generator_cpp/cmake)
-- Using all available rosidl_typesupport_c: rosidl_typesupport_fastrtps_c;rosidl_typesupport_introspection_c
-- Using all available rosidl_typesupport_cpp: rosidl_typesupport_fastrtps_cpp;rosidl_typesupport_introspection_cpp
-- Found rmw_implementation_cmake: 6.1.2 (/opt/ros/humble/share/rmw_implementation_cmake/cmake)
-- Found rmw_fastrtps_cpp: 6.2.10 (/opt/ros/humble/share/rmw_fastrtps_cpp/cmake)
-- Using RMW implementation 'rmw_fastrtps_cpp' as default
-- Found tf2_ros: 0.25.20 (/opt/ros/humble/share/tf2_ros/cmake)
-- Found rclpy: 3.3.21 (/opt/ros/humble/share/rclpy/cmake)
-- Found std_srvs: 4.9.1 (/opt/ros/humble/share/std_srvs/cmake)
-- Found nav_msgs: 4.9.1 (/opt/ros/humble/share/nav_msgs/cmake)
-- Found sensor_msgs: 4.9.1 (/opt/ros/humble/share/sensor_msgs/cmake)
-- Found crazyflie_interfaces: 1.0.5 (/home/iiitd/cf_ws/install/crazyflie_interfaces/share/crazyflie_interfaces/cmake)
-- Found motion_capture_tracking_interfaces: 1.0.6 (/opt/ros/humble/share/motion_capture_tracking_interfaces/cmake)
-- Found ros_environment: 3.2.2 (/opt/ros/humble/share/ros_environment/cmake)
-- Found Boost: /usr/lib/x86_64-linux-gnu/cmake/Boost-1.74.0/BoostConfig.cmake (found version "1.74.0") found components: program_options 
-- Found libusb: /usr/lib/x86_64-linux-gnu/libusb-1.0.so  
-- Configuring done
-- Generating done
-- Build files have been written to: /home/iiitd/cf_ws/build/crazyflie
[  2%] [32mBuilding CXX object deps/crazyflie_tools/crazyflie_cpp/crazyflie-link-cpp/CMakeFiles/crazyflieLinkCpp.dir/src/USBManager.cpp.o[0m
[  5%] [32mBuilding CXX object deps/crazyflie_tools/crazyflie_cpp/crazyflie-link-cpp/CMakeFiles/crazyflieLinkCpp.dir/src/CrazyradioThread.cpp.o[0m
[  7%] [32mBuilding CXX object deps/crazyflie_tools/crazyflie_cpp/crazyflie-link-cpp/CMakeFiles/crazyflieLinkCpp.dir/src/CrazyflieUSB.cpp.o[0m
[ 10%] [32mBuilding CXX object deps/crazyflie_tools/crazyflie_cpp/crazyflie-link-cpp/CMakeFiles/crazyflieLinkCpp.dir/src/USBDevice.cpp.o[0m
[ 12%] [32mBuilding CXX object deps/crazyflie_tools/crazyflie_cpp/crazyflie-link-cpp/CMakeFiles/crazyflieLinkCpp.dir/src/Version.cpp.o[0m
[ 15%] [32mBuilding CXX object CMakeFiles/teleop.dir/src/teleop.cpp.o[0m
[ 17%] [32mBuilding CXX object deps/crazyflie_tools/crazyflie_cpp/crazyflie-link-cpp/CMakeFiles/crazyflieLinkCpp.dir/src/Connection.cpp.o[0m
[ 20%] [32mBuilding CXX object deps/crazyflie_tools/crazyflie_cpp/crazyflie-link-cpp/CMakeFiles/crazyflieLinkCpp.dir/src/Crazyradio.cpp.o[0m
[ 22%] [32mBuilding CXX object deps/crazyflie_tools/crazyflie_cpp/crazyflie-link-cpp/CMakeFiles/crazyflieLinkCpp.dir/src/CrazyflieUSBThread.cpp.o[0m
[ 25%] [32m[1mLinking CXX static library libcrazyflieLinkCpp.a[0m
[ 25%] Built target crazyflieLinkCpp
[ 27%] [32mBuilding CXX object deps/crazyflie_tools/crazyflie_cpp/CMakeFiles/crazyflie_cpp.dir/src/Crazyflie.cpp.o[0m
[ 30%] [32mBuilding CXX object deps/crazyflie_tools/crazyflie_cpp/CMakeFiles/crazyflie_cpp.dir/src/crtp.cpp.o[0m
[ 32%] [32m[1mLinking CXX static library libcrazyflie_cpp.a[0m
[ 32%] Built target crazyflie_cpp
[ 37%] [32mBuilding CXX object deps/crazyflie_tools/CMakeFiles/listMemories.dir/src/listMemories.cpp.o[0m
[ 37%] [32mBuilding CXX object deps/crazyflie_tools/CMakeFiles/comCheck.dir/src/comCheck.cpp.o[0m
[ 40%] [32mBuilding CXX object deps/crazyflie_tools/CMakeFiles/console.dir/src/console.cpp.o[0m
[ 45%] [32mBuilding CXX object deps/crazyflie_tools/CMakeFiles/listLogVariables.dir/src/listLogVariables.cpp.o[0m
[ 45%] [32mBuilding CXX object deps/crazyflie_tools/CMakeFiles/reboot.dir/src/reboot.cpp.o[0m
[ 47%] [32mBuilding CXX object deps/crazyflie_tools/CMakeFiles/version.dir/src/version.cpp.o[0m
[ 55%] [32mBuilding CXX object deps/crazyflie_tools/CMakeFiles/downloadUSDLogfile.dir/src/downloadUSDLogfile.cpp.o[0m
[ 55%] [32mBuilding CXX object deps/crazyflie_tools/CMakeFiles/log.dir/src/log.cpp.o[0m
[ 55%] [32mBuilding CXX object deps/crazyflie_tools/CMakeFiles/scan.dir/src/scan.cpp.o[0m
[ 57%] [32mBuilding CXX object deps/crazyflie_tools/CMakeFiles/setParam.dir/src/setParam.cpp.o[0m
[ 62%] [32mBuilding CXX object deps/crazyflie_tools/CMakeFiles/battery.dir/src/battery.cpp.o[0m
[ 62%] [32mBuilding CXX object deps/crazyflie_tools/CMakeFiles/listParams.dir/src/listParams.cpp.o[0m
[ 65%] [32mBuilding CXX object CMakeFiles/crazyflie_server.dir/src/crazyflie_server.cpp.o[0m
[ 67%] [32m[1mLinking CXX executable version[0m
[ 70%] [32m[1mLinking CXX executable console[0m
[ 72%] [32m[1mLinking CXX executable comCheck[0m
[ 75%] [32m[1mLinking CXX executable reboot[0m
[ 77%] [32m[1mLinking CXX executable listMemories[0m
[ 77%] Built target console
[ 77%] Built target version
[ 80%] [32m[1mLinking CXX executable setParam[0m
[ 82%] [32m[1mLinking CXX executable battery[0m
[ 82%] Built target comCheck
[ 85%] [32m[1mLinking CXX executable log[0m
[ 85%] Built target reboot
[ 85%] Built target listMemories
[ 87%] [32m[1mLinking CXX executable scan[0m
[ 87%] Built target battery
[ 87%] Built target setParam
[ 87%] Built target log
[ 90%] [32m[1mLinking CXX executable downloadUSDLogfile[0m
[ 92%] [32m[1mLinking CXX executable listLogVariables[0m
[ 92%] Built target scan
[ 95%] [32m[1mLinking CXX executable listParams[0m
[ 95%] Built target downloadUSDLogfile
[ 95%] Built target listLogVariables
[ 95%] Built target listParams
[ 97%] [32m[1mLinking CXX executable teleop[0m
[ 97%] Built target teleop
[100%] [32m[1mLinking CXX executable crazyflie_server[0m
[100%] Built target crazyflie_server
-- Install configuration: ""
-- Execute custom install script
-- Symlinking: /home/iiitd/cf_ws/install/crazyflie/lib/crazyflie/comCheck
-- Symlinking: /home/iiitd/cf_ws/install/crazyflie/lib/crazyflie/scan
-- Symlinking: /home/iiitd/cf_ws/install/crazyflie/lib/crazyflie/listParams
-- Symlinking: /home/iiitd/cf_ws/install/crazyflie/lib/crazyflie/listLogVariables
-- Symlinking: /home/iiitd/cf_ws/install/crazyflie/lib/crazyflie/listMemories
-- Symlinking: /home/iiitd/cf_ws/install/crazyflie/lib/crazyflie/reboot
-- Symlinking: /home/iiitd/cf_ws/install/crazyflie/lib/crazyflie/battery
-- Symlinking: /home/iiitd/cf_ws/install/crazyflie/lib/crazyflie/version
-- Symlinking: /home/iiitd/cf_ws/install/crazyflie/lib/crazyflie/console
-- Symlinking: /home/iiitd/cf_ws/install/crazyflie/lib/crazyflie/log
-- Symlinking: /home/iiitd/cf_ws/install/crazyflie/lib/crazyflie/setParam
-- Symlinking: /home/iiitd/cf_ws/install/crazyflie/lib/crazyflie/downloadUSDLogfile
-- Symlinking: /home/iiitd/cf_ws/install/crazyflie/lib/crazyflie/teleop
-- Symlinking: /home/iiitd/cf_ws/install/crazyflie/lib/crazyflie/crazyflie_server
-- Symlinking: /home/iiitd/cf_ws/install/crazyflie/lib/crazyflie/chooser.py
-- Symlinking: /home/iiitd/cf_ws/install/crazyflie/lib/crazyflie/cfmult.py
-- Symlinking: /home/iiitd/cf_ws/install/crazyflie/lib/crazyflie/aideck_streamer.py
-- Symlinking: /home/iiitd/cf_ws/install/crazyflie/lib/crazyflie/flash.py
-- Symlinking: /home/iiitd/cf_ws/install/crazyflie/share/crazyflie//launch/launch.py
-- Symlinking: /home/iiitd/cf_ws/install/crazyflie/share/crazyflie//launch/launch_teleop2.py
-- Symlinking: /home/iiitd/cf_ws/install/crazyflie/share/crazyflie//launch/teleop_launch.py
-- Symlinking: /home/iiitd/cf_ws/install/crazyflie/share/crazyflie//config/aideck_streamer.yaml
-- Symlinking: /home/iiitd/cf_ws/install/crazyflie/share/crazyflie//config/config.rviz
-- Symlinking: /home/iiitd/cf_ws/install/crazyflie/share/crazyflie//config/crazyflies.yaml
-- Symlinking: /home/iiitd/cf_ws/install/crazyflie/share/crazyflie//config/motion_capture.yaml
-- Symlinking: /home/iiitd/cf_ws/install/crazyflie/share/crazyflie//config/server.yaml
-- Symlinking: /home/iiitd/cf_ws/install/crazyflie/share/crazyflie//config/teleop.yaml
-- Symlinking: /home/iiitd/cf_ws/install/crazyflie/share/ament_index/resource_index/package_run_dependencies/crazyflie
-- Symlinking: /home/iiitd/cf_ws/install/crazyflie/share/ament_index/resource_index/parent_prefix_path/crazyflie
-- Symlinking: /home/iiitd/cf_ws/install/crazyflie/share/crazyflie/environment/ament_prefix_path.sh
-- Symlinking: /home/iiitd/cf_ws/install/crazyflie/share/crazyflie/environment/ament_prefix_path.dsv
-- Symlinking: /home/iiitd/cf_ws/install/crazyflie/share/crazyflie/environment/path.sh
-- Symlinking: /home/iiitd/cf_ws/install/crazyflie/share/crazyflie/environment/path.dsv
-- Symlinking: /home/iiitd/cf_ws/install/crazyflie/share/crazyflie/local_setup.bash
-- Symlinking: /home/iiitd/cf_ws/install/crazyflie/share/crazyflie/local_setup.sh
-- Symlinking: /home/iiitd/cf_ws/install/crazyflie/share/crazyflie/local_setup.zsh
-- Symlinking: /home/iiitd/cf_ws/install/crazyflie/share/crazyflie/local_setup.dsv
-- Symlinking: /home/iiitd/cf_ws/install/crazyflie/share/crazyflie/package.dsv
-- Symlinking: /home/iiitd/cf_ws/install/crazyflie/share/ament_index/resource_index/packages/crazyflie
-- Symlinking: /home/iiitd/cf_ws/install/crazyflie/share/crazyflie/cmake/crazyflieConfig.cmake
-- Symlinking: /home/iiitd/cf_ws/install/crazyflie/share/crazyflie/cmake/crazyflieConfig-version.cmake
-- Symlinking: /home/iiitd/cf_ws/install/crazyflie/share/crazyflie/package.xml
