[0.128s] Invoking command in '/home/iiitd/cf_ws/build/crazyflie': AMENT_PREFIX_PATH=/home/iiitd/cf_ws/install/crazyflie_interfaces:/home/iiitd/cf_ws/install/crazyflie_description:${AMENT_PREFIX_PATH} CMAKE_PREFIX_PATH=/home/iiitd/cf_ws/install/crazyflie_interfaces:/home/iiitd/cf_ws/install/crazyflie_description:/opt/ros/humble LD_LIBRARY_PATH=/home/iiitd/cf_ws/install/crazyflie_interfaces/lib:${LD_LIBRARY_PATH} PYTHONPATH=/home/iiitd/cf_ws/install/crazyflie_interfaces/local/lib/python3.10/dist-packages:${PYTHONPATH} /usr/bin/cmake /home/iiitd/cf_ws/src/crazyswarm2/crazyflie -DAMENT_CMAKE_SYMLINK_INSTALL=1 -DCMAKE_INSTALL_PREFIX=/home/iiitd/cf_ws/install/crazyflie
[0.137s] -- Found ament_cmake: 1.3.14 (/opt/ros/humble/share/ament_cmake/cmake)
[0.200s] -- Override CMake install command with custom implementation using symlinks instead of copying resources
[0.202s] -- Found rclcpp: 16.0.19 (/opt/ros/humble/share/rclcpp/cmake)
[0.216s] -- Found rosidl_generator_c: 3.1.9 (/opt/ros/humble/share/rosidl_generator_c/cmake)
[0.217s] -- Found rosidl_adapter: 3.1.9 (/opt/ros/humble/share/rosidl_adapter/cmake)
[0.220s] -- Found rosidl_generator_cpp: 3.1.9 (/opt/ros/humble/share/rosidl_generator_cpp/cmake)
[0.225s] -- Using all available rosidl_typesupport_c: rosidl_typesupport_fastrtps_c;rosidl_typesupport_introspection_c
[0.230s] -- Using all available rosidl_typesupport_cpp: rosidl_typesupport_fastrtps_cpp;rosidl_typesupport_introspection_cpp
[0.246s] -- Found rmw_implementation_cmake: 6.1.2 (/opt/ros/humble/share/rmw_implementation_cmake/cmake)
[0.246s] -- Found rmw_fastrtps_cpp: 6.2.10 (/opt/ros/humble/share/rmw_fastrtps_cpp/cmake)
[0.317s] -- Using RMW implementation 'rmw_fastrtps_cpp' as default
[0.344s] -- Found tf2_ros: 0.25.20 (/opt/ros/humble/share/tf2_ros/cmake)
[0.389s] -- Found rclpy: 3.3.21 (/opt/ros/humble/share/rclpy/cmake)
[0.389s] -- Found std_srvs: 4.9.1 (/opt/ros/humble/share/std_srvs/cmake)
[0.393s] -- Found nav_msgs: 4.9.1 (/opt/ros/humble/share/nav_msgs/cmake)
[0.400s] -- Found sensor_msgs: 4.9.1 (/opt/ros/humble/share/sensor_msgs/cmake)
[0.408s] -- Found crazyflie_interfaces: 1.0.5 (/home/iiitd/cf_ws/install/crazyflie_interfaces/share/crazyflie_interfaces/cmake)
[0.416s] -- Found motion_capture_tracking_interfaces: 1.0.6 (/opt/ros/humble/share/motion_capture_tracking_interfaces/cmake)
[0.424s] -- Found ros_environment: 3.2.2 (/opt/ros/humble/share/ros_environment/cmake)
[0.436s] -- Found Boost: /usr/lib/x86_64-linux-gnu/cmake/Boost-1.74.0/BoostConfig.cmake (found version "1.74.0") found components: program_options 
[0.439s] -- Found libusb: /usr/lib/x86_64-linux-gnu/libusb-1.0.so  
[0.474s] -- Configuring done
[0.491s] -- Generating done
[0.497s] -- Build files have been written to: /home/iiitd/cf_ws/build/crazyflie
[0.503s] Invoked command in '/home/iiitd/cf_ws/build/crazyflie' returned '0': AMENT_PREFIX_PATH=/home/iiitd/cf_ws/install/crazyflie_interfaces:/home/iiitd/cf_ws/install/crazyflie_description:${AMENT_PREFIX_PATH} CMAKE_PREFIX_PATH=/home/iiitd/cf_ws/install/crazyflie_interfaces:/home/iiitd/cf_ws/install/crazyflie_description:/opt/ros/humble LD_LIBRARY_PATH=/home/iiitd/cf_ws/install/crazyflie_interfaces/lib:${LD_LIBRARY_PATH} PYTHONPATH=/home/iiitd/cf_ws/install/crazyflie_interfaces/local/lib/python3.10/dist-packages:${PYTHONPATH} /usr/bin/cmake /home/iiitd/cf_ws/src/crazyswarm2/crazyflie -DAMENT_CMAKE_SYMLINK_INSTALL=1 -DCMAKE_INSTALL_PREFIX=/home/iiitd/cf_ws/install/crazyflie
[0.504s] Invoking command in '/home/iiitd/cf_ws/build/crazyflie': AMENT_PREFIX_PATH=/home/iiitd/cf_ws/install/crazyflie_interfaces:/home/iiitd/cf_ws/install/crazyflie_description:${AMENT_PREFIX_PATH} CMAKE_PREFIX_PATH=/home/iiitd/cf_ws/install/crazyflie_interfaces:/home/iiitd/cf_ws/install/crazyflie_description:/opt/ros/humble LD_LIBRARY_PATH=/home/iiitd/cf_ws/install/crazyflie_interfaces/lib:${LD_LIBRARY_PATH} PYTHONPATH=/home/iiitd/cf_ws/install/crazyflie_interfaces/local/lib/python3.10/dist-packages:${PYTHONPATH} /usr/bin/cmake --build /home/iiitd/cf_ws/build/crazyflie -- -j28 -l28
[0.532s] [  2%] [32mBuilding CXX object deps/crazyflie_tools/crazyflie_cpp/crazyflie-link-cpp/CMakeFiles/crazyflieLinkCpp.dir/src/USBManager.cpp.o[0m
[0.533s] [  5%] [32mBuilding CXX object deps/crazyflie_tools/crazyflie_cpp/crazyflie-link-cpp/CMakeFiles/crazyflieLinkCpp.dir/src/CrazyradioThread.cpp.o[0m
[0.533s] [  7%] [32mBuilding CXX object deps/crazyflie_tools/crazyflie_cpp/crazyflie-link-cpp/CMakeFiles/crazyflieLinkCpp.dir/src/CrazyflieUSB.cpp.o[0m
[0.533s] [ 10%] [32mBuilding CXX object deps/crazyflie_tools/crazyflie_cpp/crazyflie-link-cpp/CMakeFiles/crazyflieLinkCpp.dir/src/USBDevice.cpp.o[0m
[0.534s] [ 12%] [32mBuilding CXX object deps/crazyflie_tools/crazyflie_cpp/crazyflie-link-cpp/CMakeFiles/crazyflieLinkCpp.dir/src/Version.cpp.o[0m
[0.534s] [ 15%] [32mBuilding CXX object CMakeFiles/teleop.dir/src/teleop.cpp.o[0m
[0.534s] [ 17%] [32mBuilding CXX object deps/crazyflie_tools/crazyflie_cpp/crazyflie-link-cpp/CMakeFiles/crazyflieLinkCpp.dir/src/Connection.cpp.o[0m
[0.535s] [ 20%] [32mBuilding CXX object deps/crazyflie_tools/crazyflie_cpp/crazyflie-link-cpp/CMakeFiles/crazyflieLinkCpp.dir/src/Crazyradio.cpp.o[0m
[0.535s] [ 22%] [32mBuilding CXX object deps/crazyflie_tools/crazyflie_cpp/crazyflie-link-cpp/CMakeFiles/crazyflieLinkCpp.dir/src/CrazyflieUSBThread.cpp.o[0m
[2.005s] [ 25%] [32m[1mLinking CXX static library libcrazyflieLinkCpp.a[0m
[2.050s] [ 25%] Built target crazyflieLinkCpp
[2.062s] [ 27%] [32mBuilding CXX object deps/crazyflie_tools/crazyflie_cpp/CMakeFiles/crazyflie_cpp.dir/src/Crazyflie.cpp.o[0m
[2.062s] [ 30%] [32mBuilding CXX object deps/crazyflie_tools/crazyflie_cpp/CMakeFiles/crazyflie_cpp.dir/src/crtp.cpp.o[0m
[3.283s] [ 32%] [32m[1mLinking CXX static library libcrazyflie_cpp.a[0m
[3.322s] [ 32%] Built target crazyflie_cpp
[3.334s] [ 37%] [32mBuilding CXX object deps/crazyflie_tools/CMakeFiles/listMemories.dir/src/listMemories.cpp.o[0m
[3.334s] [ 37%] [32mBuilding CXX object deps/crazyflie_tools/CMakeFiles/comCheck.dir/src/comCheck.cpp.o[0m
[3.334s] [ 40%] [32mBuilding CXX object deps/crazyflie_tools/CMakeFiles/console.dir/src/console.cpp.o[0m
[3.336s] [ 45%] [32mBuilding CXX object deps/crazyflie_tools/CMakeFiles/listLogVariables.dir/src/listLogVariables.cpp.o[0m
[3.336s] [ 45%] [32mBuilding CXX object deps/crazyflie_tools/CMakeFiles/reboot.dir/src/reboot.cpp.o[0m
[3.336s] [ 47%] [32mBuilding CXX object deps/crazyflie_tools/CMakeFiles/version.dir/src/version.cpp.o[0m
[3.336s] [ 55%] [32mBuilding CXX object deps/crazyflie_tools/CMakeFiles/downloadUSDLogfile.dir/src/downloadUSDLogfile.cpp.o[0m
[3.336s] [ 55%] [32mBuilding CXX object deps/crazyflie_tools/CMakeFiles/log.dir/src/log.cpp.o[0m
[3.336s] [ 55%] [32mBuilding CXX object deps/crazyflie_tools/CMakeFiles/scan.dir/src/scan.cpp.o[0m
[3.337s] [ 57%] [32mBuilding CXX object deps/crazyflie_tools/CMakeFiles/setParam.dir/src/setParam.cpp.o[0m
[3.338s] [ 62%] [32mBuilding CXX object deps/crazyflie_tools/CMakeFiles/battery.dir/src/battery.cpp.o[0m
[3.338s] [ 62%] [32mBuilding CXX object deps/crazyflie_tools/CMakeFiles/listParams.dir/src/listParams.cpp.o[0m
[3.338s] [ 65%] [32mBuilding CXX object CMakeFiles/crazyflie_server.dir/src/crazyflie_server.cpp.o[0m
[4.280s] [ 67%] [32m[1mLinking CXX executable version[0m
[4.315s] [ 70%] [32m[1mLinking CXX executable console[0m
[4.390s] [ 72%] [32m[1mLinking CXX executable comCheck[0m
[4.416s] [ 75%] [32m[1mLinking CXX executable reboot[0m
[4.444s] [ 77%] [32m[1mLinking CXX executable listMemories[0m
[4.466s] [ 77%] Built target console
[4.474s] [ 77%] Built target version
[4.518s] [ 80%] [32m[1mLinking CXX executable setParam[0m
[4.530s] [ 82%] [32m[1mLinking CXX executable battery[0m
[4.537s] [ 82%] Built target comCheck
[4.546s] [ 85%] [32m[1mLinking CXX executable log[0m
[4.563s] [ 85%] Built target reboot
[4.596s] [ 85%] Built target listMemories
[4.633s] [ 87%] [32m[1mLinking CXX executable scan[0m
[4.674s] [ 87%] Built target battery
[4.681s] [ 87%] Built target setParam
[4.688s] [ 87%] Built target log
[4.723s] [ 90%] [32m[1mLinking CXX executable downloadUSDLogfile[0m
[4.757s] [ 92%] [32m[1mLinking CXX executable listLogVariables[0m
[4.761s] [ 92%] Built target scan
[4.765s] [ 95%] [32m[1mLinking CXX executable listParams[0m
[4.846s] [ 95%] Built target downloadUSDLogfile
[4.885s] [ 95%] Built target listLogVariables
[4.885s] [ 95%] Built target listParams
[8.217s] [ 97%] [32m[1mLinking CXX executable teleop[0m
[8.603s] [ 97%] Built target teleop
[20.637s] [100%] [32m[1mLinking CXX executable crazyflie_server[0m
[21.877s] [100%] Built target crazyflie_server
[21.885s] Invoked command in '/home/iiitd/cf_ws/build/crazyflie' returned '0': AMENT_PREFIX_PATH=/home/iiitd/cf_ws/install/crazyflie_interfaces:/home/iiitd/cf_ws/install/crazyflie_description:${AMENT_PREFIX_PATH} CMAKE_PREFIX_PATH=/home/iiitd/cf_ws/install/crazyflie_interfaces:/home/iiitd/cf_ws/install/crazyflie_description:/opt/ros/humble LD_LIBRARY_PATH=/home/iiitd/cf_ws/install/crazyflie_interfaces/lib:${LD_LIBRARY_PATH} PYTHONPATH=/home/iiitd/cf_ws/install/crazyflie_interfaces/local/lib/python3.10/dist-packages:${PYTHONPATH} /usr/bin/cmake --build /home/iiitd/cf_ws/build/crazyflie -- -j28 -l28
[21.885s] Invoking command in '/home/iiitd/cf_ws/build/crazyflie': AMENT_PREFIX_PATH=/home/iiitd/cf_ws/install/crazyflie_interfaces:/home/iiitd/cf_ws/install/crazyflie_description:${AMENT_PREFIX_PATH} CMAKE_PREFIX_PATH=/home/iiitd/cf_ws/install/crazyflie_interfaces:/home/iiitd/cf_ws/install/crazyflie_description:/opt/ros/humble LD_LIBRARY_PATH=/home/iiitd/cf_ws/install/crazyflie_interfaces/lib:${LD_LIBRARY_PATH} PYTHONPATH=/home/iiitd/cf_ws/install/crazyflie_interfaces/local/lib/python3.10/dist-packages:${PYTHONPATH} /usr/bin/cmake --install /home/iiitd/cf_ws/build/crazyflie
[21.889s] -- Install configuration: ""
[21.890s] -- Execute custom install script
[21.890s] -- Symlinking: /home/iiitd/cf_ws/install/crazyflie/lib/crazyflie/comCheck
[21.894s] -- Symlinking: /home/iiitd/cf_ws/install/crazyflie/lib/crazyflie/scan
[21.899s] -- Symlinking: /home/iiitd/cf_ws/install/crazyflie/lib/crazyflie/listParams
[21.904s] -- Symlinking: /home/iiitd/cf_ws/install/crazyflie/lib/crazyflie/listLogVariables
[21.909s] -- Symlinking: /home/iiitd/cf_ws/install/crazyflie/lib/crazyflie/listMemories
[21.914s] -- Symlinking: /home/iiitd/cf_ws/install/crazyflie/lib/crazyflie/reboot
[21.918s] -- Symlinking: /home/iiitd/cf_ws/install/crazyflie/lib/crazyflie/battery
[21.921s] -- Symlinking: /home/iiitd/cf_ws/install/crazyflie/lib/crazyflie/version
[21.927s] -- Symlinking: /home/iiitd/cf_ws/install/crazyflie/lib/crazyflie/console
[21.932s] -- Symlinking: /home/iiitd/cf_ws/install/crazyflie/lib/crazyflie/log
[21.936s] -- Symlinking: /home/iiitd/cf_ws/install/crazyflie/lib/crazyflie/setParam
[21.941s] -- Symlinking: /home/iiitd/cf_ws/install/crazyflie/lib/crazyflie/downloadUSDLogfile
[21.945s] -- Symlinking: /home/iiitd/cf_ws/install/crazyflie/lib/crazyflie/teleop
[21.949s] -- Symlinking: /home/iiitd/cf_ws/install/crazyflie/lib/crazyflie/crazyflie_server
[21.955s] -- Symlinking: /home/iiitd/cf_ws/install/crazyflie/lib/crazyflie/chooser.py
[21.959s] -- Symlinking: /home/iiitd/cf_ws/install/crazyflie/lib/crazyflie/cfmult.py
[21.964s] -- Symlinking: /home/iiitd/cf_ws/install/crazyflie/lib/crazyflie/aideck_streamer.py
[21.969s] -- Symlinking: /home/iiitd/cf_ws/install/crazyflie/lib/crazyflie/flash.py
[21.973s] -- Symlinking: /home/iiitd/cf_ws/install/crazyflie/share/crazyflie//launch/launch.py
[21.977s] -- Symlinking: /home/iiitd/cf_ws/install/crazyflie/share/crazyflie//launch/launch_teleop2.py
[21.982s] -- Symlinking: /home/iiitd/cf_ws/install/crazyflie/share/crazyflie//launch/teleop_launch.py
[21.986s] -- Symlinking: /home/iiitd/cf_ws/install/crazyflie/share/crazyflie//config/aideck_streamer.yaml
[21.991s] -- Symlinking: /home/iiitd/cf_ws/install/crazyflie/share/crazyflie//config/config.rviz
[21.996s] -- Symlinking: /home/iiitd/cf_ws/install/crazyflie/share/crazyflie//config/crazyflies.yaml
[21.999s] -- Symlinking: /home/iiitd/cf_ws/install/crazyflie/share/crazyflie//config/motion_capture.yaml
[22.003s] -- Symlinking: /home/iiitd/cf_ws/install/crazyflie/share/crazyflie//config/server.yaml
[22.008s] -- Symlinking: /home/iiitd/cf_ws/install/crazyflie/share/crazyflie//config/teleop.yaml
[22.012s] -- Symlinking: /home/iiitd/cf_ws/install/crazyflie/share/ament_index/resource_index/package_run_dependencies/crazyflie
[22.017s] -- Symlinking: /home/iiitd/cf_ws/install/crazyflie/share/ament_index/resource_index/parent_prefix_path/crazyflie
[22.023s] -- Symlinking: /home/iiitd/cf_ws/install/crazyflie/share/crazyflie/environment/ament_prefix_path.sh
[22.027s] -- Symlinking: /home/iiitd/cf_ws/install/crazyflie/share/crazyflie/environment/ament_prefix_path.dsv
[22.031s] -- Symlinking: /home/iiitd/cf_ws/install/crazyflie/share/crazyflie/environment/path.sh
[22.036s] -- Symlinking: /home/iiitd/cf_ws/install/crazyflie/share/crazyflie/environment/path.dsv
[22.041s] -- Symlinking: /home/iiitd/cf_ws/install/crazyflie/share/crazyflie/local_setup.bash
[22.044s] -- Symlinking: /home/iiitd/cf_ws/install/crazyflie/share/crazyflie/local_setup.sh
[22.049s] -- Symlinking: /home/iiitd/cf_ws/install/crazyflie/share/crazyflie/local_setup.zsh
[22.053s] -- Symlinking: /home/iiitd/cf_ws/install/crazyflie/share/crazyflie/local_setup.dsv
[22.057s] -- Symlinking: /home/iiitd/cf_ws/install/crazyflie/share/crazyflie/package.dsv
[22.061s] -- Symlinking: /home/iiitd/cf_ws/install/crazyflie/share/ament_index/resource_index/packages/crazyflie
[22.066s] -- Symlinking: /home/iiitd/cf_ws/install/crazyflie/share/crazyflie/cmake/crazyflieConfig.cmake
[22.070s] -- Symlinking: /home/iiitd/cf_ws/install/crazyflie/share/crazyflie/cmake/crazyflieConfig-version.cmake
[22.074s] -- Symlinking: /home/iiitd/cf_ws/install/crazyflie/share/crazyflie/package.xml
[22.080s] Invoked command in '/home/iiitd/cf_ws/build/crazyflie' returned '0': AMENT_PREFIX_PATH=/home/iiitd/cf_ws/install/crazyflie_interfaces:/home/iiitd/cf_ws/install/crazyflie_description:${AMENT_PREFIX_PATH} CMAKE_PREFIX_PATH=/home/iiitd/cf_ws/install/crazyflie_interfaces:/home/iiitd/cf_ws/install/crazyflie_description:/opt/ros/humble LD_LIBRARY_PATH=/home/iiitd/cf_ws/install/crazyflie_interfaces/lib:${LD_LIBRARY_PATH} PYTHONPATH=/home/iiitd/cf_ws/install/crazyflie_interfaces/local/lib/python3.10/dist-packages:${PYTHONPATH} /usr/bin/cmake --install /home/iiitd/cf_ws/build/crazyflie
