Built target ament_cmake_python_symlink_crazyflie_sim
Built target ament_cmake_python_symlink_crazyflie_sim_setup
running egg_info
creating crazyflie_sim.egg-info
writing crazyflie_sim.egg-info/PKG-INFO
writing dependency_links to crazyflie_sim.egg-info/dependency_links.txt
writing entry points to crazyflie_sim.egg-info/entry_points.txt
writing top-level names to crazyflie_sim.egg-info/top_level.txt
running install_scripts
writing manifest file 'crazyflie_sim.egg-info/SOURCES.txt'
reading manifest file 'crazyflie_sim.egg-info/SOURCES.txt'
writing manifest file 'crazyflie_sim.egg-info/SOURCES.txt'
running egg_info
writing crazyflie_sim.egg-info/PKG-INFO
writing dependency_links to crazyflie_sim.egg-info/dependency_links.txt
writing entry points to crazyflie_sim.egg-info/entry_points.txt
writing top-level names to crazyflie_sim.egg-info/top_level.txt
reading manifest file 'crazyflie_sim.egg-info/SOURCES.txt'
writing manifest file 'crazyflie_sim.egg-info/SOURCES.txt'
Installing crazyflie_server script to scripts
Built target ament_cmake_python_build_crazyflie_sim_egg
Built target ament_cmake_python_build_crazyflie_sim_scripts
-- Install configuration: ""
-- Execute custom install script
-- Symlinking: /home/iiitd/cf_ws/install/crazyflie_sim/share/crazyflie_sim/environment/pythonpath.sh
-- Symlinking: /home/iiitd/cf_ws/install/crazyflie_sim/share/crazyflie_sim/environment/pythonpath.dsv
-- Symlinking: /home/iiitd/cf_ws/install/crazyflie_sim/local/lib/python3.10/dist-packages/crazyflie_sim-1.0.5-py3.10.egg-info/PKG-INFO
-- Symlinking: /home/iiitd/cf_ws/install/crazyflie_sim/local/lib/python3.10/dist-packages/crazyflie_sim-1.0.5-py3.10.egg-info/SOURCES.txt
-- Symlinking: /home/iiitd/cf_ws/install/crazyflie_sim/local/lib/python3.10/dist-packages/crazyflie_sim-1.0.5-py3.10.egg-info/dependency_links.txt
-- Symlinking: /home/iiitd/cf_ws/install/crazyflie_sim/local/lib/python3.10/dist-packages/crazyflie_sim-1.0.5-py3.10.egg-info/entry_points.txt
-- Symlinking: /home/iiitd/cf_ws/install/crazyflie_sim/local/lib/python3.10/dist-packages/crazyflie_sim-1.0.5-py3.10.egg-info/top_level.txt
-- Symlinking: /home/iiitd/cf_ws/install/crazyflie_sim/lib/crazyflie_sim//crazyflie_server
-- Symlinking: /home/iiitd/cf_ws/install/crazyflie_sim/local/lib/python3.10/dist-packages/crazyflie_sim/__init__.py
-- Symlinking: /home/iiitd/cf_ws/install/crazyflie_sim/local/lib/python3.10/dist-packages/crazyflie_sim/backend/data/dynobench/crazyflie2.yaml
-- Symlinking: /home/iiitd/cf_ws/install/crazyflie_sim/local/lib/python3.10/dist-packages/crazyflie_sim/backend/data/neuralswarm2/phi_G.pth
-- Symlinking: /home/iiitd/cf_ws/install/crazyflie_sim/local/lib/python3.10/dist-packages/crazyflie_sim/backend/data/neuralswarm2/phi_L.pth
-- Symlinking: /home/iiitd/cf_ws/install/crazyflie_sim/local/lib/python3.10/dist-packages/crazyflie_sim/backend/data/neuralswarm2/phi_S.pth
-- Symlinking: /home/iiitd/cf_ws/install/crazyflie_sim/local/lib/python3.10/dist-packages/crazyflie_sim/backend/data/neuralswarm2/rho_L.pth
-- Symlinking: /home/iiitd/cf_ws/install/crazyflie_sim/local/lib/python3.10/dist-packages/crazyflie_sim/backend/data/neuralswarm2/rho_S.pth
-- Symlinking: /home/iiitd/cf_ws/install/crazyflie_sim/local/lib/python3.10/dist-packages/crazyflie_sim/backend/data/pinocchio/crazyflie2.urdf
-- Symlinking: /home/iiitd/cf_ws/install/crazyflie_sim/local/lib/python3.10/dist-packages/crazyflie_sim/backend/dynobench.py
-- Symlinking: /home/iiitd/cf_ws/install/crazyflie_sim/local/lib/python3.10/dist-packages/crazyflie_sim/backend/neuralswarm.py
-- Symlinking: /home/iiitd/cf_ws/install/crazyflie_sim/local/lib/python3.10/dist-packages/crazyflie_sim/backend/none.py
-- Symlinking: /home/iiitd/cf_ws/install/crazyflie_sim/local/lib/python3.10/dist-packages/crazyflie_sim/backend/np.py
-- Symlinking: /home/iiitd/cf_ws/install/crazyflie_sim/local/lib/python3.10/dist-packages/crazyflie_sim/backend/pinocchio.py
-- Symlinking: /home/iiitd/cf_ws/install/crazyflie_sim/local/lib/python3.10/dist-packages/crazyflie_sim/crazyflie_server.py
-- Symlinking: /home/iiitd/cf_ws/install/crazyflie_sim/local/lib/python3.10/dist-packages/crazyflie_sim/crazyflie_sil.py
-- Symlinking: /home/iiitd/cf_ws/install/crazyflie_sim/local/lib/python3.10/dist-packages/crazyflie_sim/sim_data_types.py
-- Symlinking: /home/iiitd/cf_ws/install/crazyflie_sim/local/lib/python3.10/dist-packages/crazyflie_sim/visualization/README.md
-- Symlinking: /home/iiitd/cf_ws/install/crazyflie_sim/local/lib/python3.10/dist-packages/crazyflie_sim/visualization/blender.py
-- Symlinking: /home/iiitd/cf_ws/install/crazyflie_sim/local/lib/python3.10/dist-packages/crazyflie_sim/visualization/data/README.md
-- Symlinking: /home/iiitd/cf_ws/install/crazyflie_sim/local/lib/python3.10/dist-packages/crazyflie_sim/visualization/data/env/abandoned_greenhouse.jpg
-- Symlinking: /home/iiitd/cf_ws/install/crazyflie_sim/local/lib/python3.10/dist-packages/crazyflie_sim/visualization/data/env/aerodynamics_workshop.jpg
-- Symlinking: /home/iiitd/cf_ws/install/crazyflie_sim/local/lib/python3.10/dist-packages/crazyflie_sim/visualization/data/env/aviation_museum.jpg
-- Symlinking: /home/iiitd/cf_ws/install/crazyflie_sim/local/lib/python3.10/dist-packages/crazyflie_sim/visualization/data/env/crosswalk.jpg
-- Symlinking: /home/iiitd/cf_ws/install/crazyflie_sim/local/lib/python3.10/dist-packages/crazyflie_sim/visualization/data/env/derelict_overpass.jpg
-- Symlinking: /home/iiitd/cf_ws/install/crazyflie_sim/local/lib/python3.10/dist-packages/crazyflie_sim/visualization/data/env/env.jpg
-- Symlinking: /home/iiitd/cf_ws/install/crazyflie_sim/local/lib/python3.10/dist-packages/crazyflie_sim/visualization/data/env/lago_disola.jpg
-- Symlinking: /home/iiitd/cf_ws/install/crazyflie_sim/local/lib/python3.10/dist-packages/crazyflie_sim/visualization/data/env/lake_pier.jpg
-- Symlinking: /home/iiitd/cf_ws/install/crazyflie_sim/local/lib/python3.10/dist-packages/crazyflie_sim/visualization/data/env/machine_shop.jpg
-- Symlinking: /home/iiitd/cf_ws/install/crazyflie_sim/local/lib/python3.10/dist-packages/crazyflie_sim/visualization/data/env/museumplein.jpg
-- Symlinking: /home/iiitd/cf_ws/install/crazyflie_sim/local/lib/python3.10/dist-packages/crazyflie_sim/visualization/data/env/peppermint_powerplant.jpg
-- Symlinking: /home/iiitd/cf_ws/install/crazyflie_sim/local/lib/python3.10/dist-packages/crazyflie_sim/visualization/data/env/studio_garden.jpg
-- Symlinking: /home/iiitd/cf_ws/install/crazyflie_sim/local/lib/python3.10/dist-packages/crazyflie_sim/visualization/data/model/cf.mtl
-- Symlinking: /home/iiitd/cf_ws/install/crazyflie_sim/local/lib/python3.10/dist-packages/crazyflie_sim/visualization/data/model/cf.obj
-- Symlinking: /home/iiitd/cf_ws/install/crazyflie_sim/local/lib/python3.10/dist-packages/crazyflie_sim/visualization/pdf.py
-- Symlinking: /home/iiitd/cf_ws/install/crazyflie_sim/local/lib/python3.10/dist-packages/crazyflie_sim/visualization/record_states.py
-- Symlinking: /home/iiitd/cf_ws/install/crazyflie_sim/local/lib/python3.10/dist-packages/crazyflie_sim/visualization/rviz.py
-- Symlinking: /home/iiitd/cf_ws/install/crazyflie_sim/share/ament_index/resource_index/package_run_dependencies/crazyflie_sim
-- Symlinking: /home/iiitd/cf_ws/install/crazyflie_sim/share/ament_index/resource_index/parent_prefix_path/crazyflie_sim
-- Symlinking: /home/iiitd/cf_ws/install/crazyflie_sim/share/crazyflie_sim/environment/ament_prefix_path.sh
-- Symlinking: /home/iiitd/cf_ws/install/crazyflie_sim/share/crazyflie_sim/environment/ament_prefix_path.dsv
-- Symlinking: /home/iiitd/cf_ws/install/crazyflie_sim/share/crazyflie_sim/environment/path.sh
-- Symlinking: /home/iiitd/cf_ws/install/crazyflie_sim/share/crazyflie_sim/environment/path.dsv
-- Symlinking: /home/iiitd/cf_ws/install/crazyflie_sim/share/crazyflie_sim/local_setup.bash
-- Symlinking: /home/iiitd/cf_ws/install/crazyflie_sim/share/crazyflie_sim/local_setup.sh
-- Symlinking: /home/iiitd/cf_ws/install/crazyflie_sim/share/crazyflie_sim/local_setup.zsh
-- Symlinking: /home/iiitd/cf_ws/install/crazyflie_sim/share/crazyflie_sim/local_setup.dsv
-- Symlinking: /home/iiitd/cf_ws/install/crazyflie_sim/share/crazyflie_sim/package.dsv
-- Symlinking: /home/iiitd/cf_ws/install/crazyflie_sim/share/ament_index/resource_index/packages/crazyflie_sim
-- Symlinking: /home/iiitd/cf_ws/install/crazyflie_sim/share/crazyflie_sim/cmake/crazyflie_simConfig.cmake
-- Symlinking: /home/iiitd/cf_ws/install/crazyflie_sim/share/crazyflie_sim/cmake/crazyflie_simConfig-version.cmake
-- Symlinking: /home/iiitd/cf_ws/install/crazyflie_sim/share/crazyflie_sim/package.xml
Listing '/home/iiitd/cf_ws/install/crazyflie_sim/local/lib/python3.10/dist-packages/crazyflie_sim'...
Compiling '/home/iiitd/cf_ws/install/crazyflie_sim/local/lib/python3.10/dist-packages/crazyflie_sim/__init__.py'...
Listing '/home/iiitd/cf_ws/install/crazyflie_sim/local/lib/python3.10/dist-packages/crazyflie_sim/backend'...
Listing '/home/iiitd/cf_ws/install/crazyflie_sim/local/lib/python3.10/dist-packages/crazyflie_sim/backend/data'...
Listing '/home/iiitd/cf_ws/install/crazyflie_sim/local/lib/python3.10/dist-packages/crazyflie_sim/backend/data/dynobench'...
Listing '/home/iiitd/cf_ws/install/crazyflie_sim/local/lib/python3.10/dist-packages/crazyflie_sim/backend/data/neuralswarm2'...
Listing '/home/iiitd/cf_ws/install/crazyflie_sim/local/lib/python3.10/dist-packages/crazyflie_sim/backend/data/pinocchio'...
Compiling '/home/iiitd/cf_ws/install/crazyflie_sim/local/lib/python3.10/dist-packages/crazyflie_sim/backend/dynobench.py'...
Compiling '/home/iiitd/cf_ws/install/crazyflie_sim/local/lib/python3.10/dist-packages/crazyflie_sim/backend/neuralswarm.py'...
Compiling '/home/iiitd/cf_ws/install/crazyflie_sim/local/lib/python3.10/dist-packages/crazyflie_sim/backend/none.py'...
Compiling '/home/iiitd/cf_ws/install/crazyflie_sim/local/lib/python3.10/dist-packages/crazyflie_sim/backend/np.py'...
Compiling '/home/iiitd/cf_ws/install/crazyflie_sim/local/lib/python3.10/dist-packages/crazyflie_sim/backend/pinocchio.py'...
Compiling '/home/iiitd/cf_ws/install/crazyflie_sim/local/lib/python3.10/dist-packages/crazyflie_sim/crazyflie_server.py'...
Compiling '/home/iiitd/cf_ws/install/crazyflie_sim/local/lib/python3.10/dist-packages/crazyflie_sim/crazyflie_sil.py'...
Compiling '/home/iiitd/cf_ws/install/crazyflie_sim/local/lib/python3.10/dist-packages/crazyflie_sim/sim_data_types.py'...
Listing '/home/iiitd/cf_ws/install/crazyflie_sim/local/lib/python3.10/dist-packages/crazyflie_sim/visualization'...
Compiling '/home/iiitd/cf_ws/install/crazyflie_sim/local/lib/python3.10/dist-packages/crazyflie_sim/visualization/blender.py'...
Listing '/home/iiitd/cf_ws/install/crazyflie_sim/local/lib/python3.10/dist-packages/crazyflie_sim/visualization/data'...
Listing '/home/iiitd/cf_ws/install/crazyflie_sim/local/lib/python3.10/dist-packages/crazyflie_sim/visualization/data/env'...
Listing '/home/iiitd/cf_ws/install/crazyflie_sim/local/lib/python3.10/dist-packages/crazyflie_sim/visualization/data/model'...
Compiling '/home/iiitd/cf_ws/install/crazyflie_sim/local/lib/python3.10/dist-packages/crazyflie_sim/visualization/pdf.py'...
Compiling '/home/iiitd/cf_ws/install/crazyflie_sim/local/lib/python3.10/dist-packages/crazyflie_sim/visualization/record_states.py'...
Compiling '/home/iiitd/cf_ws/install/crazyflie_sim/local/lib/python3.10/dist-packages/crazyflie_sim/visualization/rviz.py'...
