[0.248s] Invoking command in '/home/iiitd/cf_ws/build/crazyflie_sim': AMENT_PREFIX_PATH=/home/iiitd/cf_ws/install/crazyflie_interfaces:${AMENT_PREFIX_PATH} CMAKE_PREFIX_PATH=/home/iiitd/cf_ws/install/crazyflie_interfaces:/opt/ros/humble LD_LIBRARY_PATH=/home/iiitd/cf_ws/install/crazyflie_interfaces/lib:${LD_LIBRARY_PATH} PYTHONPATH=/home/iiitd/cf_ws/install/crazyflie_interfaces/local/lib/python3.10/dist-packages:${PYTHONPATH} /usr/bin/cmake --build /home/iiitd/cf_ws/build/crazyflie_sim -- -j28 -l28
[0.283s] Built target ament_cmake_python_symlink_crazyflie_sim
[0.283s] Built target ament_cmake_python_symlink_crazyflie_sim_setup
[0.404s] running egg_info
[0.404s] creating crazyflie_sim.egg-info
[0.404s] writing crazyflie_sim.egg-info/PKG-INFO
[0.405s] writing dependency_links to crazyflie_sim.egg-info/dependency_links.txt
[0.405s] writing entry points to crazyflie_sim.egg-info/entry_points.txt
[0.405s] writing top-level names to crazyflie_sim.egg-info/top_level.txt
[0.405s] running install_scripts
[0.405s] writing manifest file 'crazyflie_sim.egg-info/SOURCES.txt'
[0.406s] reading manifest file 'crazyflie_sim.egg-info/SOURCES.txt'
[0.406s] writing manifest file 'crazyflie_sim.egg-info/SOURCES.txt'
[0.406s] /usr/lib/python3/dist-packages/setuptools/command/install.py:34: SetuptoolsDeprecationWarning: setup.py install is deprecated. Use build and pip and other standards-based tools.
[0.406s]   warnings.warn(
[0.417s] running egg_info
[0.418s] writing crazyflie_sim.egg-info/PKG-INFO
[0.418s] writing dependency_links to crazyflie_sim.egg-info/dependency_links.txt
[0.418s] writing entry points to crazyflie_sim.egg-info/entry_points.txt
[0.418s] writing top-level names to crazyflie_sim.egg-info/top_level.txt
[0.419s] reading manifest file 'crazyflie_sim.egg-info/SOURCES.txt'
[0.419s] writing manifest file 'crazyflie_sim.egg-info/SOURCES.txt'
[0.420s] Installing crazyflie_server script to scripts
[0.422s] Built target ament_cmake_python_build_crazyflie_sim_egg
[0.438s] Built target ament_cmake_python_build_crazyflie_sim_scripts
[0.446s] Invoked command in '/home/iiitd/cf_ws/build/crazyflie_sim' returned '0': AMENT_PREFIX_PATH=/home/iiitd/cf_ws/install/crazyflie_interfaces:${AMENT_PREFIX_PATH} CMAKE_PREFIX_PATH=/home/iiitd/cf_ws/install/crazyflie_interfaces:/opt/ros/humble LD_LIBRARY_PATH=/home/iiitd/cf_ws/install/crazyflie_interfaces/lib:${LD_LIBRARY_PATH} PYTHONPATH=/home/iiitd/cf_ws/install/crazyflie_interfaces/local/lib/python3.10/dist-packages:${PYTHONPATH} /usr/bin/cmake --build /home/iiitd/cf_ws/build/crazyflie_sim -- -j28 -l28
[0.447s] Invoking command in '/home/iiitd/cf_ws/build/crazyflie_sim': AMENT_PREFIX_PATH=/home/iiitd/cf_ws/install/crazyflie_interfaces:${AMENT_PREFIX_PATH} CMAKE_PREFIX_PATH=/home/iiitd/cf_ws/install/crazyflie_interfaces:/opt/ros/humble LD_LIBRARY_PATH=/home/iiitd/cf_ws/install/crazyflie_interfaces/lib:${LD_LIBRARY_PATH} PYTHONPATH=/home/iiitd/cf_ws/install/crazyflie_interfaces/local/lib/python3.10/dist-packages:${PYTHONPATH} /usr/bin/cmake --install /home/iiitd/cf_ws/build/crazyflie_sim
[0.451s] -- Install configuration: ""
[0.452s] -- Execute custom install script
[0.452s] -- Symlinking: /home/iiitd/cf_ws/install/crazyflie_sim/share/crazyflie_sim/environment/pythonpath.sh
[0.458s] -- Symlinking: /home/iiitd/cf_ws/install/crazyflie_sim/share/crazyflie_sim/environment/pythonpath.dsv
[0.463s] -- Symlinking: /home/iiitd/cf_ws/install/crazyflie_sim/local/lib/python3.10/dist-packages/crazyflie_sim-1.0.5-py3.10.egg-info/PKG-INFO
[0.469s] -- Symlinking: /home/iiitd/cf_ws/install/crazyflie_sim/local/lib/python3.10/dist-packages/crazyflie_sim-1.0.5-py3.10.egg-info/SOURCES.txt
[0.475s] -- Symlinking: /home/iiitd/cf_ws/install/crazyflie_sim/local/lib/python3.10/dist-packages/crazyflie_sim-1.0.5-py3.10.egg-info/dependency_links.txt
[0.480s] -- Symlinking: /home/iiitd/cf_ws/install/crazyflie_sim/local/lib/python3.10/dist-packages/crazyflie_sim-1.0.5-py3.10.egg-info/entry_points.txt
[0.485s] -- Symlinking: /home/iiitd/cf_ws/install/crazyflie_sim/local/lib/python3.10/dist-packages/crazyflie_sim-1.0.5-py3.10.egg-info/top_level.txt
[0.491s] -- Symlinking: /home/iiitd/cf_ws/install/crazyflie_sim/lib/crazyflie_sim//crazyflie_server
[0.497s] -- Symlinking: /home/iiitd/cf_ws/install/crazyflie_sim/local/lib/python3.10/dist-packages/crazyflie_sim/__init__.py
[0.502s] -- Symlinking: /home/iiitd/cf_ws/install/crazyflie_sim/local/lib/python3.10/dist-packages/crazyflie_sim/backend/data/dynobench/crazyflie2.yaml
[0.507s] -- Symlinking: /home/iiitd/cf_ws/install/crazyflie_sim/local/lib/python3.10/dist-packages/crazyflie_sim/backend/data/neuralswarm2/phi_G.pth
[0.512s] -- Symlinking: /home/iiitd/cf_ws/install/crazyflie_sim/local/lib/python3.10/dist-packages/crazyflie_sim/backend/data/neuralswarm2/phi_L.pth
[0.517s] -- Symlinking: /home/iiitd/cf_ws/install/crazyflie_sim/local/lib/python3.10/dist-packages/crazyflie_sim/backend/data/neuralswarm2/phi_S.pth
[0.523s] -- Symlinking: /home/iiitd/cf_ws/install/crazyflie_sim/local/lib/python3.10/dist-packages/crazyflie_sim/backend/data/neuralswarm2/rho_L.pth
[0.529s] -- Symlinking: /home/iiitd/cf_ws/install/crazyflie_sim/local/lib/python3.10/dist-packages/crazyflie_sim/backend/data/neuralswarm2/rho_S.pth
[0.536s] -- Symlinking: /home/iiitd/cf_ws/install/crazyflie_sim/local/lib/python3.10/dist-packages/crazyflie_sim/backend/data/pinocchio/crazyflie2.urdf
[0.544s] -- Symlinking: /home/iiitd/cf_ws/install/crazyflie_sim/local/lib/python3.10/dist-packages/crazyflie_sim/backend/dynobench.py
[0.552s] -- Symlinking: /home/iiitd/cf_ws/install/crazyflie_sim/local/lib/python3.10/dist-packages/crazyflie_sim/backend/neuralswarm.py
[0.559s] -- Symlinking: /home/iiitd/cf_ws/install/crazyflie_sim/local/lib/python3.10/dist-packages/crazyflie_sim/backend/none.py
[0.566s] -- Symlinking: /home/iiitd/cf_ws/install/crazyflie_sim/local/lib/python3.10/dist-packages/crazyflie_sim/backend/np.py
[0.574s] -- Symlinking: /home/iiitd/cf_ws/install/crazyflie_sim/local/lib/python3.10/dist-packages/crazyflie_sim/backend/pinocchio.py
[0.582s] -- Symlinking: /home/iiitd/cf_ws/install/crazyflie_sim/local/lib/python3.10/dist-packages/crazyflie_sim/crazyflie_server.py
[0.589s] -- Symlinking: /home/iiitd/cf_ws/install/crazyflie_sim/local/lib/python3.10/dist-packages/crazyflie_sim/crazyflie_sil.py
[0.596s] -- Symlinking: /home/iiitd/cf_ws/install/crazyflie_sim/local/lib/python3.10/dist-packages/crazyflie_sim/sim_data_types.py
[0.604s] -- Symlinking: /home/iiitd/cf_ws/install/crazyflie_sim/local/lib/python3.10/dist-packages/crazyflie_sim/visualization/README.md
[0.611s] -- Symlinking: /home/iiitd/cf_ws/install/crazyflie_sim/local/lib/python3.10/dist-packages/crazyflie_sim/visualization/blender.py
[0.618s] -- Symlinking: /home/iiitd/cf_ws/install/crazyflie_sim/local/lib/python3.10/dist-packages/crazyflie_sim/visualization/data/README.md
[0.625s] -- Symlinking: /home/iiitd/cf_ws/install/crazyflie_sim/local/lib/python3.10/dist-packages/crazyflie_sim/visualization/data/env/abandoned_greenhouse.jpg
[0.632s] -- Symlinking: /home/iiitd/cf_ws/install/crazyflie_sim/local/lib/python3.10/dist-packages/crazyflie_sim/visualization/data/env/aerodynamics_workshop.jpg
[0.639s] -- Symlinking: /home/iiitd/cf_ws/install/crazyflie_sim/local/lib/python3.10/dist-packages/crazyflie_sim/visualization/data/env/aviation_museum.jpg
[0.645s] -- Symlinking: /home/iiitd/cf_ws/install/crazyflie_sim/local/lib/python3.10/dist-packages/crazyflie_sim/visualization/data/env/crosswalk.jpg
[0.653s] -- Symlinking: /home/iiitd/cf_ws/install/crazyflie_sim/local/lib/python3.10/dist-packages/crazyflie_sim/visualization/data/env/derelict_overpass.jpg
[0.661s] -- Symlinking: /home/iiitd/cf_ws/install/crazyflie_sim/local/lib/python3.10/dist-packages/crazyflie_sim/visualization/data/env/env.jpg
[0.667s] -- Symlinking: /home/iiitd/cf_ws/install/crazyflie_sim/local/lib/python3.10/dist-packages/crazyflie_sim/visualization/data/env/lago_disola.jpg
[0.673s] -- Symlinking: /home/iiitd/cf_ws/install/crazyflie_sim/local/lib/python3.10/dist-packages/crazyflie_sim/visualization/data/env/lake_pier.jpg
[0.679s] -- Symlinking: /home/iiitd/cf_ws/install/crazyflie_sim/local/lib/python3.10/dist-packages/crazyflie_sim/visualization/data/env/machine_shop.jpg
[0.685s] -- Symlinking: /home/iiitd/cf_ws/install/crazyflie_sim/local/lib/python3.10/dist-packages/crazyflie_sim/visualization/data/env/museumplein.jpg
[0.692s] -- Symlinking: /home/iiitd/cf_ws/install/crazyflie_sim/local/lib/python3.10/dist-packages/crazyflie_sim/visualization/data/env/peppermint_powerplant.jpg
[0.697s] -- Symlinking: /home/iiitd/cf_ws/install/crazyflie_sim/local/lib/python3.10/dist-packages/crazyflie_sim/visualization/data/env/studio_garden.jpg
[0.702s] -- Symlinking: /home/iiitd/cf_ws/install/crazyflie_sim/local/lib/python3.10/dist-packages/crazyflie_sim/visualization/data/model/cf.mtl
[0.708s] -- Symlinking: /home/iiitd/cf_ws/install/crazyflie_sim/local/lib/python3.10/dist-packages/crazyflie_sim/visualization/data/model/cf.obj
[0.713s] -- Symlinking: /home/iiitd/cf_ws/install/crazyflie_sim/local/lib/python3.10/dist-packages/crazyflie_sim/visualization/pdf.py
[0.719s] -- Symlinking: /home/iiitd/cf_ws/install/crazyflie_sim/local/lib/python3.10/dist-packages/crazyflie_sim/visualization/record_states.py
[0.725s] -- Symlinking: /home/iiitd/cf_ws/install/crazyflie_sim/local/lib/python3.10/dist-packages/crazyflie_sim/visualization/rviz.py
[0.730s] -- Symlinking: /home/iiitd/cf_ws/install/crazyflie_sim/share/ament_index/resource_index/package_run_dependencies/crazyflie_sim
[0.735s] -- Symlinking: /home/iiitd/cf_ws/install/crazyflie_sim/share/ament_index/resource_index/parent_prefix_path/crazyflie_sim
[0.741s] -- Symlinking: /home/iiitd/cf_ws/install/crazyflie_sim/share/crazyflie_sim/environment/ament_prefix_path.sh
[0.748s] -- Symlinking: /home/iiitd/cf_ws/install/crazyflie_sim/share/crazyflie_sim/environment/ament_prefix_path.dsv
[0.753s] -- Symlinking: /home/iiitd/cf_ws/install/crazyflie_sim/share/crazyflie_sim/environment/path.sh
[0.758s] -- Symlinking: /home/iiitd/cf_ws/install/crazyflie_sim/share/crazyflie_sim/environment/path.dsv
[0.764s] -- Symlinking: /home/iiitd/cf_ws/install/crazyflie_sim/share/crazyflie_sim/local_setup.bash
[0.771s] -- Symlinking: /home/iiitd/cf_ws/install/crazyflie_sim/share/crazyflie_sim/local_setup.sh
[0.778s] -- Symlinking: /home/iiitd/cf_ws/install/crazyflie_sim/share/crazyflie_sim/local_setup.zsh
[0.784s] -- Symlinking: /home/iiitd/cf_ws/install/crazyflie_sim/share/crazyflie_sim/local_setup.dsv
[0.791s] -- Symlinking: /home/iiitd/cf_ws/install/crazyflie_sim/share/crazyflie_sim/package.dsv
[0.797s] -- Symlinking: /home/iiitd/cf_ws/install/crazyflie_sim/share/ament_index/resource_index/packages/crazyflie_sim
[0.804s] -- Symlinking: /home/iiitd/cf_ws/install/crazyflie_sim/share/crazyflie_sim/cmake/crazyflie_simConfig.cmake
[0.809s] -- Symlinking: /home/iiitd/cf_ws/install/crazyflie_sim/share/crazyflie_sim/cmake/crazyflie_simConfig-version.cmake
[0.814s] -- Symlinking: /home/iiitd/cf_ws/install/crazyflie_sim/share/crazyflie_sim/package.xml
[0.852s] Listing '/home/iiitd/cf_ws/install/crazyflie_sim/local/lib/python3.10/dist-packages/crazyflie_sim'...
[0.852s] Compiling '/home/iiitd/cf_ws/install/crazyflie_sim/local/lib/python3.10/dist-packages/crazyflie_sim/__init__.py'...
[0.852s] Listing '/home/iiitd/cf_ws/install/crazyflie_sim/local/lib/python3.10/dist-packages/crazyflie_sim/backend'...
[0.852s] Listing '/home/iiitd/cf_ws/install/crazyflie_sim/local/lib/python3.10/dist-packages/crazyflie_sim/backend/data'...
[0.852s] Listing '/home/iiitd/cf_ws/install/crazyflie_sim/local/lib/python3.10/dist-packages/crazyflie_sim/backend/data/dynobench'...
[0.853s] Listing '/home/iiitd/cf_ws/install/crazyflie_sim/local/lib/python3.10/dist-packages/crazyflie_sim/backend/data/neuralswarm2'...
[0.853s] Listing '/home/iiitd/cf_ws/install/crazyflie_sim/local/lib/python3.10/dist-packages/crazyflie_sim/backend/data/pinocchio'...
[0.853s] Compiling '/home/iiitd/cf_ws/install/crazyflie_sim/local/lib/python3.10/dist-packages/crazyflie_sim/backend/dynobench.py'...
[0.853s] Compiling '/home/iiitd/cf_ws/install/crazyflie_sim/local/lib/python3.10/dist-packages/crazyflie_sim/backend/neuralswarm.py'...
[0.853s] Compiling '/home/iiitd/cf_ws/install/crazyflie_sim/local/lib/python3.10/dist-packages/crazyflie_sim/backend/none.py'...
[0.853s] Compiling '/home/iiitd/cf_ws/install/crazyflie_sim/local/lib/python3.10/dist-packages/crazyflie_sim/backend/np.py'...
[0.853s] Compiling '/home/iiitd/cf_ws/install/crazyflie_sim/local/lib/python3.10/dist-packages/crazyflie_sim/backend/pinocchio.py'...
[0.853s] Compiling '/home/iiitd/cf_ws/install/crazyflie_sim/local/lib/python3.10/dist-packages/crazyflie_sim/crazyflie_server.py'...
[0.853s] Compiling '/home/iiitd/cf_ws/install/crazyflie_sim/local/lib/python3.10/dist-packages/crazyflie_sim/crazyflie_sil.py'...
[0.853s] Compiling '/home/iiitd/cf_ws/install/crazyflie_sim/local/lib/python3.10/dist-packages/crazyflie_sim/sim_data_types.py'...
[0.853s] Listing '/home/iiitd/cf_ws/install/crazyflie_sim/local/lib/python3.10/dist-packages/crazyflie_sim/visualization'...
[0.853s] Compiling '/home/iiitd/cf_ws/install/crazyflie_sim/local/lib/python3.10/dist-packages/crazyflie_sim/visualization/blender.py'...
[0.853s] Listing '/home/iiitd/cf_ws/install/crazyflie_sim/local/lib/python3.10/dist-packages/crazyflie_sim/visualization/data'...
[0.853s] Listing '/home/iiitd/cf_ws/install/crazyflie_sim/local/lib/python3.10/dist-packages/crazyflie_sim/visualization/data/env'...
[0.853s] Listing '/home/iiitd/cf_ws/install/crazyflie_sim/local/lib/python3.10/dist-packages/crazyflie_sim/visualization/data/model'...
[0.853s] Compiling '/home/iiitd/cf_ws/install/crazyflie_sim/local/lib/python3.10/dist-packages/crazyflie_sim/visualization/pdf.py'...
[0.853s] Compiling '/home/iiitd/cf_ws/install/crazyflie_sim/local/lib/python3.10/dist-packages/crazyflie_sim/visualization/record_states.py'...
[0.853s] Compiling '/home/iiitd/cf_ws/install/crazyflie_sim/local/lib/python3.10/dist-packages/crazyflie_sim/visualization/rviz.py'...
[0.855s] Invoked command in '/home/iiitd/cf_ws/build/crazyflie_sim' returned '0': AMENT_PREFIX_PATH=/home/iiitd/cf_ws/install/crazyflie_interfaces:${AMENT_PREFIX_PATH} CMAKE_PREFIX_PATH=/home/iiitd/cf_ws/install/crazyflie_interfaces:/opt/ros/humble LD_LIBRARY_PATH=/home/iiitd/cf_ws/install/crazyflie_interfaces/lib:${LD_LIBRARY_PATH} PYTHONPATH=/home/iiitd/cf_ws/install/crazyflie_interfaces/local/lib/python3.10/dist-packages:${PYTHONPATH} /usr/bin/cmake --install /home/iiitd/cf_ws/build/crazyflie_sim
