[0.134s] Invoking command in '/home/iiitd/cf_ws/build/crazyflie': AMENT_PREFIX_PATH=/home/iiitd/cf_ws/install/crazyflie_interfaces:/home/iiitd/cf_ws/install/crazyflie_description:${AMENT_PREFIX_PATH} CMAKE_PREFIX_PATH=/home/iiitd/cf_ws/install/crazyflie_interfaces:/home/iiitd/cf_ws/install/crazyflie_description:/opt/ros/humble LD_LIBRARY_PATH=/home/iiitd/cf_ws/install/crazyflie_interfaces/lib:${LD_LIBRARY_PATH} PYTHONPATH=/home/iiitd/cf_ws/install/crazyflie_interfaces/local/lib/python3.10/dist-packages:${PYTHONPATH} /usr/bin/cmake --build /home/iiitd/cf_ws/build/crazyflie -- -j28 -l28
[0.161s] [35m[1mConsolidate compiler generated dependencies of target teleop[0m
[0.161s] [35m[1mConsolidate compiler generated dependencies of target crazyflieLinkCpp[0m
[0.171s] [  5%] Built target teleop
[0.172s] [ 27%] Built target crazyflieLinkCpp
[0.179s] [35m[1mConsolidate compiler generated dependencies of target crazyflie_cpp[0m
[0.188s] [ 35%] Built target crazyflie_cpp
[0.194s] [35m[1mConsolidate compiler generated dependencies of target crazyflie_server[0m
[0.194s] [35m[1mConsolidate compiler generated dependencies of target battery[0m
[0.195s] [35m[1mConsolidate compiler generated dependencies of target console[0m
[0.195s] [35m[1mConsolidate compiler generated dependencies of target comCheck[0m
[0.195s] [35m[1mConsolidate compiler generated dependencies of target log[0m
[0.195s] [35m[1mConsolidate compiler generated dependencies of target setParam[0m
[0.196s] [35m[1mConsolidate compiler generated dependencies of target scan[0m
[0.196s] [35m[1mConsolidate compiler generated dependencies of target listParams[0m
[0.196s] [35m[1mConsolidate compiler generated dependencies of target listLogVariables[0m
[0.196s] [35m[1mConsolidate compiler generated dependencies of target reboot[0m
[0.196s] [35m[1mConsolidate compiler generated dependencies of target listMemories[0m
[0.196s] [35m[1mConsolidate compiler generated dependencies of target version[0m
[0.198s] [35m[1mConsolidate compiler generated dependencies of target downloadUSDLogfile[0m
[0.204s] [ 50%] Built target log
[0.204s] [ 50%] Built target console
[0.204s] [ 50%] Built target comCheck
[0.204s] [ 55%] Built target setParam
[0.205s] [ 60%] Built target crazyflie_server
[0.205s] [ 65%] Built target battery
[0.206s] [ 70%] Built target listMemories
[0.207s] [ 75%] Built target listParams
[0.207s] [ 80%] Built target scan
[0.207s] [ 85%] Built target listLogVariables
[0.208s] [ 90%] Built target reboot
[0.209s] [ 95%] Built target version
[0.210s] [100%] Built target downloadUSDLogfile
[0.271s] Invoked command in '/home/iiitd/cf_ws/build/crazyflie' returned '0': AMENT_PREFIX_PATH=/home/iiitd/cf_ws/install/crazyflie_interfaces:/home/iiitd/cf_ws/install/crazyflie_description:${AMENT_PREFIX_PATH} CMAKE_PREFIX_PATH=/home/iiitd/cf_ws/install/crazyflie_interfaces:/home/iiitd/cf_ws/install/crazyflie_description:/opt/ros/humble LD_LIBRARY_PATH=/home/iiitd/cf_ws/install/crazyflie_interfaces/lib:${LD_LIBRARY_PATH} PYTHONPATH=/home/iiitd/cf_ws/install/crazyflie_interfaces/local/lib/python3.10/dist-packages:${PYTHONPATH} /usr/bin/cmake --build /home/iiitd/cf_ws/build/crazyflie -- -j28 -l28
[0.272s] Invoking command in '/home/iiitd/cf_ws/build/crazyflie': AMENT_PREFIX_PATH=/home/iiitd/cf_ws/install/crazyflie_interfaces:/home/iiitd/cf_ws/install/crazyflie_description:${AMENT_PREFIX_PATH} CMAKE_PREFIX_PATH=/home/iiitd/cf_ws/install/crazyflie_interfaces:/home/iiitd/cf_ws/install/crazyflie_description:/opt/ros/humble LD_LIBRARY_PATH=/home/iiitd/cf_ws/install/crazyflie_interfaces/lib:${LD_LIBRARY_PATH} PYTHONPATH=/home/iiitd/cf_ws/install/crazyflie_interfaces/local/lib/python3.10/dist-packages:${PYTHONPATH} /usr/bin/cmake --install /home/iiitd/cf_ws/build/crazyflie
[0.277s] -- Install configuration: ""
[0.277s] -- Execute custom install script
[0.277s] -- Up-to-date symlink: /home/iiitd/cf_ws/install/crazyflie/lib/crazyflie/comCheck
[0.277s] -- Up-to-date symlink: /home/iiitd/cf_ws/install/crazyflie/lib/crazyflie/scan
[0.277s] -- Up-to-date symlink: /home/iiitd/cf_ws/install/crazyflie/lib/crazyflie/listParams
[0.278s] -- Up-to-date symlink: /home/iiitd/cf_ws/install/crazyflie/lib/crazyflie/listLogVariables
[0.278s] -- Up-to-date symlink: /home/iiitd/cf_ws/install/crazyflie/lib/crazyflie/listMemories
[0.278s] -- Up-to-date symlink: /home/iiitd/cf_ws/install/crazyflie/lib/crazyflie/reboot
[0.278s] -- Up-to-date symlink: /home/iiitd/cf_ws/install/crazyflie/lib/crazyflie/battery
[0.278s] -- Up-to-date symlink: /home/iiitd/cf_ws/install/crazyflie/lib/crazyflie/version
[0.278s] -- Up-to-date symlink: /home/iiitd/cf_ws/install/crazyflie/lib/crazyflie/console
[0.278s] -- Up-to-date symlink: /home/iiitd/cf_ws/install/crazyflie/lib/crazyflie/log
[0.278s] -- Up-to-date symlink: /home/iiitd/cf_ws/install/crazyflie/lib/crazyflie/setParam
[0.278s] -- Up-to-date symlink: /home/iiitd/cf_ws/install/crazyflie/lib/crazyflie/downloadUSDLogfile
[0.278s] -- Up-to-date symlink: /home/iiitd/cf_ws/install/crazyflie/lib/crazyflie/teleop
[0.279s] -- Up-to-date symlink: /home/iiitd/cf_ws/install/crazyflie/lib/crazyflie/crazyflie_server
[0.279s] -- Up-to-date symlink: /home/iiitd/cf_ws/install/crazyflie/lib/crazyflie/chooser.py
[0.279s] -- Up-to-date symlink: /home/iiitd/cf_ws/install/crazyflie/lib/crazyflie/cfmult.py
[0.279s] -- Up-to-date symlink: /home/iiitd/cf_ws/install/crazyflie/lib/crazyflie/aideck_streamer.py
[0.279s] -- Up-to-date symlink: /home/iiitd/cf_ws/install/crazyflie/lib/crazyflie/flash.py
[0.279s] -- Up-to-date symlink: /home/iiitd/cf_ws/install/crazyflie/share/crazyflie//launch/launch.py
[0.279s] -- Up-to-date symlink: /home/iiitd/cf_ws/install/crazyflie/share/crazyflie//launch/launch_teleop2.py
[0.279s] -- Up-to-date symlink: /home/iiitd/cf_ws/install/crazyflie/share/crazyflie//launch/teleop_launch.py
[0.279s] -- Up-to-date symlink: /home/iiitd/cf_ws/install/crazyflie/share/crazyflie//config/aideck_streamer.yaml
[0.279s] -- Up-to-date symlink: /home/iiitd/cf_ws/install/crazyflie/share/crazyflie//config/config.rviz
[0.280s] -- Up-to-date symlink: /home/iiitd/cf_ws/install/crazyflie/share/crazyflie//config/crazyflies.yaml
[0.280s] -- Up-to-date symlink: /home/iiitd/cf_ws/install/crazyflie/share/crazyflie//config/motion_capture.yaml
[0.280s] -- Up-to-date symlink: /home/iiitd/cf_ws/install/crazyflie/share/crazyflie//config/server.yaml
[0.280s] -- Up-to-date symlink: /home/iiitd/cf_ws/install/crazyflie/share/crazyflie//config/teleop.yaml
[0.280s] -- Up-to-date symlink: /home/iiitd/cf_ws/install/crazyflie/share/ament_index/resource_index/package_run_dependencies/crazyflie
[0.280s] -- Up-to-date symlink: /home/iiitd/cf_ws/install/crazyflie/share/ament_index/resource_index/parent_prefix_path/crazyflie
[0.280s] -- Up-to-date symlink: /home/iiitd/cf_ws/install/crazyflie/share/crazyflie/environment/ament_prefix_path.sh
[0.280s] -- Up-to-date symlink: /home/iiitd/cf_ws/install/crazyflie/share/crazyflie/environment/ament_prefix_path.dsv
[0.280s] -- Up-to-date symlink: /home/iiitd/cf_ws/install/crazyflie/share/crazyflie/environment/path.sh
[0.280s] -- Up-to-date symlink: /home/iiitd/cf_ws/install/crazyflie/share/crazyflie/environment/path.dsv
[0.280s] -- Up-to-date symlink: /home/iiitd/cf_ws/install/crazyflie/share/crazyflie/local_setup.bash
[0.281s] -- Up-to-date symlink: /home/iiitd/cf_ws/install/crazyflie/share/crazyflie/local_setup.sh
[0.281s] -- Up-to-date symlink: /home/iiitd/cf_ws/install/crazyflie/share/crazyflie/local_setup.zsh
[0.281s] -- Up-to-date symlink: /home/iiitd/cf_ws/install/crazyflie/share/crazyflie/local_setup.dsv
[0.281s] -- Symlinking: /home/iiitd/cf_ws/install/crazyflie/share/crazyflie/package.dsv
[0.286s] -- Up-to-date symlink: /home/iiitd/cf_ws/install/crazyflie/share/ament_index/resource_index/packages/crazyflie
[0.286s] -- Up-to-date symlink: /home/iiitd/cf_ws/install/crazyflie/share/crazyflie/cmake/crazyflieConfig.cmake
[0.286s] -- Up-to-date symlink: /home/iiitd/cf_ws/install/crazyflie/share/crazyflie/cmake/crazyflieConfig-version.cmake
[0.286s] -- Up-to-date symlink: /home/iiitd/cf_ws/install/crazyflie/share/crazyflie/package.xml
[0.288s] Invoked command in '/home/iiitd/cf_ws/build/crazyflie' returned '0': AMENT_PREFIX_PATH=/home/iiitd/cf_ws/install/crazyflie_interfaces:/home/iiitd/cf_ws/install/crazyflie_description:${AMENT_PREFIX_PATH} CMAKE_PREFIX_PATH=/home/iiitd/cf_ws/install/crazyflie_interfaces:/home/iiitd/cf_ws/install/crazyflie_description:/opt/ros/humble LD_LIBRARY_PATH=/home/iiitd/cf_ws/install/crazyflie_interfaces/lib:${LD_LIBRARY_PATH} PYTHONPATH=/home/iiitd/cf_ws/install/crazyflie_interfaces/local/lib/python3.10/dist-packages:${PYTHONPATH} /usr/bin/cmake --install /home/iiitd/cf_ws/build/crazyflie
