[0.007s] Invoking command in '/home/iiitd/cf_ws/build/crazyflie_examples': AMENT_PREFIX_PATH=/home/iiitd/cf_ws/install/crazyflie_py:/home/iiitd/cf_ws/install/crazyflie_interfaces:${AMENT_PREFIX_PATH} CMAKE_PREFIX_PATH=/home/iiitd/cf_ws/install/crazyflie_interfaces:/opt/ros/humble LD_LIBRARY_PATH=/home/iiitd/cf_ws/install/crazyflie_interfaces/lib:${LD_LIBRARY_PATH} PYTHONPATH=/home/iiitd/cf_ws/build/crazyflie_py:/home/iiitd/cf_ws/install/crazyflie_py/lib/python3.10/site-packages:/home/iiitd/cf_ws/install/crazyflie_interfaces/local/lib/python3.10/dist-packages:${PYTHONPATH} /usr/bin/cmake --build /home/iiitd/cf_ws/build/crazyflie_examples -- -j28 -l28
[0.047s] Built target ament_cmake_python_symlink_crazyflie_examples
[0.047s] Built target ament_cmake_python_symlink_crazyflie_examples_setup
[0.179s] running egg_info
[0.179s] running install_scripts
[0.179s] creating crazyflie_examples.egg-info
[0.180s] writing crazyflie_examples.egg-info/PKG-INFO
[0.180s] writing dependency_links to crazyflie_examples.egg-info/dependency_links.txt
[0.180s] writing entry points to crazyflie_examples.egg-info/entry_points.txt
[0.180s] writing top-level names to crazyflie_examples.egg-info/top_level.txt
[0.180s] writing manifest file 'crazyflie_examples.egg-info/SOURCES.txt'
[0.181s] /usr/lib/python3/dist-packages/setuptools/command/install.py:34: SetuptoolsDeprecationWarning: setup.py install is deprecated. Use build and pip and other standards-based tools.
[0.181s]   warnings.warn(
[0.181s] reading manifest file 'crazyflie_examples.egg-info/SOURCES.txt'
[0.181s] writing manifest file 'crazyflie_examples.egg-info/SOURCES.txt'
[0.192s] running egg_info
[0.193s] writing crazyflie_examples.egg-info/PKG-INFO
[0.193s] writing dependency_links to crazyflie_examples.egg-info/dependency_links.txt
[0.193s] writing entry points to crazyflie_examples.egg-info/entry_points.txt
[0.193s] writing top-level names to crazyflie_examples.egg-info/top_level.txt
[0.194s] reading manifest file 'crazyflie_examples.egg-info/SOURCES.txt'
[0.194s] writing manifest file 'crazyflie_examples.egg-info/SOURCES.txt'
[0.195s] Installing arming script to scripts
[0.195s] Installing cmd_full_state script to scripts
[0.195s] Installing figure8 script to scripts
[0.195s] Installing goto_unicast script to scripts
[0.195s] Installing group_mask script to scripts
[0.195s] Installing hello_world script to scripts
[0.195s] Installing infinite_flight script to scripts
[0.195s] Installing multi_trajectory script to scripts
[0.195s] Installing nice_hover script to scripts
[0.195s] Installing set_param script to scripts
[0.195s] Installing simple_mapper_multiranger script to scripts
[0.196s] Installing swap script to scripts
[0.196s] Installing vel_mux script to scripts
[0.196s] Built target ament_cmake_python_build_crazyflie_examples_egg
[0.214s] Built target ament_cmake_python_build_crazyflie_examples_scripts
[0.221s] Invoked command in '/home/iiitd/cf_ws/build/crazyflie_examples' returned '0': AMENT_PREFIX_PATH=/home/iiitd/cf_ws/install/crazyflie_py:/home/iiitd/cf_ws/install/crazyflie_interfaces:${AMENT_PREFIX_PATH} CMAKE_PREFIX_PATH=/home/iiitd/cf_ws/install/crazyflie_interfaces:/opt/ros/humble LD_LIBRARY_PATH=/home/iiitd/cf_ws/install/crazyflie_interfaces/lib:${LD_LIBRARY_PATH} PYTHONPATH=/home/iiitd/cf_ws/build/crazyflie_py:/home/iiitd/cf_ws/install/crazyflie_py/lib/python3.10/site-packages:/home/iiitd/cf_ws/install/crazyflie_interfaces/local/lib/python3.10/dist-packages:${PYTHONPATH} /usr/bin/cmake --build /home/iiitd/cf_ws/build/crazyflie_examples -- -j28 -l28
[0.222s] Invoking command in '/home/iiitd/cf_ws/build/crazyflie_examples': AMENT_PREFIX_PATH=/home/iiitd/cf_ws/install/crazyflie_py:/home/iiitd/cf_ws/install/crazyflie_interfaces:${AMENT_PREFIX_PATH} CMAKE_PREFIX_PATH=/home/iiitd/cf_ws/install/crazyflie_interfaces:/opt/ros/humble LD_LIBRARY_PATH=/home/iiitd/cf_ws/install/crazyflie_interfaces/lib:${LD_LIBRARY_PATH} PYTHONPATH=/home/iiitd/cf_ws/build/crazyflie_py:/home/iiitd/cf_ws/install/crazyflie_py/lib/python3.10/site-packages:/home/iiitd/cf_ws/install/crazyflie_interfaces/local/lib/python3.10/dist-packages:${PYTHONPATH} /usr/bin/cmake --install /home/iiitd/cf_ws/build/crazyflie_examples
[0.227s] -- Install configuration: ""
[0.227s] -- Execute custom install script
[0.227s] -- Symlinking: /home/iiitd/cf_ws/install/crazyflie_examples/share/crazyflie_examples/environment/pythonpath.sh
[0.234s] -- Symlinking: /home/iiitd/cf_ws/install/crazyflie_examples/share/crazyflie_examples/environment/pythonpath.dsv
[0.240s] -- Symlinking: /home/iiitd/cf_ws/install/crazyflie_examples/local/lib/python3.10/dist-packages/crazyflie_examples-1.0.5-py3.10.egg-info/PKG-INFO
[0.244s] -- Symlinking: /home/iiitd/cf_ws/install/crazyflie_examples/local/lib/python3.10/dist-packages/crazyflie_examples-1.0.5-py3.10.egg-info/SOURCES.txt
[0.249s] -- Symlinking: /home/iiitd/cf_ws/install/crazyflie_examples/local/lib/python3.10/dist-packages/crazyflie_examples-1.0.5-py3.10.egg-info/dependency_links.txt
[0.254s] -- Symlinking: /home/iiitd/cf_ws/install/crazyflie_examples/local/lib/python3.10/dist-packages/crazyflie_examples-1.0.5-py3.10.egg-info/entry_points.txt
[0.259s] -- Symlinking: /home/iiitd/cf_ws/install/crazyflie_examples/local/lib/python3.10/dist-packages/crazyflie_examples-1.0.5-py3.10.egg-info/top_level.txt
[0.265s] -- Symlinking: /home/iiitd/cf_ws/install/crazyflie_examples/lib/crazyflie_examples//arming
[0.270s] -- Symlinking: /home/iiitd/cf_ws/install/crazyflie_examples/lib/crazyflie_examples//cmd_full_state
[0.276s] -- Symlinking: /home/iiitd/cf_ws/install/crazyflie_examples/lib/crazyflie_examples//figure8
[0.281s] -- Symlinking: /home/iiitd/cf_ws/install/crazyflie_examples/lib/crazyflie_examples//goto_unicast
[0.286s] -- Symlinking: /home/iiitd/cf_ws/install/crazyflie_examples/lib/crazyflie_examples//group_mask
[0.291s] -- Symlinking: /home/iiitd/cf_ws/install/crazyflie_examples/lib/crazyflie_examples//hello_world
[0.297s] -- Symlinking: /home/iiitd/cf_ws/install/crazyflie_examples/lib/crazyflie_examples//infinite_flight
[0.303s] -- Symlinking: /home/iiitd/cf_ws/install/crazyflie_examples/lib/crazyflie_examples//multi_trajectory
[0.306s] -- Symlinking: /home/iiitd/cf_ws/install/crazyflie_examples/lib/crazyflie_examples//nice_hover
[0.311s] -- Symlinking: /home/iiitd/cf_ws/install/crazyflie_examples/lib/crazyflie_examples//set_param
[0.317s] -- Symlinking: /home/iiitd/cf_ws/install/crazyflie_examples/lib/crazyflie_examples//simple_mapper_multiranger
[0.322s] -- Symlinking: /home/iiitd/cf_ws/install/crazyflie_examples/lib/crazyflie_examples//swap
[0.327s] -- Symlinking: /home/iiitd/cf_ws/install/crazyflie_examples/lib/crazyflie_examples//vel_mux
[0.332s] -- Symlinking: /home/iiitd/cf_ws/install/crazyflie_examples/local/lib/python3.10/dist-packages/crazyflie_examples/__init__.py
[0.337s] -- Symlinking: /home/iiitd/cf_ws/install/crazyflie_examples/local/lib/python3.10/dist-packages/crazyflie_examples/arming.py
[0.343s] -- Symlinking: /home/iiitd/cf_ws/install/crazyflie_examples/local/lib/python3.10/dist-packages/crazyflie_examples/cmd_full_state.py
[0.348s] -- Symlinking: /home/iiitd/cf_ws/install/crazyflie_examples/local/lib/python3.10/dist-packages/crazyflie_examples/data/figure8.csv
[0.353s] -- Symlinking: /home/iiitd/cf_ws/install/crazyflie_examples/local/lib/python3.10/dist-packages/crazyflie_examples/data/multi_trajectory/traj0.csv
[0.359s] -- Symlinking: /home/iiitd/cf_ws/install/crazyflie_examples/local/lib/python3.10/dist-packages/crazyflie_examples/data/multi_trajectory/traj1.csv
[0.363s] -- Symlinking: /home/iiitd/cf_ws/install/crazyflie_examples/local/lib/python3.10/dist-packages/crazyflie_examples/figure8.py
[0.368s] -- Symlinking: /home/iiitd/cf_ws/install/crazyflie_examples/local/lib/python3.10/dist-packages/crazyflie_examples/goto_unicast.py
[0.374s] -- Symlinking: /home/iiitd/cf_ws/install/crazyflie_examples/local/lib/python3.10/dist-packages/crazyflie_examples/group_mask.py
[0.378s] -- Symlinking: /home/iiitd/cf_ws/install/crazyflie_examples/local/lib/python3.10/dist-packages/crazyflie_examples/hello_world.py
[0.383s] -- Symlinking: /home/iiitd/cf_ws/install/crazyflie_examples/local/lib/python3.10/dist-packages/crazyflie_examples/infinite_flight.py
[0.388s] -- Symlinking: /home/iiitd/cf_ws/install/crazyflie_examples/local/lib/python3.10/dist-packages/crazyflie_examples/multi_trajectory.py
[0.394s] -- Symlinking: /home/iiitd/cf_ws/install/crazyflie_examples/local/lib/python3.10/dist-packages/crazyflie_examples/nice_hover.py
[0.400s] -- Symlinking: /home/iiitd/cf_ws/install/crazyflie_examples/local/lib/python3.10/dist-packages/crazyflie_examples/set_param.py
[0.405s] -- Symlinking: /home/iiitd/cf_ws/install/crazyflie_examples/local/lib/python3.10/dist-packages/crazyflie_examples/simple_mapper_multiranger.py
[0.411s] -- Symlinking: /home/iiitd/cf_ws/install/crazyflie_examples/local/lib/python3.10/dist-packages/crazyflie_examples/swap.py
[0.417s] -- Symlinking: /home/iiitd/cf_ws/install/crazyflie_examples/local/lib/python3.10/dist-packages/crazyflie_examples/vel_mux.py
[0.423s] -- Symlinking: /home/iiitd/cf_ws/install/crazyflie_examples/share/crazyflie_examples//config/nav2_params.yaml
[0.427s] -- Symlinking: /home/iiitd/cf_ws/install/crazyflie_examples/share/crazyflie_examples//config/nav2_view.rviz
[0.433s] -- Symlinking: /home/iiitd/cf_ws/install/crazyflie_examples/share/crazyflie_examples//config/slam_params.yaml
[0.439s] -- Symlinking: /home/iiitd/cf_ws/install/crazyflie_examples/share/crazyflie_examples//data/map.data
[0.444s] -- Symlinking: /home/iiitd/cf_ws/install/crazyflie_examples/share/crazyflie_examples//data/map.pgm
[0.450s] -- Symlinking: /home/iiitd/cf_ws/install/crazyflie_examples/share/crazyflie_examples//data/map.posegraph
[0.454s] -- Symlinking: /home/iiitd/cf_ws/install/crazyflie_examples/share/crazyflie_examples//data/map.yaml
[0.461s] -- Symlinking: /home/iiitd/cf_ws/install/crazyflie_examples/share/crazyflie_examples//launch/keyboard_velmux_launch.py
[0.467s] -- Symlinking: /home/iiitd/cf_ws/install/crazyflie_examples/share/crazyflie_examples//launch/launch.py
[0.472s] -- Symlinking: /home/iiitd/cf_ws/install/crazyflie_examples/share/crazyflie_examples//launch/multiranger_mapping_launch.py
[0.478s] -- Symlinking: /home/iiitd/cf_ws/install/crazyflie_examples/share/crazyflie_examples//launch/multiranger_nav2_launch.py
[0.482s] -- Symlinking: /home/iiitd/cf_ws/install/crazyflie_examples/share/crazyflie_examples//launch/multiranger_simple_mapper_launch.py
[0.487s] -- Symlinking: /home/iiitd/cf_ws/install/crazyflie_examples/share/ament_index/resource_index/package_run_dependencies/crazyflie_examples
[0.493s] -- Symlinking: /home/iiitd/cf_ws/install/crazyflie_examples/share/ament_index/resource_index/parent_prefix_path/crazyflie_examples
[0.497s] -- Symlinking: /home/iiitd/cf_ws/install/crazyflie_examples/share/crazyflie_examples/environment/ament_prefix_path.sh
[0.502s] -- Symlinking: /home/iiitd/cf_ws/install/crazyflie_examples/share/crazyflie_examples/environment/ament_prefix_path.dsv
[0.507s] -- Symlinking: /home/iiitd/cf_ws/install/crazyflie_examples/share/crazyflie_examples/environment/path.sh
[0.511s] -- Symlinking: /home/iiitd/cf_ws/install/crazyflie_examples/share/crazyflie_examples/environment/path.dsv
[0.516s] -- Symlinking: /home/iiitd/cf_ws/install/crazyflie_examples/share/crazyflie_examples/local_setup.bash
[0.522s] -- Symlinking: /home/iiitd/cf_ws/install/crazyflie_examples/share/crazyflie_examples/local_setup.sh
[0.528s] -- Symlinking: /home/iiitd/cf_ws/install/crazyflie_examples/share/crazyflie_examples/local_setup.zsh
[0.533s] -- Symlinking: /home/iiitd/cf_ws/install/crazyflie_examples/share/crazyflie_examples/local_setup.dsv
[0.539s] -- Symlinking: /home/iiitd/cf_ws/install/crazyflie_examples/share/crazyflie_examples/package.dsv
[0.544s] -- Symlinking: /home/iiitd/cf_ws/install/crazyflie_examples/share/ament_index/resource_index/packages/crazyflie_examples
[0.550s] -- Symlinking: /home/iiitd/cf_ws/install/crazyflie_examples/share/crazyflie_examples/cmake/crazyflie_examplesConfig.cmake
[0.554s] -- Symlinking: /home/iiitd/cf_ws/install/crazyflie_examples/share/crazyflie_examples/cmake/crazyflie_examplesConfig-version.cmake
[0.558s] -- Symlinking: /home/iiitd/cf_ws/install/crazyflie_examples/share/crazyflie_examples/package.xml
[0.583s] Listing '/home/iiitd/cf_ws/install/crazyflie_examples/local/lib/python3.10/dist-packages/crazyflie_examples'...
[0.583s] Compiling '/home/iiitd/cf_ws/install/crazyflie_examples/local/lib/python3.10/dist-packages/crazyflie_examples/__init__.py'...
[0.583s] Compiling '/home/iiitd/cf_ws/install/crazyflie_examples/local/lib/python3.10/dist-packages/crazyflie_examples/arming.py'...
[0.583s] Compiling '/home/iiitd/cf_ws/install/crazyflie_examples/local/lib/python3.10/dist-packages/crazyflie_examples/cmd_full_state.py'...
[0.583s] Listing '/home/iiitd/cf_ws/install/crazyflie_examples/local/lib/python3.10/dist-packages/crazyflie_examples/data'...
[0.583s] Listing '/home/iiitd/cf_ws/install/crazyflie_examples/local/lib/python3.10/dist-packages/crazyflie_examples/data/multi_trajectory'...
[0.583s] Compiling '/home/iiitd/cf_ws/install/crazyflie_examples/local/lib/python3.10/dist-packages/crazyflie_examples/figure8.py'...
[0.583s] Compiling '/home/iiitd/cf_ws/install/crazyflie_examples/local/lib/python3.10/dist-packages/crazyflie_examples/goto_unicast.py'...
[0.583s] Compiling '/home/iiitd/cf_ws/install/crazyflie_examples/local/lib/python3.10/dist-packages/crazyflie_examples/group_mask.py'...
[0.583s] Compiling '/home/iiitd/cf_ws/install/crazyflie_examples/local/lib/python3.10/dist-packages/crazyflie_examples/hello_world.py'...
[0.583s] Compiling '/home/iiitd/cf_ws/install/crazyflie_examples/local/lib/python3.10/dist-packages/crazyflie_examples/infinite_flight.py'...
[0.583s] Compiling '/home/iiitd/cf_ws/install/crazyflie_examples/local/lib/python3.10/dist-packages/crazyflie_examples/multi_trajectory.py'...
[0.583s] Compiling '/home/iiitd/cf_ws/install/crazyflie_examples/local/lib/python3.10/dist-packages/crazyflie_examples/nice_hover.py'...
[0.583s] Compiling '/home/iiitd/cf_ws/install/crazyflie_examples/local/lib/python3.10/dist-packages/crazyflie_examples/set_param.py'...
[0.583s] Compiling '/home/iiitd/cf_ws/install/crazyflie_examples/local/lib/python3.10/dist-packages/crazyflie_examples/simple_mapper_multiranger.py'...
[0.583s] Compiling '/home/iiitd/cf_ws/install/crazyflie_examples/local/lib/python3.10/dist-packages/crazyflie_examples/swap.py'...
[0.583s] Compiling '/home/iiitd/cf_ws/install/crazyflie_examples/local/lib/python3.10/dist-packages/crazyflie_examples/vel_mux.py'...
[0.587s] Invoked command in '/home/iiitd/cf_ws/build/crazyflie_examples' returned '0': AMENT_PREFIX_PATH=/home/iiitd/cf_ws/install/crazyflie_py:/home/iiitd/cf_ws/install/crazyflie_interfaces:${AMENT_PREFIX_PATH} CMAKE_PREFIX_PATH=/home/iiitd/cf_ws/install/crazyflie_interfaces:/opt/ros/humble LD_LIBRARY_PATH=/home/iiitd/cf_ws/install/crazyflie_interfaces/lib:${LD_LIBRARY_PATH} PYTHONPATH=/home/iiitd/cf_ws/build/crazyflie_py:/home/iiitd/cf_ws/install/crazyflie_py/lib/python3.10/site-packages:/home/iiitd/cf_ws/install/crazyflie_interfaces/local/lib/python3.10/dist-packages:${PYTHONPATH} /usr/bin/cmake --install /home/iiitd/cf_ws/build/crazyflie_examples
