[0.004s] Invoking command in '/home/iiitd/cf_ws/build/crazyflie_description': CMAKE_PREFIX_PATH=/opt/ros/humble /usr/bin/cmake /home/iiitd/cf_ws/src/crazyswarm2/crazyflie_description -DAMENT_CMAKE_SYMLINK_INSTALL=1 -DCMAKE_INSTALL_PREFIX=/home/iiitd/cf_ws/install/crazyflie_description
[0.072s] -- The C compiler identification is GNU 11.4.0
[0.135s] -- The CXX compiler identification is GNU 11.4.0
[0.142s] -- Detecting C compiler ABI info
[0.182s] -- Detecting C compiler ABI info - done
[0.186s] -- Check for working C compiler: /usr/bin/cc - skipped
[0.186s] -- Detecting C compile features
[0.187s] -- Detecting C compile features - done
[0.189s] -- Detecting CXX compiler ABI info
[0.238s] -- Detecting CXX compiler ABI info - done
[0.244s] -- Check for working CXX compiler: /usr/bin/c++ - skipped
[0.244s] -- Detecting CXX compile features
[0.244s] -- Detecting CXX compile features - done
[0.246s] -- Found ament_cmake: 1.3.14 (/opt/ros/humble/share/ament_cmake/cmake)
[0.339s] -- Found Python3: /usr/bin/python3 (found version "3.10.12") found components: Interpreter 
[0.369s] -- Override CMake install command with custom implementation using symlinks instead of copying resources
[0.418s] -- Configuring done
[0.419s] -- Generating done
[0.420s] -- Build files have been written to: /home/iiitd/cf_ws/build/crazyflie_description
[0.422s] Invoked command in '/home/iiitd/cf_ws/build/crazyflie_description' returned '0': CMAKE_PREFIX_PATH=/opt/ros/humble /usr/bin/cmake /home/iiitd/cf_ws/src/crazyswarm2/crazyflie_description -DAMENT_CMAKE_SYMLINK_INSTALL=1 -DCMAKE_INSTALL_PREFIX=/home/iiitd/cf_ws/install/crazyflie_description
[0.424s] Invoking command in '/home/iiitd/cf_ws/build/crazyflie_description': CMAKE_PREFIX_PATH=/opt/ros/humble /usr/bin/cmake --build /home/iiitd/cf_ws/build/crazyflie_description -- -j28 -l28
[0.445s] Invoked command in '/home/iiitd/cf_ws/build/crazyflie_description' returned '0': CMAKE_PREFIX_PATH=/opt/ros/humble /usr/bin/cmake --build /home/iiitd/cf_ws/build/crazyflie_description -- -j28 -l28
[0.450s] Invoking command in '/home/iiitd/cf_ws/build/crazyflie_description': CMAKE_PREFIX_PATH=/opt/ros/humble /usr/bin/cmake --install /home/iiitd/cf_ws/build/crazyflie_description
[0.453s] -- Install configuration: ""
[0.453s] -- Execute custom install script
[0.453s] -- Symlinking: /home/iiitd/cf_ws/install/crazyflie_description/share/crazyflie_description//urdf/cf2_assembly.stl
[0.458s] -- Symlinking: /home/iiitd/cf_ws/install/crazyflie_description/share/crazyflie_description//urdf/cf2_assembly_with_props.dae
[0.463s] -- Symlinking: /home/iiitd/cf_ws/install/crazyflie_description/share/crazyflie_description//urdf/crazyflie_description.urdf
[0.468s] -- Symlinking: /home/iiitd/cf_ws/install/crazyflie_description/share/ament_index/resource_index/package_run_dependencies/crazyflie_description
[0.473s] -- Symlinking: /home/iiitd/cf_ws/install/crazyflie_description/share/ament_index/resource_index/parent_prefix_path/crazyflie_description
[0.478s] -- Symlinking: /home/iiitd/cf_ws/install/crazyflie_description/share/crazyflie_description/environment/ament_prefix_path.sh
[0.483s] -- Symlinking: /home/iiitd/cf_ws/install/crazyflie_description/share/crazyflie_description/environment/ament_prefix_path.dsv
[0.488s] -- Symlinking: /home/iiitd/cf_ws/install/crazyflie_description/share/crazyflie_description/environment/path.sh
[0.493s] -- Symlinking: /home/iiitd/cf_ws/install/crazyflie_description/share/crazyflie_description/environment/path.dsv
[0.498s] -- Symlinking: /home/iiitd/cf_ws/install/crazyflie_description/share/crazyflie_description/local_setup.bash
[0.503s] -- Symlinking: /home/iiitd/cf_ws/install/crazyflie_description/share/crazyflie_description/local_setup.sh
[0.508s] -- Symlinking: /home/iiitd/cf_ws/install/crazyflie_description/share/crazyflie_description/local_setup.zsh
[0.512s] -- Symlinking: /home/iiitd/cf_ws/install/crazyflie_description/share/crazyflie_description/local_setup.dsv
[0.515s] -- Symlinking: /home/iiitd/cf_ws/install/crazyflie_description/share/crazyflie_description/package.dsv
[0.520s] -- Symlinking: /home/iiitd/cf_ws/install/crazyflie_description/share/ament_index/resource_index/packages/crazyflie_description
[0.526s] -- Symlinking: /home/iiitd/cf_ws/install/crazyflie_description/share/crazyflie_description/cmake/crazyflie_descriptionConfig.cmake
[0.530s] -- Symlinking: /home/iiitd/cf_ws/install/crazyflie_description/share/crazyflie_description/cmake/crazyflie_descriptionConfig-version.cmake
[0.535s] -- Symlinking: /home/iiitd/cf_ws/install/crazyflie_description/share/crazyflie_description/package.xml
[0.541s] Invoked command in '/home/iiitd/cf_ws/build/crazyflie_description' returned '0': CMAKE_PREFIX_PATH=/opt/ros/humble /usr/bin/cmake --install /home/iiitd/cf_ws/build/crazyflie_description
