[0.011s] Invoking command in '/home/iiitd/cf_ws/build/crazyflie_examples': AMENT_PREFIX_PATH=/home/iiitd/cf_ws/install/crazyflie_py:/home/iiitd/cf_ws/install/my_crazyflie:/home/iiitd/cf_ws/install/crazyflie_sim:/home/iiitd/cf_ws/install/crazyflie_server_py:/home/iiitd/cf_ws/install/crazyflie_examples:/home/iiitd/cf_ws/install/crazyflie:/home/iiitd/cf_ws/install/crazyflie_interfaces:/home/iiitd/cf_ws/install/crazyflie_description:/opt/ros/humble CMAKE_PREFIX_PATH=/home/iiitd/cf_ws/install/crazyflie_interfaces:/home/iiitd/cf_ws/install/crazyflie_sim:/home/iiitd/cf_ws/install/crazyflie_examples:/home/iiitd/cf_ws/install/crazyflie:/home/iiitd/cf_ws/install/crazyflie_description:/home/iiitd/cf_ws/install/my_crazyflie:/home/iiitd/cf_ws/install/crazyflie_server_py:/home/iiitd/cf_ws/install/crazyflie_py:/opt/ros/humble PYTHONPATH=/home/iiitd/cf_ws/build/crazyflie_py:/home/iiitd/cf_ws/install/crazyflie_py/lib/python3.10/site-packages:/home/iiitd/cf_ws/build/my_crazyflie:/home/iiitd/cf_ws/install/my_crazyflie/lib/python3.10/site-packages:/home/iiitd/cf_ws/install/crazyflie_sim/local/lib/python3.10/dist-packages:/home/iiitd/cf_ws/build/crazyflie_server_py:/home/iiitd/cf_ws/install/crazyflie_server_py/lib/python3.10/site-packages:/home/iiitd/cf_ws/install/crazyflie_examples/local/lib/python3.10/dist-packages:/home/iiitd/cf_ws/install/crazyflie_interfaces/local/lib/python3.10/dist-packages:/opt/ros/humble/lib/python3.10/site-packages:/opt/ros/humble/local/lib/python3.10/dist-packages /usr/bin/cmake --build /home/iiitd/cf_ws/build/crazyflie_examples -- -j28 -l28
[0.049s] Built target ament_cmake_python_symlink_crazyflie_examples_setup
[0.050s] Built target ament_cmake_python_symlink_crazyflie_examples
[0.180s] running install_scripts
[0.180s] /usr/lib/python3/dist-packages/setuptools/command/install.py:34: SetuptoolsDeprecationWarning: setup.py install is deprecated. Use build and pip and other standards-based tools.
[0.180s]   warnings.warn(
[0.184s] running egg_info
[0.185s] writing crazyflie_examples.egg-info/PKG-INFO
[0.185s] writing dependency_links to crazyflie_examples.egg-info/dependency_links.txt
[0.185s] writing entry points to crazyflie_examples.egg-info/entry_points.txt
[0.185s] writing top-level names to crazyflie_examples.egg-info/top_level.txt
[0.186s] reading manifest file 'crazyflie_examples.egg-info/SOURCES.txt'
[0.186s] writing manifest file 'crazyflie_examples.egg-info/SOURCES.txt'
[0.191s] running egg_info
[0.192s] writing crazyflie_examples.egg-info/PKG-INFO
[0.192s] writing dependency_links to crazyflie_examples.egg-info/dependency_links.txt
[0.192s] writing entry points to crazyflie_examples.egg-info/entry_points.txt
[0.192s] writing top-level names to crazyflie_examples.egg-info/top_level.txt
[0.193s] reading manifest file 'crazyflie_examples.egg-info/SOURCES.txt'
[0.193s] writing manifest file 'crazyflie_examples.egg-info/SOURCES.txt'
[0.194s] Installing arming script to scripts
[0.194s] Installing cmd_full_state script to scripts
[0.194s] Installing figure8 script to scripts
[0.194s] Installing goto_unicast script to scripts
[0.194s] Installing group_mask script to scripts
[0.194s] Installing hello_world script to scripts
[0.194s] Installing infinite_flight script to scripts
[0.194s] Installing multi_trajectory script to scripts
[0.194s] Installing nice_hover script to scripts
[0.194s] Installing set_param script to scripts
[0.194s] Installing simple_mapper_multiranger script to scripts
[0.195s] Installing swap script to scripts
[0.195s] Installing vel_mux script to scripts
[0.202s] Built target ament_cmake_python_build_crazyflie_examples_egg
[0.211s] Built target ament_cmake_python_build_crazyflie_examples_scripts
[0.217s] Invoked command in '/home/iiitd/cf_ws/build/crazyflie_examples' returned '0': AMENT_PREFIX_PATH=/home/iiitd/cf_ws/install/crazyflie_py:/home/iiitd/cf_ws/install/my_crazyflie:/home/iiitd/cf_ws/install/crazyflie_sim:/home/iiitd/cf_ws/install/crazyflie_server_py:/home/iiitd/cf_ws/install/crazyflie_examples:/home/iiitd/cf_ws/install/crazyflie:/home/iiitd/cf_ws/install/crazyflie_interfaces:/home/iiitd/cf_ws/install/crazyflie_description:/opt/ros/humble CMAKE_PREFIX_PATH=/home/iiitd/cf_ws/install/crazyflie_interfaces:/home/iiitd/cf_ws/install/crazyflie_sim:/home/iiitd/cf_ws/install/crazyflie_examples:/home/iiitd/cf_ws/install/crazyflie:/home/iiitd/cf_ws/install/crazyflie_description:/home/iiitd/cf_ws/install/my_crazyflie:/home/iiitd/cf_ws/install/crazyflie_server_py:/home/iiitd/cf_ws/install/crazyflie_py:/opt/ros/humble PYTHONPATH=/home/iiitd/cf_ws/build/crazyflie_py:/home/iiitd/cf_ws/install/crazyflie_py/lib/python3.10/site-packages:/home/iiitd/cf_ws/build/my_crazyflie:/home/iiitd/cf_ws/install/my_crazyflie/lib/python3.10/site-packages:/home/iiitd/cf_ws/install/crazyflie_sim/local/lib/python3.10/dist-packages:/home/iiitd/cf_ws/build/crazyflie_server_py:/home/iiitd/cf_ws/install/crazyflie_server_py/lib/python3.10/site-packages:/home/iiitd/cf_ws/install/crazyflie_examples/local/lib/python3.10/dist-packages:/home/iiitd/cf_ws/install/crazyflie_interfaces/local/lib/python3.10/dist-packages:/opt/ros/humble/lib/python3.10/site-packages:/opt/ros/humble/local/lib/python3.10/dist-packages /usr/bin/cmake --build /home/iiitd/cf_ws/build/crazyflie_examples -- -j28 -l28
[0.218s] Invoking command in '/home/iiitd/cf_ws/build/crazyflie_examples': AMENT_PREFIX_PATH=/home/iiitd/cf_ws/install/crazyflie_py:/home/iiitd/cf_ws/install/my_crazyflie:/home/iiitd/cf_ws/install/crazyflie_sim:/home/iiitd/cf_ws/install/crazyflie_server_py:/home/iiitd/cf_ws/install/crazyflie_examples:/home/iiitd/cf_ws/install/crazyflie:/home/iiitd/cf_ws/install/crazyflie_interfaces:/home/iiitd/cf_ws/install/crazyflie_description:/opt/ros/humble CMAKE_PREFIX_PATH=/home/iiitd/cf_ws/install/crazyflie_interfaces:/home/iiitd/cf_ws/install/crazyflie_sim:/home/iiitd/cf_ws/install/crazyflie_examples:/home/iiitd/cf_ws/install/crazyflie:/home/iiitd/cf_ws/install/crazyflie_description:/home/iiitd/cf_ws/install/my_crazyflie:/home/iiitd/cf_ws/install/crazyflie_server_py:/home/iiitd/cf_ws/install/crazyflie_py:/opt/ros/humble PYTHONPATH=/home/iiitd/cf_ws/build/crazyflie_py:/home/iiitd/cf_ws/install/crazyflie_py/lib/python3.10/site-packages:/home/iiitd/cf_ws/build/my_crazyflie:/home/iiitd/cf_ws/install/my_crazyflie/lib/python3.10/site-packages:/home/iiitd/cf_ws/install/crazyflie_sim/local/lib/python3.10/dist-packages:/home/iiitd/cf_ws/build/crazyflie_server_py:/home/iiitd/cf_ws/install/crazyflie_server_py/lib/python3.10/site-packages:/home/iiitd/cf_ws/install/crazyflie_examples/local/lib/python3.10/dist-packages:/home/iiitd/cf_ws/install/crazyflie_interfaces/local/lib/python3.10/dist-packages:/opt/ros/humble/lib/python3.10/site-packages:/opt/ros/humble/local/lib/python3.10/dist-packages /usr/bin/cmake --install /home/iiitd/cf_ws/build/crazyflie_examples
[0.223s] -- Install configuration: ""
[0.223s] -- Execute custom install script
[0.223s] -- Up-to-date symlink: /home/iiitd/cf_ws/install/crazyflie_examples/share/crazyflie_examples/environment/pythonpath.sh
[0.224s] -- Up-to-date symlink: /home/iiitd/cf_ws/install/crazyflie_examples/share/crazyflie_examples/environment/pythonpath.dsv
[0.224s] -- Up-to-date symlink: /home/iiitd/cf_ws/install/crazyflie_examples/local/lib/python3.10/dist-packages/crazyflie_examples-1.0.5-py3.10.egg-info/PKG-INFO
[0.224s] -- Up-to-date symlink: /home/iiitd/cf_ws/install/crazyflie_examples/local/lib/python3.10/dist-packages/crazyflie_examples-1.0.5-py3.10.egg-info/SOURCES.txt
[0.224s] -- Up-to-date symlink: /home/iiitd/cf_ws/install/crazyflie_examples/local/lib/python3.10/dist-packages/crazyflie_examples-1.0.5-py3.10.egg-info/dependency_links.txt
[0.224s] -- Up-to-date symlink: /home/iiitd/cf_ws/install/crazyflie_examples/local/lib/python3.10/dist-packages/crazyflie_examples-1.0.5-py3.10.egg-info/entry_points.txt
[0.224s] -- Up-to-date symlink: /home/iiitd/cf_ws/install/crazyflie_examples/local/lib/python3.10/dist-packages/crazyflie_examples-1.0.5-py3.10.egg-info/top_level.txt
[0.224s] -- Up-to-date symlink: /home/iiitd/cf_ws/install/crazyflie_examples/lib/crazyflie_examples//arming
[0.224s] -- Up-to-date symlink: /home/iiitd/cf_ws/install/crazyflie_examples/lib/crazyflie_examples//cmd_full_state
[0.225s] -- Up-to-date symlink: /home/iiitd/cf_ws/install/crazyflie_examples/lib/crazyflie_examples//figure8
[0.225s] -- Up-to-date symlink: /home/iiitd/cf_ws/install/crazyflie_examples/lib/crazyflie_examples//goto_unicast
[0.225s] -- Up-to-date symlink: /home/iiitd/cf_ws/install/crazyflie_examples/lib/crazyflie_examples//group_mask
[0.225s] -- Up-to-date symlink: /home/iiitd/cf_ws/install/crazyflie_examples/lib/crazyflie_examples//hello_world
[0.225s] -- Up-to-date symlink: /home/iiitd/cf_ws/install/crazyflie_examples/lib/crazyflie_examples//infinite_flight
[0.225s] -- Up-to-date symlink: /home/iiitd/cf_ws/install/crazyflie_examples/lib/crazyflie_examples//multi_trajectory
[0.225s] -- Up-to-date symlink: /home/iiitd/cf_ws/install/crazyflie_examples/lib/crazyflie_examples//nice_hover
[0.225s] -- Up-to-date symlink: /home/iiitd/cf_ws/install/crazyflie_examples/lib/crazyflie_examples//set_param
[0.225s] -- Up-to-date symlink: /home/iiitd/cf_ws/install/crazyflie_examples/lib/crazyflie_examples//simple_mapper_multiranger
[0.225s] -- Up-to-date symlink: /home/iiitd/cf_ws/install/crazyflie_examples/lib/crazyflie_examples//swap
[0.225s] -- Up-to-date symlink: /home/iiitd/cf_ws/install/crazyflie_examples/lib/crazyflie_examples//vel_mux
[0.225s] -- Up-to-date symlink: /home/iiitd/cf_ws/install/crazyflie_examples/local/lib/python3.10/dist-packages/crazyflie_examples/__init__.py
[0.225s] -- Up-to-date symlink: /home/iiitd/cf_ws/install/crazyflie_examples/local/lib/python3.10/dist-packages/crazyflie_examples/arming.py
[0.225s] -- Up-to-date symlink: /home/iiitd/cf_ws/install/crazyflie_examples/local/lib/python3.10/dist-packages/crazyflie_examples/cmd_full_state.py
[0.225s] -- Up-to-date symlink: /home/iiitd/cf_ws/install/crazyflie_examples/local/lib/python3.10/dist-packages/crazyflie_examples/data/figure8.csv
[0.225s] -- Up-to-date symlink: /home/iiitd/cf_ws/install/crazyflie_examples/local/lib/python3.10/dist-packages/crazyflie_examples/data/multi_trajectory/traj0.csv
[0.225s] -- Up-to-date symlink: /home/iiitd/cf_ws/install/crazyflie_examples/local/lib/python3.10/dist-packages/crazyflie_examples/data/multi_trajectory/traj1.csv
[0.226s] -- Up-to-date symlink: /home/iiitd/cf_ws/install/crazyflie_examples/local/lib/python3.10/dist-packages/crazyflie_examples/figure8.py
[0.226s] -- Up-to-date symlink: /home/iiitd/cf_ws/install/crazyflie_examples/local/lib/python3.10/dist-packages/crazyflie_examples/goto_unicast.py
[0.226s] -- Up-to-date symlink: /home/iiitd/cf_ws/install/crazyflie_examples/local/lib/python3.10/dist-packages/crazyflie_examples/group_mask.py
[0.226s] -- Up-to-date symlink: /home/iiitd/cf_ws/install/crazyflie_examples/local/lib/python3.10/dist-packages/crazyflie_examples/hello_world.py
[0.226s] -- Up-to-date symlink: /home/iiitd/cf_ws/install/crazyflie_examples/local/lib/python3.10/dist-packages/crazyflie_examples/infinite_flight.py
[0.226s] -- Up-to-date symlink: /home/iiitd/cf_ws/install/crazyflie_examples/local/lib/python3.10/dist-packages/crazyflie_examples/multi_trajectory.py
[0.226s] -- Up-to-date symlink: /home/iiitd/cf_ws/install/crazyflie_examples/local/lib/python3.10/dist-packages/crazyflie_examples/nice_hover.py
[0.226s] -- Up-to-date symlink: /home/iiitd/cf_ws/install/crazyflie_examples/local/lib/python3.10/dist-packages/crazyflie_examples/set_param.py
[0.226s] -- Up-to-date symlink: /home/iiitd/cf_ws/install/crazyflie_examples/local/lib/python3.10/dist-packages/crazyflie_examples/simple_mapper_multiranger.py
[0.226s] -- Up-to-date symlink: /home/iiitd/cf_ws/install/crazyflie_examples/local/lib/python3.10/dist-packages/crazyflie_examples/swap.py
[0.226s] -- Up-to-date symlink: /home/iiitd/cf_ws/install/crazyflie_examples/local/lib/python3.10/dist-packages/crazyflie_examples/vel_mux.py
[0.226s] -- Up-to-date symlink: /home/iiitd/cf_ws/install/crazyflie_examples/share/crazyflie_examples//config/nav2_params.yaml
[0.226s] -- Up-to-date symlink: /home/iiitd/cf_ws/install/crazyflie_examples/share/crazyflie_examples//config/nav2_view.rviz
[0.226s] -- Up-to-date symlink: /home/iiitd/cf_ws/install/crazyflie_examples/share/crazyflie_examples//config/slam_params.yaml
[0.226s] -- Up-to-date symlink: /home/iiitd/cf_ws/install/crazyflie_examples/share/crazyflie_examples//data/map.data
[0.226s] -- Up-to-date symlink: /home/iiitd/cf_ws/install/crazyflie_examples/share/crazyflie_examples//data/map.pgm
[0.227s] -- Up-to-date symlink: /home/iiitd/cf_ws/install/crazyflie_examples/share/crazyflie_examples//data/map.posegraph
[0.227s] -- Up-to-date symlink: /home/iiitd/cf_ws/install/crazyflie_examples/share/crazyflie_examples//data/map.yaml
[0.227s] -- Up-to-date symlink: /home/iiitd/cf_ws/install/crazyflie_examples/share/crazyflie_examples//launch/keyboard_velmux_launch.py
[0.227s] -- Up-to-date symlink: /home/iiitd/cf_ws/install/crazyflie_examples/share/crazyflie_examples//launch/launch.py
[0.227s] -- Up-to-date symlink: /home/iiitd/cf_ws/install/crazyflie_examples/share/crazyflie_examples//launch/multiranger_mapping_launch.py
[0.227s] -- Up-to-date symlink: /home/iiitd/cf_ws/install/crazyflie_examples/share/crazyflie_examples//launch/multiranger_nav2_launch.py
[0.227s] -- Up-to-date symlink: /home/iiitd/cf_ws/install/crazyflie_examples/share/crazyflie_examples//launch/multiranger_simple_mapper_launch.py
[0.227s] -- Up-to-date symlink: /home/iiitd/cf_ws/install/crazyflie_examples/share/ament_index/resource_index/package_run_dependencies/crazyflie_examples
[0.227s] -- Up-to-date symlink: /home/iiitd/cf_ws/install/crazyflie_examples/share/ament_index/resource_index/parent_prefix_path/crazyflie_examples
[0.227s] -- Up-to-date symlink: /home/iiitd/cf_ws/install/crazyflie_examples/share/crazyflie_examples/environment/ament_prefix_path.sh
[0.227s] -- Up-to-date symlink: /home/iiitd/cf_ws/install/crazyflie_examples/share/crazyflie_examples/environment/ament_prefix_path.dsv
[0.227s] -- Up-to-date symlink: /home/iiitd/cf_ws/install/crazyflie_examples/share/crazyflie_examples/environment/path.sh
[0.227s] -- Up-to-date symlink: /home/iiitd/cf_ws/install/crazyflie_examples/share/crazyflie_examples/environment/path.dsv
[0.227s] -- Up-to-date symlink: /home/iiitd/cf_ws/install/crazyflie_examples/share/crazyflie_examples/local_setup.bash
[0.227s] -- Up-to-date symlink: /home/iiitd/cf_ws/install/crazyflie_examples/share/crazyflie_examples/local_setup.sh
[0.227s] -- Up-to-date symlink: /home/iiitd/cf_ws/install/crazyflie_examples/share/crazyflie_examples/local_setup.zsh
[0.227s] -- Up-to-date symlink: /home/iiitd/cf_ws/install/crazyflie_examples/share/crazyflie_examples/local_setup.dsv
[0.227s] -- Symlinking: /home/iiitd/cf_ws/install/crazyflie_examples/share/crazyflie_examples/package.dsv
[0.232s] -- Up-to-date symlink: /home/iiitd/cf_ws/install/crazyflie_examples/share/ament_index/resource_index/packages/crazyflie_examples
[0.232s] -- Up-to-date symlink: /home/iiitd/cf_ws/install/crazyflie_examples/share/crazyflie_examples/cmake/crazyflie_examplesConfig.cmake
[0.232s] -- Up-to-date symlink: /home/iiitd/cf_ws/install/crazyflie_examples/share/crazyflie_examples/cmake/crazyflie_examplesConfig-version.cmake
[0.232s] -- Up-to-date symlink: /home/iiitd/cf_ws/install/crazyflie_examples/share/crazyflie_examples/package.xml
[0.251s] Listing '/home/iiitd/cf_ws/install/crazyflie_examples/local/lib/python3.10/dist-packages/crazyflie_examples'...
[0.251s] Listing '/home/iiitd/cf_ws/install/crazyflie_examples/local/lib/python3.10/dist-packages/crazyflie_examples/data'...
[0.251s] Listing '/home/iiitd/cf_ws/install/crazyflie_examples/local/lib/python3.10/dist-packages/crazyflie_examples/data/multi_trajectory'...
[0.254s] Invoked command in '/home/iiitd/cf_ws/build/crazyflie_examples' returned '0': AMENT_PREFIX_PATH=/home/iiitd/cf_ws/install/crazyflie_py:/home/iiitd/cf_ws/install/my_crazyflie:/home/iiitd/cf_ws/install/crazyflie_sim:/home/iiitd/cf_ws/install/crazyflie_server_py:/home/iiitd/cf_ws/install/crazyflie_examples:/home/iiitd/cf_ws/install/crazyflie:/home/iiitd/cf_ws/install/crazyflie_interfaces:/home/iiitd/cf_ws/install/crazyflie_description:/opt/ros/humble CMAKE_PREFIX_PATH=/home/iiitd/cf_ws/install/crazyflie_interfaces:/home/iiitd/cf_ws/install/crazyflie_sim:/home/iiitd/cf_ws/install/crazyflie_examples:/home/iiitd/cf_ws/install/crazyflie:/home/iiitd/cf_ws/install/crazyflie_description:/home/iiitd/cf_ws/install/my_crazyflie:/home/iiitd/cf_ws/install/crazyflie_server_py:/home/iiitd/cf_ws/install/crazyflie_py:/opt/ros/humble PYTHONPATH=/home/iiitd/cf_ws/build/crazyflie_py:/home/iiitd/cf_ws/install/crazyflie_py/lib/python3.10/site-packages:/home/iiitd/cf_ws/build/my_crazyflie:/home/iiitd/cf_ws/install/my_crazyflie/lib/python3.10/site-packages:/home/iiitd/cf_ws/install/crazyflie_sim/local/lib/python3.10/dist-packages:/home/iiitd/cf_ws/build/crazyflie_server_py:/home/iiitd/cf_ws/install/crazyflie_server_py/lib/python3.10/site-packages:/home/iiitd/cf_ws/install/crazyflie_examples/local/lib/python3.10/dist-packages:/home/iiitd/cf_ws/install/crazyflie_interfaces/local/lib/python3.10/dist-packages:/opt/ros/humble/lib/python3.10/site-packages:/opt/ros/humble/local/lib/python3.10/dist-packages /usr/bin/cmake --install /home/iiitd/cf_ws/build/crazyflie_examples
