[0.143s] Invoking command in '/home/iiitd/cf_ws/build/crazyflie': CMAKE_PREFIX_PATH=/home/iiitd/cf_ws/install/crazyflie_interfaces:/home/iiitd/cf_ws/install/crazyflie_description:/home/iiitd/cf_ws/install/crazyflie_sim:/home/iiitd/cf_ws/install/crazyflie_examples:/home/iiitd/cf_ws/install/crazyflie:/home/iiitd/cf_ws/install/my_crazyflie:/home/iiitd/cf_ws/install/crazyflie_server_py:/home/iiitd/cf_ws/install/crazyflie_py:/opt/ros/humble /usr/bin/cmake /home/iiitd/cf_ws/src/crazyswarm2/crazyflie -DAMENT_CMAKE_SYMLINK_INSTALL=1 -DCMAKE_INSTALL_PREFIX=/home/iiitd/cf_ws/install/crazyflie
[0.282s] -- The C compiler identification is GNU 11.4.0
[0.282s] -- The CXX compiler identification is GNU 11.4.0
[0.282s] -- Detecting C compiler ABI info
[0.282s] -- Detecting C compiler ABI info - done
[0.282s] -- Check for working C compiler: /usr/bin/cc - skipped
[0.282s] -- Detecting C compile features
[0.282s] -- Detecting C compile features - done
[0.282s] -- Detecting CXX compiler ABI info
[0.323s] -- Detecting CXX compiler ABI info - done
[0.329s] -- Check for working CXX compiler: /usr/bin/c++ - skipped
[0.329s] -- Detecting CXX compile features
[0.329s] -- Detecting CXX compile features - done
[0.331s] -- Found ament_cmake: 1.3.14 (/opt/ros/humble/share/ament_cmake/cmake)
[0.433s] -- Found Python3: /usr/bin/python3 (found version "3.10.12") found components: Interpreter 
[0.475s] -- Override CMake install command with custom implementation using symlinks instead of copying resources
[0.494s] -- Found rclcpp: 16.0.19 (/opt/ros/humble/share/rclcpp/cmake)
[0.520s] -- Found rosidl_generator_c: 3.1.9 (/opt/ros/humble/share/rosidl_generator_c/cmake)
[0.523s] -- Found rosidl_adapter: 3.1.9 (/opt/ros/humble/share/rosidl_adapter/cmake)
[0.528s] -- Found rosidl_generator_cpp: 3.1.9 (/opt/ros/humble/share/rosidl_generator_cpp/cmake)
[0.535s] -- Using all available rosidl_typesupport_c: rosidl_typesupport_fastrtps_c;rosidl_typesupport_introspection_c
[0.543s] -- Using all available rosidl_typesupport_cpp: rosidl_typesupport_fastrtps_cpp;rosidl_typesupport_introspection_cpp
[0.573s] -- Found rmw_implementation_cmake: 6.1.2 (/opt/ros/humble/share/rmw_implementation_cmake/cmake)
[0.576s] -- Found rmw_fastrtps_cpp: 6.2.10 (/opt/ros/humble/share/rmw_fastrtps_cpp/cmake)
[0.639s] -- Found OpenSSL: /usr/lib/x86_64-linux-gnu/libcrypto.so (found version "3.0.2")  
[0.661s] -- Found FastRTPS: /opt/ros/humble/include  
[0.688s] -- Using RMW implementation 'rmw_fastrtps_cpp' as default
[0.695s] -- Looking for pthread.h
[0.745s] -- Looking for pthread.h - found
[0.746s] -- Performing Test CMAKE_HAVE_LIBC_PTHREAD
[0.796s] -- Performing Test CMAKE_HAVE_LIBC_PTHREAD - Success
[0.797s] -- Found Threads: TRUE  
[0.839s] -- Found tf2_ros: 0.25.20 (/opt/ros/humble/share/tf2_ros/cmake)
[0.920s] -- Found rclpy: 3.3.21 (/opt/ros/humble/share/rclpy/cmake)
[0.921s] -- Found std_srvs: 4.9.1 (/opt/ros/humble/share/std_srvs/cmake)
[0.929s] -- Found nav_msgs: 4.9.1 (/opt/ros/humble/share/nav_msgs/cmake)
[0.940s] -- Found sensor_msgs: 4.9.1 (/opt/ros/humble/share/sensor_msgs/cmake)
[0.951s] -- Found crazyflie_interfaces: 1.0.5 (/home/iiitd/cf_ws/install/crazyflie_interfaces/share/crazyflie_interfaces/cmake)
[0.960s] -- Found motion_capture_tracking_interfaces: 1.0.6 (/opt/ros/humble/share/motion_capture_tracking_interfaces/cmake)
[0.975s] -- Found ros_environment: 3.2.2 (/opt/ros/humble/share/ros_environment/cmake)
[0.985s] -- Found Boost: /usr/lib/x86_64-linux-gnu/cmake/Boost-1.74.0/BoostConfig.cmake (found version "1.74.0") found components: program_options 
[0.990s] -- Found libusb: /usr/lib/x86_64-linux-gnu/libusb-1.0.so  
[1.034s] -- Configuring done
[1.052s] -- Generating done
[1.057s] -- Build files have been written to: /home/iiitd/cf_ws/build/crazyflie
[1.065s] Invoked command in '/home/iiitd/cf_ws/build/crazyflie' returned '0': CMAKE_PREFIX_PATH=/home/iiitd/cf_ws/install/crazyflie_interfaces:/home/iiitd/cf_ws/install/crazyflie_description:/home/iiitd/cf_ws/install/crazyflie_sim:/home/iiitd/cf_ws/install/crazyflie_examples:/home/iiitd/cf_ws/install/crazyflie:/home/iiitd/cf_ws/install/my_crazyflie:/home/iiitd/cf_ws/install/crazyflie_server_py:/home/iiitd/cf_ws/install/crazyflie_py:/opt/ros/humble /usr/bin/cmake /home/iiitd/cf_ws/src/crazyswarm2/crazyflie -DAMENT_CMAKE_SYMLINK_INSTALL=1 -DCMAKE_INSTALL_PREFIX=/home/iiitd/cf_ws/install/crazyflie
[1.066s] Invoking command in '/home/iiitd/cf_ws/build/crazyflie': CMAKE_PREFIX_PATH=/home/iiitd/cf_ws/install/crazyflie_interfaces:/home/iiitd/cf_ws/install/crazyflie_description:/home/iiitd/cf_ws/install/crazyflie_sim:/home/iiitd/cf_ws/install/crazyflie_examples:/home/iiitd/cf_ws/install/crazyflie:/home/iiitd/cf_ws/install/my_crazyflie:/home/iiitd/cf_ws/install/crazyflie_server_py:/home/iiitd/cf_ws/install/crazyflie_py:/opt/ros/humble /usr/bin/cmake --build /home/iiitd/cf_ws/build/crazyflie -- -j28 -l28
[1.098s] [  5%] [32mBuilding CXX object deps/crazyflie_tools/crazyflie_cpp/crazyflie-link-cpp/CMakeFiles/crazyflieLinkCpp.dir/src/CrazyflieUSB.cpp.o[0m
[1.098s] [  5%] [32mBuilding CXX object deps/crazyflie_tools/crazyflie_cpp/crazyflie-link-cpp/CMakeFiles/crazyflieLinkCpp.dir/src/CrazyradioThread.cpp.o[0m
[1.098s] [  7%] [32mBuilding CXX object deps/crazyflie_tools/crazyflie_cpp/crazyflie-link-cpp/CMakeFiles/crazyflieLinkCpp.dir/src/Version.cpp.o[0m
[1.099s] [ 10%] [32mBuilding CXX object deps/crazyflie_tools/crazyflie_cpp/crazyflie-link-cpp/CMakeFiles/crazyflieLinkCpp.dir/src/USBManager.cpp.o[0m
[1.099s] [ 12%] [32mBuilding CXX object CMakeFiles/teleop.dir/src/teleop.cpp.o[0m
[1.099s] [ 15%] [32mBuilding CXX object deps/crazyflie_tools/crazyflie_cpp/crazyflie-link-cpp/CMakeFiles/crazyflieLinkCpp.dir/src/USBDevice.cpp.o[0m
[1.099s] [ 20%] [32mBuilding CXX object deps/crazyflie_tools/crazyflie_cpp/crazyflie-link-cpp/CMakeFiles/crazyflieLinkCpp.dir/src/Crazyradio.cpp.o[0m
[1.099s] [ 20%] [32mBuilding CXX object deps/crazyflie_tools/crazyflie_cpp/crazyflie-link-cpp/CMakeFiles/crazyflieLinkCpp.dir/src/Connection.cpp.o[0m
[1.100s] [ 22%] [32mBuilding CXX object deps/crazyflie_tools/crazyflie_cpp/crazyflie-link-cpp/CMakeFiles/crazyflieLinkCpp.dir/src/CrazyflieUSBThread.cpp.o[0m
[2.650s] [ 25%] [32m[1mLinking CXX static library libcrazyflieLinkCpp.a[0m
[2.690s] [ 25%] Built target crazyflieLinkCpp
[2.702s] [ 27%] [32mBuilding CXX object deps/crazyflie_tools/crazyflie_cpp/CMakeFiles/crazyflie_cpp.dir/src/Crazyflie.cpp.o[0m
[2.702s] [ 30%] [32mBuilding CXX object deps/crazyflie_tools/crazyflie_cpp/CMakeFiles/crazyflie_cpp.dir/src/crtp.cpp.o[0m
[3.939s] [ 32%] [32m[1mLinking CXX static library libcrazyflie_cpp.a[0m
[3.979s] [ 32%] Built target crazyflie_cpp
[3.991s] [ 42%] [32mBuilding CXX object deps/crazyflie_tools/CMakeFiles/log.dir/src/log.cpp.o[0m
[3.992s] [ 42%] [32mBuilding CXX object deps/crazyflie_tools/CMakeFiles/comCheck.dir/src/comCheck.cpp.o[0m
[3.992s] [ 42%] [32mBuilding CXX object deps/crazyflie_tools/CMakeFiles/battery.dir/src/battery.cpp.o[0m
[3.992s] [ 42%] [32mBuilding CXX object deps/crazyflie_tools/CMakeFiles/console.dir/src/console.cpp.o[0m
[3.992s] [ 45%] [32mBuilding CXX object deps/crazyflie_tools/CMakeFiles/version.dir/src/version.cpp.o[0m
[3.992s] [ 47%] [32mBuilding CXX object deps/crazyflie_tools/CMakeFiles/listParams.dir/src/listParams.cpp.o[0m
[3.992s] [ 50%] [32mBuilding CXX object deps/crazyflie_tools/CMakeFiles/scan.dir/src/scan.cpp.o[0m
[3.993s] [ 52%] [32mBuilding CXX object deps/crazyflie_tools/CMakeFiles/reboot.dir/src/reboot.cpp.o[0m
[3.994s] [ 55%] [32mBuilding CXX object CMakeFiles/crazyflie_server.dir/src/crazyflie_server.cpp.o[0m
[3.994s] [ 57%] [32mBuilding CXX object deps/crazyflie_tools/CMakeFiles/listMemories.dir/src/listMemories.cpp.o[0m
[3.995s] [ 60%] [32mBuilding CXX object deps/crazyflie_tools/CMakeFiles/listLogVariables.dir/src/listLogVariables.cpp.o[0m
[3.996s] [ 62%] [32mBuilding CXX object deps/crazyflie_tools/CMakeFiles/downloadUSDLogfile.dir/src/downloadUSDLogfile.cpp.o[0m
[3.996s] [ 65%] [32mBuilding CXX object deps/crazyflie_tools/CMakeFiles/setParam.dir/src/setParam.cpp.o[0m
[4.953s] [ 67%] [32m[1mLinking CXX executable listLogVariables[0m
[4.959s] [ 70%] [32m[1mLinking CXX executable listParams[0m
[4.964s] [ 72%] [32m[1mLinking CXX executable version[0m
[5.086s] [ 75%] [32m[1mLinking CXX executable battery[0m
[5.117s] [ 75%] Built target listLogVariables
[5.119s] [ 75%] Built target listParams
[5.123s] [ 75%] Built target version
[5.276s] [ 75%] Built target battery
[5.286s] [ 77%] [32m[1mLinking CXX executable log[0m
[5.289s] [ 80%] [32m[1mLinking CXX executable comCheck[0m
[5.344s] [ 85%] [32m[1mLinking CXX executable listMemories[0m
[5.344s] [ 85%] [32m[1mLinking CXX executable console[0m
[5.404s] [ 87%] [32m[1mLinking CXX executable downloadUSDLogfile[0m
[5.414s] [ 90%] [32m[1mLinking CXX executable scan[0m
[5.452s] [ 90%] Built target log
[5.469s] [ 90%] Built target comCheck
[5.504s] [ 90%] Built target listMemories
[5.545s] [ 90%] Built target console
[5.561s] [ 90%] Built target scan
[5.584s] [ 90%] Built target downloadUSDLogfile
[5.611s] [ 92%] [32m[1mLinking CXX executable reboot[0m
[5.712s] [ 95%] [32m[1mLinking CXX executable setParam[0m
[5.753s] [ 95%] Built target reboot
[5.845s] [ 95%] Built target setParam
[9.137s] [ 97%] [32m[1mLinking CXX executable teleop[0m
[9.528s] [ 97%] Built target teleop
[21.451s] [100%] [32m[1mLinking CXX executable crazyflie_server[0m
[22.765s] [100%] Built target crazyflie_server
[22.774s] Invoked command in '/home/iiitd/cf_ws/build/crazyflie' returned '0': CMAKE_PREFIX_PATH=/home/iiitd/cf_ws/install/crazyflie_interfaces:/home/iiitd/cf_ws/install/crazyflie_description:/home/iiitd/cf_ws/install/crazyflie_sim:/home/iiitd/cf_ws/install/crazyflie_examples:/home/iiitd/cf_ws/install/crazyflie:/home/iiitd/cf_ws/install/my_crazyflie:/home/iiitd/cf_ws/install/crazyflie_server_py:/home/iiitd/cf_ws/install/crazyflie_py:/opt/ros/humble /usr/bin/cmake --build /home/iiitd/cf_ws/build/crazyflie -- -j28 -l28
[22.774s] Invoking command in '/home/iiitd/cf_ws/build/crazyflie': CMAKE_PREFIX_PATH=/home/iiitd/cf_ws/install/crazyflie_interfaces:/home/iiitd/cf_ws/install/crazyflie_description:/home/iiitd/cf_ws/install/crazyflie_sim:/home/iiitd/cf_ws/install/crazyflie_examples:/home/iiitd/cf_ws/install/crazyflie:/home/iiitd/cf_ws/install/my_crazyflie:/home/iiitd/cf_ws/install/crazyflie_server_py:/home/iiitd/cf_ws/install/crazyflie_py:/opt/ros/humble /usr/bin/cmake --install /home/iiitd/cf_ws/build/crazyflie
[22.777s] -- Install configuration: ""
[22.778s] -- Execute custom install script
[22.778s] -- Symlinking: /home/iiitd/cf_ws/install/crazyflie/lib/crazyflie/comCheck
[22.783s] -- Symlinking: /home/iiitd/cf_ws/install/crazyflie/lib/crazyflie/scan
[22.788s] -- Symlinking: /home/iiitd/cf_ws/install/crazyflie/lib/crazyflie/listParams
[22.793s] -- Symlinking: /home/iiitd/cf_ws/install/crazyflie/lib/crazyflie/listLogVariables
[22.798s] -- Symlinking: /home/iiitd/cf_ws/install/crazyflie/lib/crazyflie/listMemories
[22.804s] -- Symlinking: /home/iiitd/cf_ws/install/crazyflie/lib/crazyflie/reboot
[22.808s] -- Symlinking: /home/iiitd/cf_ws/install/crazyflie/lib/crazyflie/battery
[22.814s] -- Symlinking: /home/iiitd/cf_ws/install/crazyflie/lib/crazyflie/version
[22.817s] -- Symlinking: /home/iiitd/cf_ws/install/crazyflie/lib/crazyflie/console
[22.823s] -- Symlinking: /home/iiitd/cf_ws/install/crazyflie/lib/crazyflie/log
[22.828s] -- Symlinking: /home/iiitd/cf_ws/install/crazyflie/lib/crazyflie/setParam
[22.833s] -- Symlinking: /home/iiitd/cf_ws/install/crazyflie/lib/crazyflie/downloadUSDLogfile
[22.837s] -- Symlinking: /home/iiitd/cf_ws/install/crazyflie/lib/crazyflie/teleop
[22.842s] -- Symlinking: /home/iiitd/cf_ws/install/crazyflie/lib/crazyflie/crazyflie_server
[22.846s] -- Symlinking: /home/iiitd/cf_ws/install/crazyflie/lib/crazyflie/chooser.py
[22.851s] -- Symlinking: /home/iiitd/cf_ws/install/crazyflie/lib/crazyflie/cfmult.py
[22.856s] -- Symlinking: /home/iiitd/cf_ws/install/crazyflie/lib/crazyflie/aideck_streamer.py
[22.861s] -- Symlinking: /home/iiitd/cf_ws/install/crazyflie/lib/crazyflie/flash.py
[22.865s] -- Symlinking: /home/iiitd/cf_ws/install/crazyflie/share/crazyflie//launch/launch.py
[22.870s] -- Symlinking: /home/iiitd/cf_ws/install/crazyflie/share/crazyflie//launch/launch_teleop2.py
[22.874s] -- Symlinking: /home/iiitd/cf_ws/install/crazyflie/share/crazyflie//launch/teleop_launch.py
[22.879s] -- Symlinking: /home/iiitd/cf_ws/install/crazyflie/share/crazyflie//config/aideck_streamer.yaml
[22.884s] -- Symlinking: /home/iiitd/cf_ws/install/crazyflie/share/crazyflie//config/config.rviz
[22.889s] -- Symlinking: /home/iiitd/cf_ws/install/crazyflie/share/crazyflie//config/crazyflies.yaml
[22.893s] -- Symlinking: /home/iiitd/cf_ws/install/crazyflie/share/crazyflie//config/motion_capture.yaml
[22.898s] -- Symlinking: /home/iiitd/cf_ws/install/crazyflie/share/crazyflie//config/server.yaml
[22.902s] -- Symlinking: /home/iiitd/cf_ws/install/crazyflie/share/crazyflie//config/teleop.yaml
[22.907s] -- Symlinking: /home/iiitd/cf_ws/install/crazyflie/share/ament_index/resource_index/package_run_dependencies/crazyflie
[22.912s] -- Symlinking: /home/iiitd/cf_ws/install/crazyflie/share/ament_index/resource_index/parent_prefix_path/crazyflie
[22.917s] -- Symlinking: /home/iiitd/cf_ws/install/crazyflie/share/crazyflie/environment/ament_prefix_path.sh
[22.921s] -- Symlinking: /home/iiitd/cf_ws/install/crazyflie/share/crazyflie/environment/ament_prefix_path.dsv
[22.926s] -- Symlinking: /home/iiitd/cf_ws/install/crazyflie/share/crazyflie/environment/path.sh
[22.929s] -- Symlinking: /home/iiitd/cf_ws/install/crazyflie/share/crazyflie/environment/path.dsv
[22.935s] -- Symlinking: /home/iiitd/cf_ws/install/crazyflie/share/crazyflie/local_setup.bash
[22.940s] -- Symlinking: /home/iiitd/cf_ws/install/crazyflie/share/crazyflie/local_setup.sh
[22.946s] -- Symlinking: /home/iiitd/cf_ws/install/crazyflie/share/crazyflie/local_setup.zsh
[22.949s] -- Symlinking: /home/iiitd/cf_ws/install/crazyflie/share/crazyflie/local_setup.dsv
[22.954s] -- Symlinking: /home/iiitd/cf_ws/install/crazyflie/share/crazyflie/package.dsv
[22.960s] -- Symlinking: /home/iiitd/cf_ws/install/crazyflie/share/ament_index/resource_index/packages/crazyflie
[22.965s] -- Symlinking: /home/iiitd/cf_ws/install/crazyflie/share/crazyflie/cmake/crazyflieConfig.cmake
[22.969s] -- Symlinking: /home/iiitd/cf_ws/install/crazyflie/share/crazyflie/cmake/crazyflieConfig-version.cmake
[22.974s] -- Symlinking: /home/iiitd/cf_ws/install/crazyflie/share/crazyflie/package.xml
[22.982s] Invoked command in '/home/iiitd/cf_ws/build/crazyflie' returned '0': CMAKE_PREFIX_PATH=/home/iiitd/cf_ws/install/crazyflie_interfaces:/home/iiitd/cf_ws/install/crazyflie_description:/home/iiitd/cf_ws/install/crazyflie_sim:/home/iiitd/cf_ws/install/crazyflie_examples:/home/iiitd/cf_ws/install/crazyflie:/home/iiitd/cf_ws/install/my_crazyflie:/home/iiitd/cf_ws/install/crazyflie_server_py:/home/iiitd/cf_ws/install/crazyflie_py:/opt/ros/humble /usr/bin/cmake --install /home/iiitd/cf_ws/build/crazyflie
