[0.005s] Invoking command in '/home/iiitd/cf_ws/build/crazyflie_description': CMAKE_PREFIX_PATH=/opt/ros/humble /usr/bin/cmake --build /home/iiitd/cf_ws/build/crazyflie_description -- -j28 -l28
[0.028s] Invoked command in '/home/iiitd/cf_ws/build/crazyflie_description' returned '0': CMAKE_PREFIX_PATH=/opt/ros/humble /usr/bin/cmake --build /home/iiitd/cf_ws/build/crazyflie_description -- -j28 -l28
[0.034s] Invoking command in '/home/iiitd/cf_ws/build/crazyflie_description': CMAKE_PREFIX_PATH=/opt/ros/humble /usr/bin/cmake --install /home/iiitd/cf_ws/build/crazyflie_description
[0.039s] -- Install configuration: ""
[0.039s] -- Execute custom install script
[0.039s] -- Up-to-date symlink: /home/iiitd/cf_ws/install/crazyflie_description/share/crazyflie_description//urdf/cf2_assembly.stl
[0.039s] -- Up-to-date symlink: /home/iiitd/cf_ws/install/crazyflie_description/share/crazyflie_description//urdf/cf2_assembly_with_props.dae
[0.039s] -- Up-to-date symlink: /home/iiitd/cf_ws/install/crazyflie_description/share/crazyflie_description//urdf/crazyflie_description.urdf
[0.039s] -- Up-to-date symlink: /home/iiitd/cf_ws/install/crazyflie_description/share/ament_index/resource_index/package_run_dependencies/crazyflie_description
[0.039s] -- Up-to-date symlink: /home/iiitd/cf_ws/install/crazyflie_description/share/ament_index/resource_index/parent_prefix_path/crazyflie_description
[0.039s] -- Up-to-date symlink: /home/iiitd/cf_ws/install/crazyflie_description/share/crazyflie_description/environment/ament_prefix_path.sh
[0.039s] -- Up-to-date symlink: /home/iiitd/cf_ws/install/crazyflie_description/share/crazyflie_description/environment/ament_prefix_path.dsv
[0.040s] -- Up-to-date symlink: /home/iiitd/cf_ws/install/crazyflie_description/share/crazyflie_description/environment/path.sh
[0.040s] -- Up-to-date symlink: /home/iiitd/cf_ws/install/crazyflie_description/share/crazyflie_description/environment/path.dsv
[0.040s] -- Up-to-date symlink: /home/iiitd/cf_ws/install/crazyflie_description/share/crazyflie_description/local_setup.bash
[0.040s] -- Up-to-date symlink: /home/iiitd/cf_ws/install/crazyflie_description/share/crazyflie_description/local_setup.sh
[0.040s] -- Up-to-date symlink: /home/iiitd/cf_ws/install/crazyflie_description/share/crazyflie_description/local_setup.zsh
[0.040s] -- Up-to-date symlink: /home/iiitd/cf_ws/install/crazyflie_description/share/crazyflie_description/local_setup.dsv
[0.040s] -- Symlinking: /home/iiitd/cf_ws/install/crazyflie_description/share/crazyflie_description/package.dsv
[0.045s] -- Up-to-date symlink: /home/iiitd/cf_ws/install/crazyflie_description/share/ament_index/resource_index/packages/crazyflie_description
[0.045s] -- Up-to-date symlink: /home/iiitd/cf_ws/install/crazyflie_description/share/crazyflie_description/cmake/crazyflie_descriptionConfig.cmake
[0.045s] -- Up-to-date symlink: /home/iiitd/cf_ws/install/crazyflie_description/share/crazyflie_description/cmake/crazyflie_descriptionConfig-version.cmake
[0.045s] -- Up-to-date symlink: /home/iiitd/cf_ws/install/crazyflie_description/share/crazyflie_description/package.xml
[0.046s] Invoked command in '/home/iiitd/cf_ws/build/crazyflie_description' returned '0': CMAKE_PREFIX_PATH=/opt/ros/humble /usr/bin/cmake --install /home/iiitd/cf_ws/build/crazyflie_description
