[0.005s] Invoking command in '/home/iiitd/cf_ws/build/crazyflie_description': CMAKE_PREFIX_PATH=${CMAKE_PREFIX_PATH}:/home/iiitd/cf_ws/install/my_crazyflie:/home/iiitd/cf_ws/install/crazyflie_server_py:/home/iiitd/cf_ws/install/crazyflie_py:/opt/ros/humble /usr/bin/cmake /home/iiitd/cf_ws/src/crazyswarm2/crazyflie_description -DAMENT_CMAKE_SYMLINK_INSTALL=1 -DCMAKE_INSTALL_PREFIX=/home/iiitd/cf_ws/install/crazyflie_description
[0.080s] -- The C compiler identification is GNU 11.4.0
[0.147s] -- The CXX compiler identification is GNU 11.4.0
[0.154s] -- Detecting C compiler ABI info
[0.199s] -- Detecting C compiler ABI info - done
[0.205s] -- Check for working C compiler: /usr/bin/cc - skipped
[0.205s] -- Detecting C compile features
[0.205s] -- Detecting C compile features - done
[0.208s] -- Detecting CXX compiler ABI info
[0.263s] -- Detecting CXX compiler ABI info - done
[0.267s] -- Check for working CXX compiler: /usr/bin/c++ - skipped
[0.267s] -- Detecting CXX compile features
[0.267s] -- Detecting CXX compile features - done
[0.269s] -- Found ament_cmake: 1.3.14 (/opt/ros/humble/share/ament_cmake/cmake)
[0.360s] -- Found Python3: /usr/bin/python3 (found version "3.10.12") found components: Interpreter 
[0.395s] -- Override CMake install command with custom implementation using symlinks instead of copying resources
[0.453s] -- Configuring done
[0.455s] -- Generating done
[0.455s] -- Build files have been written to: /home/iiitd/cf_ws/build/crazyflie_description
[0.458s] Invoked command in '/home/iiitd/cf_ws/build/crazyflie_description' returned '0': CMAKE_PREFIX_PATH=${CMAKE_PREFIX_PATH}:/home/iiitd/cf_ws/install/my_crazyflie:/home/iiitd/cf_ws/install/crazyflie_server_py:/home/iiitd/cf_ws/install/crazyflie_py:/opt/ros/humble /usr/bin/cmake /home/iiitd/cf_ws/src/crazyswarm2/crazyflie_description -DAMENT_CMAKE_SYMLINK_INSTALL=1 -DCMAKE_INSTALL_PREFIX=/home/iiitd/cf_ws/install/crazyflie_description
[0.459s] Invoking command in '/home/iiitd/cf_ws/build/crazyflie_description': CMAKE_PREFIX_PATH=${CMAKE_PREFIX_PATH}:/home/iiitd/cf_ws/install/my_crazyflie:/home/iiitd/cf_ws/install/crazyflie_server_py:/home/iiitd/cf_ws/install/crazyflie_py:/opt/ros/humble /usr/bin/cmake --build /home/iiitd/cf_ws/build/crazyflie_description -- -j28 -l28
[0.486s] Invoked command in '/home/iiitd/cf_ws/build/crazyflie_description' returned '0': CMAKE_PREFIX_PATH=${CMAKE_PREFIX_PATH}:/home/iiitd/cf_ws/install/my_crazyflie:/home/iiitd/cf_ws/install/crazyflie_server_py:/home/iiitd/cf_ws/install/crazyflie_py:/opt/ros/humble /usr/bin/cmake --build /home/iiitd/cf_ws/build/crazyflie_description -- -j28 -l28
[0.493s] Invoking command in '/home/iiitd/cf_ws/build/crazyflie_description': CMAKE_PREFIX_PATH=${CMAKE_PREFIX_PATH}:/home/iiitd/cf_ws/install/my_crazyflie:/home/iiitd/cf_ws/install/crazyflie_server_py:/home/iiitd/cf_ws/install/crazyflie_py:/opt/ros/humble /usr/bin/cmake --install /home/iiitd/cf_ws/build/crazyflie_description
[0.498s] -- Install configuration: ""
[0.498s] -- Execute custom install script
[0.499s] -- Symlinking: /home/iiitd/cf_ws/install/crazyflie_description/share/crazyflie_description//urdf/cf2_assembly.stl
[0.503s] -- Symlinking: /home/iiitd/cf_ws/install/crazyflie_description/share/crazyflie_description//urdf/cf2_assembly_with_props.dae
[0.508s] -- Symlinking: /home/iiitd/cf_ws/install/crazyflie_description/share/crazyflie_description//urdf/crazyflie_description.urdf
[0.516s] -- Symlinking: /home/iiitd/cf_ws/install/crazyflie_description/share/ament_index/resource_index/package_run_dependencies/crazyflie_description
[0.521s] -- Symlinking: /home/iiitd/cf_ws/install/crazyflie_description/share/ament_index/resource_index/parent_prefix_path/crazyflie_description
[0.528s] -- Symlinking: /home/iiitd/cf_ws/install/crazyflie_description/share/crazyflie_description/environment/ament_prefix_path.sh
[0.533s] -- Symlinking: /home/iiitd/cf_ws/install/crazyflie_description/share/crazyflie_description/environment/ament_prefix_path.dsv
[0.537s] -- Symlinking: /home/iiitd/cf_ws/install/crazyflie_description/share/crazyflie_description/environment/path.sh
[0.543s] -- Symlinking: /home/iiitd/cf_ws/install/crazyflie_description/share/crazyflie_description/environment/path.dsv
[0.547s] -- Symlinking: /home/iiitd/cf_ws/install/crazyflie_description/share/crazyflie_description/local_setup.bash
[0.553s] -- Symlinking: /home/iiitd/cf_ws/install/crazyflie_description/share/crazyflie_description/local_setup.sh
[0.558s] -- Symlinking: /home/iiitd/cf_ws/install/crazyflie_description/share/crazyflie_description/local_setup.zsh
[0.563s] -- Symlinking: /home/iiitd/cf_ws/install/crazyflie_description/share/crazyflie_description/local_setup.dsv
[0.567s] -- Symlinking: /home/iiitd/cf_ws/install/crazyflie_description/share/crazyflie_description/package.dsv
[0.573s] -- Symlinking: /home/iiitd/cf_ws/install/crazyflie_description/share/ament_index/resource_index/packages/crazyflie_description
[0.579s] -- Symlinking: /home/iiitd/cf_ws/install/crazyflie_description/share/crazyflie_description/cmake/crazyflie_descriptionConfig.cmake
[0.584s] -- Symlinking: /home/iiitd/cf_ws/install/crazyflie_description/share/crazyflie_description/cmake/crazyflie_descriptionConfig-version.cmake
[0.589s] -- Symlinking: /home/iiitd/cf_ws/install/crazyflie_description/share/crazyflie_description/package.xml
[0.594s] Invoked command in '/home/iiitd/cf_ws/build/crazyflie_description' returned '0': CMAKE_PREFIX_PATH=${CMAKE_PREFIX_PATH}:/home/iiitd/cf_ws/install/my_crazyflie:/home/iiitd/cf_ws/install/crazyflie_server_py:/home/iiitd/cf_ws/install/crazyflie_py:/opt/ros/humble /usr/bin/cmake --install /home/iiitd/cf_ws/build/crazyflie_description
