[0.143s] Invoking command in '/home/iiitd/cf_ws/build/crazyflie': CMAKE_PREFIX_PATH=/home/iiitd/cf_ws/install/crazyflie_interfaces:/home/iiitd/cf_ws/install/crazyflie_description:/home/iiitd/cf_ws/install/crazyflie_sim:/home/iiitd/cf_ws/install/crazyflie_examples:/home/iiitd/cf_ws/install/crazyflie:/home/iiitd/cf_ws/install/my_crazyflie:/home/iiitd/cf_ws/install/crazyflie_server_py:/home/iiitd/cf_ws/install/crazyflie_py:/opt/ros/humble /usr/bin/cmake --build /home/iiitd/cf_ws/build/crazyflie -- -j28 -l28
[0.297s] [ 22%] Built target crazyflieLinkCpp
[0.297s] [ 27%] Built target teleop
[0.297s] [ 35%] Built target crazyflie_cpp
[0.297s] [ 55%] Built target version
[0.297s] [ 55%] Built target listLogVariables
[0.297s] [ 55%] Built target reboot
[0.297s] [ 57%] Built target listMemories
[0.297s] [ 60%] Built target downloadUSDLogfile
[0.297s] [ 65%] Built target listParams
[0.297s] [ 70%] Built target comCheck
[0.297s] [ 75%] Built target scan
[0.297s] [ 80%] Built target console
[0.297s] [ 85%] Built target setParam
[0.297s] [ 90%] Built target log
[0.297s] [ 95%] Built target battery
[0.297s] [100%] Built target crazyflie_server
[0.436s] Invoked command in '/home/iiitd/cf_ws/build/crazyflie' returned '0': CMAKE_PREFIX_PATH=/home/iiitd/cf_ws/install/crazyflie_interfaces:/home/iiitd/cf_ws/install/crazyflie_description:/home/iiitd/cf_ws/install/crazyflie_sim:/home/iiitd/cf_ws/install/crazyflie_examples:/home/iiitd/cf_ws/install/crazyflie:/home/iiitd/cf_ws/install/my_crazyflie:/home/iiitd/cf_ws/install/crazyflie_server_py:/home/iiitd/cf_ws/install/crazyflie_py:/opt/ros/humble /usr/bin/cmake --build /home/iiitd/cf_ws/build/crazyflie -- -j28 -l28
[0.437s] Invoking command in '/home/iiitd/cf_ws/build/crazyflie': CMAKE_PREFIX_PATH=/home/iiitd/cf_ws/install/crazyflie_interfaces:/home/iiitd/cf_ws/install/crazyflie_description:/home/iiitd/cf_ws/install/crazyflie_sim:/home/iiitd/cf_ws/install/crazyflie_examples:/home/iiitd/cf_ws/install/crazyflie:/home/iiitd/cf_ws/install/my_crazyflie:/home/iiitd/cf_ws/install/crazyflie_server_py:/home/iiitd/cf_ws/install/crazyflie_py:/opt/ros/humble /usr/bin/cmake --install /home/iiitd/cf_ws/build/crazyflie
[0.441s] -- Install configuration: ""
[0.441s] -- Execute custom install script
[0.441s] -- Up-to-date symlink: /home/iiitd/cf_ws/install/crazyflie/lib/crazyflie/comCheck
[0.441s] -- Up-to-date symlink: /home/iiitd/cf_ws/install/crazyflie/lib/crazyflie/scan
[0.441s] -- Up-to-date symlink: /home/iiitd/cf_ws/install/crazyflie/lib/crazyflie/listParams
[0.441s] -- Up-to-date symlink: /home/iiitd/cf_ws/install/crazyflie/lib/crazyflie/listLogVariables
[0.442s] -- Up-to-date symlink: /home/iiitd/cf_ws/install/crazyflie/lib/crazyflie/listMemories
[0.442s] -- Up-to-date symlink: /home/iiitd/cf_ws/install/crazyflie/lib/crazyflie/reboot
[0.442s] -- Up-to-date symlink: /home/iiitd/cf_ws/install/crazyflie/lib/crazyflie/battery
[0.442s] -- Up-to-date symlink: /home/iiitd/cf_ws/install/crazyflie/lib/crazyflie/version
[0.442s] -- Up-to-date symlink: /home/iiitd/cf_ws/install/crazyflie/lib/crazyflie/console
[0.442s] -- Up-to-date symlink: /home/iiitd/cf_ws/install/crazyflie/lib/crazyflie/log
[0.442s] -- Up-to-date symlink: /home/iiitd/cf_ws/install/crazyflie/lib/crazyflie/setParam
[0.442s] -- Up-to-date symlink: /home/iiitd/cf_ws/install/crazyflie/lib/crazyflie/downloadUSDLogfile
[0.442s] -- Up-to-date symlink: /home/iiitd/cf_ws/install/crazyflie/lib/crazyflie/teleop
[0.442s] -- Up-to-date symlink: /home/iiitd/cf_ws/install/crazyflie/lib/crazyflie/crazyflie_server
[0.442s] -- Up-to-date symlink: /home/iiitd/cf_ws/install/crazyflie/lib/crazyflie/chooser.py
[0.442s] -- Up-to-date symlink: /home/iiitd/cf_ws/install/crazyflie/lib/crazyflie/cfmult.py
[0.442s] -- Up-to-date symlink: /home/iiitd/cf_ws/install/crazyflie/lib/crazyflie/aideck_streamer.py
[0.443s] -- Up-to-date symlink: /home/iiitd/cf_ws/install/crazyflie/lib/crazyflie/flash.py
[0.443s] -- Up-to-date symlink: /home/iiitd/cf_ws/install/crazyflie/share/crazyflie//launch/launch.py
[0.443s] -- Up-to-date symlink: /home/iiitd/cf_ws/install/crazyflie/share/crazyflie//launch/launch_teleop2.py
[0.443s] -- Up-to-date symlink: /home/iiitd/cf_ws/install/crazyflie/share/crazyflie//launch/teleop_launch.py
[0.443s] -- Up-to-date symlink: /home/iiitd/cf_ws/install/crazyflie/share/crazyflie//config/aideck_streamer.yaml
[0.443s] -- Up-to-date symlink: /home/iiitd/cf_ws/install/crazyflie/share/crazyflie//config/config.rviz
[0.443s] -- Up-to-date symlink: /home/iiitd/cf_ws/install/crazyflie/share/crazyflie//config/crazyflies.yaml
[0.443s] -- Up-to-date symlink: /home/iiitd/cf_ws/install/crazyflie/share/crazyflie//config/motion_capture.yaml
[0.443s] -- Up-to-date symlink: /home/iiitd/cf_ws/install/crazyflie/share/crazyflie//config/server.yaml
[0.443s] -- Up-to-date symlink: /home/iiitd/cf_ws/install/crazyflie/share/crazyflie//config/teleop.yaml
[0.443s] -- Up-to-date symlink: /home/iiitd/cf_ws/install/crazyflie/share/ament_index/resource_index/package_run_dependencies/crazyflie
[0.443s] -- Up-to-date symlink: /home/iiitd/cf_ws/install/crazyflie/share/ament_index/resource_index/parent_prefix_path/crazyflie
[0.443s] -- Up-to-date symlink: /home/iiitd/cf_ws/install/crazyflie/share/crazyflie/environment/ament_prefix_path.sh
[0.443s] -- Up-to-date symlink: /home/iiitd/cf_ws/install/crazyflie/share/crazyflie/environment/ament_prefix_path.dsv
[0.443s] -- Up-to-date symlink: /home/iiitd/cf_ws/install/crazyflie/share/crazyflie/environment/path.sh
[0.443s] -- Up-to-date symlink: /home/iiitd/cf_ws/install/crazyflie/share/crazyflie/environment/path.dsv
[0.444s] -- Up-to-date symlink: /home/iiitd/cf_ws/install/crazyflie/share/crazyflie/local_setup.bash
[0.444s] -- Up-to-date symlink: /home/iiitd/cf_ws/install/crazyflie/share/crazyflie/local_setup.sh
[0.444s] -- Up-to-date symlink: /home/iiitd/cf_ws/install/crazyflie/share/crazyflie/local_setup.zsh
[0.444s] -- Up-to-date symlink: /home/iiitd/cf_ws/install/crazyflie/share/crazyflie/local_setup.dsv
[0.444s] -- Symlinking: /home/iiitd/cf_ws/install/crazyflie/share/crazyflie/package.dsv
[0.450s] -- Up-to-date symlink: /home/iiitd/cf_ws/install/crazyflie/share/ament_index/resource_index/packages/crazyflie
[0.450s] -- Up-to-date symlink: /home/iiitd/cf_ws/install/crazyflie/share/crazyflie/cmake/crazyflieConfig.cmake
[0.450s] -- Up-to-date symlink: /home/iiitd/cf_ws/install/crazyflie/share/crazyflie/cmake/crazyflieConfig-version.cmake
[0.450s] -- Up-to-date symlink: /home/iiitd/cf_ws/install/crazyflie/share/crazyflie/package.xml
[0.452s] Invoked command in '/home/iiitd/cf_ws/build/crazyflie' returned '0': CMAKE_PREFIX_PATH=/home/iiitd/cf_ws/install/crazyflie_interfaces:/home/iiitd/cf_ws/install/crazyflie_description:/home/iiitd/cf_ws/install/crazyflie_sim:/home/iiitd/cf_ws/install/crazyflie_examples:/home/iiitd/cf_ws/install/crazyflie:/home/iiitd/cf_ws/install/my_crazyflie:/home/iiitd/cf_ws/install/crazyflie_server_py:/home/iiitd/cf_ws/install/crazyflie_py:/opt/ros/humble /usr/bin/cmake --install /home/iiitd/cf_ws/build/crazyflie
