[0.774s] Invoking command in '/home/iiitd/cf_ws/build/my_crazyflie': CMAKE_PREFIX_PATH=/home/iiitd/cf_ws/install/crazyflie_interfaces:/home/iiitd/cf_ws/install/crazyflie_sim:/home/iiitd/cf_ws/install/crazyflie_examples:/home/iiitd/cf_ws/install/crazyflie:/home/iiitd/cf_ws/install/crazyflie_description PYTHONPATH=/home/iiitd/cf_ws/build/my_crazyflie/prefix_override:/usr/lib/python3/dist-packages/colcon_core/task/python/colcon_distutils_commands:/home/iiitd/cf_ws/install/my_crazyflie/lib/python3.10/site-packages:${PYTHONPATH} /usr/bin/python3 -W ignore:setup.py install is deprecated -W ignore:easy_install command is deprecated setup.py develop --editable --build-directory /home/iiitd/cf_ws/build/my_crazyflie/build --no-deps symlink_data
[0.908s] running develop
[0.995s] running egg_info
[0.995s] creating my_crazyflie.egg-info
[0.995s] writing my_crazyflie.egg-info/PKG-INFO
[0.995s] writing dependency_links to my_crazyflie.egg-info/dependency_links.txt
[0.995s] writing entry points to my_crazyflie.egg-info/entry_points.txt
[0.995s] writing requirements to my_crazyflie.egg-info/requires.txt
[0.995s] writing top-level names to my_crazyflie.egg-info/top_level.txt
[0.995s] writing manifest file 'my_crazyflie.egg-info/SOURCES.txt'
[0.998s] reading manifest file 'my_crazyflie.egg-info/SOURCES.txt'
[0.998s] writing manifest file 'my_crazyflie.egg-info/SOURCES.txt'
[0.998s] running build_ext
[0.998s] Creating /home/iiitd/cf_ws/install/my_crazyflie/lib/python3.10/site-packages/my-crazyflie.egg-link (link to .)
[0.998s] Installing arm script to /home/iiitd/cf_ws/install/my_crazyflie/lib/my_crazyflie
[0.998s] Installing emergency script to /home/iiitd/cf_ws/install/my_crazyflie/lib/my_crazyflie
[0.998s] Installing go_to script to /home/iiitd/cf_ws/install/my_crazyflie/lib/my_crazyflie
[0.999s] Installing land script to /home/iiitd/cf_ws/install/my_crazyflie/lib/my_crazyflie
[0.999s] Installing sequence script to /home/iiitd/cf_ws/install/my_crazyflie/lib/my_crazyflie
[0.999s] Installing takeoff script to /home/iiitd/cf_ws/install/my_crazyflie/lib/my_crazyflie
[0.999s] Installing velocity_control script to /home/iiitd/cf_ws/install/my_crazyflie/lib/my_crazyflie
[0.999s] Installing vertical_thrust script to /home/iiitd/cf_ws/install/my_crazyflie/lib/my_crazyflie
[0.999s] 
[0.999s] Installed /home/iiitd/cf_ws/build/my_crazyflie
[0.999s] running symlink_data
[0.999s] creating /home/iiitd/cf_ws/install/my_crazyflie/share/ament_index
[0.999s] creating /home/iiitd/cf_ws/install/my_crazyflie/share/ament_index/resource_index
[0.999s] creating /home/iiitd/cf_ws/install/my_crazyflie/share/ament_index/resource_index/packages
[0.999s] symbolically linking /home/iiitd/cf_ws/build/my_crazyflie/resource/my_crazyflie -> /home/iiitd/cf_ws/install/my_crazyflie/share/ament_index/resource_index/packages
[0.999s] symbolically linking /home/iiitd/cf_ws/build/my_crazyflie/package.xml -> /home/iiitd/cf_ws/install/my_crazyflie/share/my_crazyflie
[1.015s] Invoked command in '/home/iiitd/cf_ws/build/my_crazyflie' returned '0': CMAKE_PREFIX_PATH=/home/iiitd/cf_ws/install/crazyflie_interfaces:/home/iiitd/cf_ws/install/crazyflie_sim:/home/iiitd/cf_ws/install/crazyflie_examples:/home/iiitd/cf_ws/install/crazyflie:/home/iiitd/cf_ws/install/crazyflie_description PYTHONPATH=/home/iiitd/cf_ws/build/my_crazyflie/prefix_override:/usr/lib/python3/dist-packages/colcon_core/task/python/colcon_distutils_commands:/home/iiitd/cf_ws/install/my_crazyflie/lib/python3.10/site-packages:${PYTHONPATH} /usr/bin/python3 -W ignore:setup.py install is deprecated -W ignore:easy_install command is deprecated setup.py develop --editable --build-directory /home/iiitd/cf_ws/build/my_crazyflie/build --no-deps symlink_data
