[0.580s] Invoking command in '/home/iiitd/cf_ws/build/crazyflie_py': AMENT_PREFIX_PATH=/home/iiitd/cf_ws/install/crazyflie_interfaces:${AMENT_PREFIX_PATH} CMAKE_PREFIX_PATH=/home/iiitd/cf_ws/install/crazyflie_interfaces LD_LIBRARY_PATH=/home/iiitd/cf_ws/install/crazyflie_interfaces/lib:${LD_LIBRARY_PATH} PYTHONPATH=/home/iiitd/cf_ws/build/crazyflie_py/prefix_override:/usr/lib/python3/dist-packages/colcon_core/task/python/colcon_distutils_commands:/home/iiitd/cf_ws/install/crazyflie_py/lib/python3.10/site-packages:/home/iiitd/cf_ws/install/crazyflie_interfaces/local/lib/python3.10/dist-packages:${PYTHONPATH} /usr/bin/python3 -W ignore:setup.py install is deprecated -W ignore:easy_install command is deprecated setup.py develop --editable --build-directory /home/iiitd/cf_ws/build/crazyflie_py/build --no-deps symlink_data
[0.708s] running develop
[0.793s] running egg_info
[0.794s] creating crazyflie_py.egg-info
[0.794s] writing crazyflie_py.egg-info/PKG-INFO
[0.794s] writing dependency_links to crazyflie_py.egg-info/dependency_links.txt
[0.794s] writing entry points to crazyflie_py.egg-info/entry_points.txt
[0.794s] writing requirements to crazyflie_py.egg-info/requires.txt
[0.794s] writing top-level names to crazyflie_py.egg-info/top_level.txt
[0.794s] writing manifest file 'crazyflie_py.egg-info/SOURCES.txt'
[0.795s] reading manifest file 'crazyflie_py.egg-info/SOURCES.txt'
[0.795s] writing manifest file 'crazyflie_py.egg-info/SOURCES.txt'
[0.795s] running build_ext
[0.796s] Creating /home/iiitd/cf_ws/install/crazyflie_py/lib/python3.10/site-packages/crazyflie-py.egg-link (link to .)
[0.796s] 
[0.796s] Installed /home/iiitd/cf_ws/build/crazyflie_py
[0.796s] running symlink_data
[0.796s] creating /home/iiitd/cf_ws/install/crazyflie_py/share/ament_index
[0.796s] creating /home/iiitd/cf_ws/install/crazyflie_py/share/ament_index/resource_index
[0.796s] creating /home/iiitd/cf_ws/install/crazyflie_py/share/ament_index/resource_index/packages
[0.796s] symbolically linking /home/iiitd/cf_ws/build/crazyflie_py/resource/crazyflie_py -> /home/iiitd/cf_ws/install/crazyflie_py/share/ament_index/resource_index/packages
[0.796s] symbolically linking /home/iiitd/cf_ws/build/crazyflie_py/package.xml -> /home/iiitd/cf_ws/install/crazyflie_py/share/crazyflie_py
[0.811s] Invoked command in '/home/iiitd/cf_ws/build/crazyflie_py' returned '0': AMENT_PREFIX_PATH=/home/iiitd/cf_ws/install/crazyflie_interfaces:${AMENT_PREFIX_PATH} CMAKE_PREFIX_PATH=/home/iiitd/cf_ws/install/crazyflie_interfaces LD_LIBRARY_PATH=/home/iiitd/cf_ws/install/crazyflie_interfaces/lib:${LD_LIBRARY_PATH} PYTHONPATH=/home/iiitd/cf_ws/build/crazyflie_py/prefix_override:/usr/lib/python3/dist-packages/colcon_core/task/python/colcon_distutils_commands:/home/iiitd/cf_ws/install/crazyflie_py/lib/python3.10/site-packages:/home/iiitd/cf_ws/install/crazyflie_interfaces/local/lib/python3.10/dist-packages:${PYTHONPATH} /usr/bin/python3 -W ignore:setup.py install is deprecated -W ignore:easy_install command is deprecated setup.py develop --editable --build-directory /home/iiitd/cf_ws/build/crazyflie_py/build --no-deps symlink_data
