[0.005s] Invoking command in '/home/iiitd/cf_ws/build/crazyflie_examples': AMENT_PREFIX_PATH=/home/iiitd/cf_ws/install/crazyflie_py:/home/iiitd/cf_ws/install/crazyflie_interfaces:${AMENT_PREFIX_PATH} CMAKE_PREFIX_PATH=/home/iiitd/cf_ws/install/crazyflie_interfaces:/opt/ros/humble LD_LIBRARY_PATH=/home/iiitd/cf_ws/install/crazyflie_interfaces/lib:${LD_LIBRARY_PATH} PYTHONPATH=/home/iiitd/cf_ws/build/crazyflie_py:/home/iiitd/cf_ws/install/crazyflie_py/lib/python3.10/site-packages:/home/iiitd/cf_ws/install/crazyflie_interfaces/local/lib/python3.10/dist-packages:${PYTHONPATH} /usr/bin/cmake --build /home/iiitd/cf_ws/build/crazyflie_examples -- -j28 -l28
[0.038s] Built target ament_cmake_python_symlink_crazyflie_examples_setup
[0.039s] Built target ament_cmake_python_symlink_crazyflie_examples
[0.150s] running install_scripts
[0.151s] /usr/lib/python3/dist-packages/setuptools/command/install.py:34: SetuptoolsDeprecationWarning: setup.py install is deprecated. Use build and pip and other standards-based tools.
[0.151s]   warnings.warn(
[0.154s] running egg_info
[0.154s] writing crazyflie_examples.egg-info/PKG-INFO
[0.154s] writing dependency_links to crazyflie_examples.egg-info/dependency_links.txt
[0.155s] writing entry points to crazyflie_examples.egg-info/entry_points.txt
[0.155s] writing top-level names to crazyflie_examples.egg-info/top_level.txt
[0.156s] reading manifest file 'crazyflie_examples.egg-info/SOURCES.txt'
[0.156s] writing manifest file 'crazyflie_examples.egg-info/SOURCES.txt'
[0.161s] running egg_info
[0.162s] writing crazyflie_examples.egg-info/PKG-INFO
[0.162s] writing dependency_links to crazyflie_examples.egg-info/dependency_links.txt
[0.162s] writing entry points to crazyflie_examples.egg-info/entry_points.txt
[0.162s] writing top-level names to crazyflie_examples.egg-info/top_level.txt
[0.163s] reading manifest file 'crazyflie_examples.egg-info/SOURCES.txt'
[0.163s] writing manifest file 'crazyflie_examples.egg-info/SOURCES.txt'
[0.164s] Installing arming script to scripts
[0.164s] Installing cmd_full_state script to scripts
[0.164s] Installing figure8 script to scripts
[0.164s] Installing goto_unicast script to scripts
[0.164s] Installing group_mask script to scripts
[0.164s] Installing hello_world script to scripts
[0.164s] Installing infinite_flight script to scripts
[0.164s] Installing multi_trajectory script to scripts
[0.164s] Installing nice_hover script to scripts
[0.164s] Installing set_param script to scripts
[0.164s] Installing simple_mapper_multiranger script to scripts
[0.164s] Installing swap script to scripts
[0.164s] Installing vel_mux script to scripts
[0.169s] Built target ament_cmake_python_build_crazyflie_examples_egg
[0.180s] Built target ament_cmake_python_build_crazyflie_examples_scripts
[0.187s] Invoked command in '/home/iiitd/cf_ws/build/crazyflie_examples' returned '0': AMENT_PREFIX_PATH=/home/iiitd/cf_ws/install/crazyflie_py:/home/iiitd/cf_ws/install/crazyflie_interfaces:${AMENT_PREFIX_PATH} CMAKE_PREFIX_PATH=/home/iiitd/cf_ws/install/crazyflie_interfaces:/opt/ros/humble LD_LIBRARY_PATH=/home/iiitd/cf_ws/install/crazyflie_interfaces/lib:${LD_LIBRARY_PATH} PYTHONPATH=/home/iiitd/cf_ws/build/crazyflie_py:/home/iiitd/cf_ws/install/crazyflie_py/lib/python3.10/site-packages:/home/iiitd/cf_ws/install/crazyflie_interfaces/local/lib/python3.10/dist-packages:${PYTHONPATH} /usr/bin/cmake --build /home/iiitd/cf_ws/build/crazyflie_examples -- -j28 -l28
[0.188s] Invoking command in '/home/iiitd/cf_ws/build/crazyflie_examples': AMENT_PREFIX_PATH=/home/iiitd/cf_ws/install/crazyflie_py:/home/iiitd/cf_ws/install/crazyflie_interfaces:${AMENT_PREFIX_PATH} CMAKE_PREFIX_PATH=/home/iiitd/cf_ws/install/crazyflie_interfaces:/opt/ros/humble LD_LIBRARY_PATH=/home/iiitd/cf_ws/install/crazyflie_interfaces/lib:${LD_LIBRARY_PATH} PYTHONPATH=/home/iiitd/cf_ws/build/crazyflie_py:/home/iiitd/cf_ws/install/crazyflie_py/lib/python3.10/site-packages:/home/iiitd/cf_ws/install/crazyflie_interfaces/local/lib/python3.10/dist-packages:${PYTHONPATH} /usr/bin/cmake --install /home/iiitd/cf_ws/build/crazyflie_examples
[0.193s] -- Install configuration: ""
[0.193s] -- Execute custom install script
[0.193s] -- Up-to-date symlink: /home/iiitd/cf_ws/install/crazyflie_examples/share/crazyflie_examples/environment/pythonpath.sh
[0.193s] -- Up-to-date symlink: /home/iiitd/cf_ws/install/crazyflie_examples/share/crazyflie_examples/environment/pythonpath.dsv
[0.193s] -- Up-to-date symlink: /home/iiitd/cf_ws/install/crazyflie_examples/local/lib/python3.10/dist-packages/crazyflie_examples-1.0.5-py3.10.egg-info/PKG-INFO
[0.194s] -- Up-to-date symlink: /home/iiitd/cf_ws/install/crazyflie_examples/local/lib/python3.10/dist-packages/crazyflie_examples-1.0.5-py3.10.egg-info/SOURCES.txt
[0.194s] -- Up-to-date symlink: /home/iiitd/cf_ws/install/crazyflie_examples/local/lib/python3.10/dist-packages/crazyflie_examples-1.0.5-py3.10.egg-info/dependency_links.txt
[0.194s] -- Up-to-date symlink: /home/iiitd/cf_ws/install/crazyflie_examples/local/lib/python3.10/dist-packages/crazyflie_examples-1.0.5-py3.10.egg-info/entry_points.txt
[0.194s] -- Up-to-date symlink: /home/iiitd/cf_ws/install/crazyflie_examples/local/lib/python3.10/dist-packages/crazyflie_examples-1.0.5-py3.10.egg-info/top_level.txt
[0.194s] -- Up-to-date symlink: /home/iiitd/cf_ws/install/crazyflie_examples/lib/crazyflie_examples//arming
[0.194s] -- Up-to-date symlink: /home/iiitd/cf_ws/install/crazyflie_examples/lib/crazyflie_examples//cmd_full_state
[0.194s] -- Up-to-date symlink: /home/iiitd/cf_ws/install/crazyflie_examples/lib/crazyflie_examples//figure8
[0.194s] -- Up-to-date symlink: /home/iiitd/cf_ws/install/crazyflie_examples/lib/crazyflie_examples//goto_unicast
[0.194s] -- Up-to-date symlink: /home/iiitd/cf_ws/install/crazyflie_examples/lib/crazyflie_examples//group_mask
[0.194s] -- Up-to-date symlink: /home/iiitd/cf_ws/install/crazyflie_examples/lib/crazyflie_examples//hello_world
[0.194s] -- Up-to-date symlink: /home/iiitd/cf_ws/install/crazyflie_examples/lib/crazyflie_examples//infinite_flight
[0.195s] -- Up-to-date symlink: /home/iiitd/cf_ws/install/crazyflie_examples/lib/crazyflie_examples//multi_trajectory
[0.195s] -- Up-to-date symlink: /home/iiitd/cf_ws/install/crazyflie_examples/lib/crazyflie_examples//nice_hover
[0.195s] -- Up-to-date symlink: /home/iiitd/cf_ws/install/crazyflie_examples/lib/crazyflie_examples//set_param
[0.195s] -- Up-to-date symlink: /home/iiitd/cf_ws/install/crazyflie_examples/lib/crazyflie_examples//simple_mapper_multiranger
[0.195s] -- Up-to-date symlink: /home/iiitd/cf_ws/install/crazyflie_examples/lib/crazyflie_examples//swap
[0.195s] -- Up-to-date symlink: /home/iiitd/cf_ws/install/crazyflie_examples/lib/crazyflie_examples//vel_mux
[0.195s] -- Up-to-date symlink: /home/iiitd/cf_ws/install/crazyflie_examples/local/lib/python3.10/dist-packages/crazyflie_examples/__init__.py
[0.195s] -- Up-to-date symlink: /home/iiitd/cf_ws/install/crazyflie_examples/local/lib/python3.10/dist-packages/crazyflie_examples/arming.py
[0.195s] -- Up-to-date symlink: /home/iiitd/cf_ws/install/crazyflie_examples/local/lib/python3.10/dist-packages/crazyflie_examples/cmd_full_state.py
[0.195s] -- Up-to-date symlink: /home/iiitd/cf_ws/install/crazyflie_examples/local/lib/python3.10/dist-packages/crazyflie_examples/data/figure8.csv
[0.195s] -- Up-to-date symlink: /home/iiitd/cf_ws/install/crazyflie_examples/local/lib/python3.10/dist-packages/crazyflie_examples/data/multi_trajectory/traj0.csv
[0.195s] -- Up-to-date symlink: /home/iiitd/cf_ws/install/crazyflie_examples/local/lib/python3.10/dist-packages/crazyflie_examples/data/multi_trajectory/traj1.csv
[0.195s] -- Up-to-date symlink: /home/iiitd/cf_ws/install/crazyflie_examples/local/lib/python3.10/dist-packages/crazyflie_examples/figure8.py
[0.195s] -- Up-to-date symlink: /home/iiitd/cf_ws/install/crazyflie_examples/local/lib/python3.10/dist-packages/crazyflie_examples/goto_unicast.py
[0.195s] -- Up-to-date symlink: /home/iiitd/cf_ws/install/crazyflie_examples/local/lib/python3.10/dist-packages/crazyflie_examples/group_mask.py
[0.195s] -- Up-to-date symlink: /home/iiitd/cf_ws/install/crazyflie_examples/local/lib/python3.10/dist-packages/crazyflie_examples/hello_world.py
[0.195s] -- Up-to-date symlink: /home/iiitd/cf_ws/install/crazyflie_examples/local/lib/python3.10/dist-packages/crazyflie_examples/infinite_flight.py
[0.195s] -- Up-to-date symlink: /home/iiitd/cf_ws/install/crazyflie_examples/local/lib/python3.10/dist-packages/crazyflie_examples/multi_trajectory.py
[0.195s] -- Up-to-date symlink: /home/iiitd/cf_ws/install/crazyflie_examples/local/lib/python3.10/dist-packages/crazyflie_examples/nice_hover.py
[0.196s] -- Up-to-date symlink: /home/iiitd/cf_ws/install/crazyflie_examples/local/lib/python3.10/dist-packages/crazyflie_examples/set_param.py
[0.196s] -- Up-to-date symlink: /home/iiitd/cf_ws/install/crazyflie_examples/local/lib/python3.10/dist-packages/crazyflie_examples/simple_mapper_multiranger.py
[0.196s] -- Up-to-date symlink: /home/iiitd/cf_ws/install/crazyflie_examples/local/lib/python3.10/dist-packages/crazyflie_examples/swap.py
[0.196s] -- Up-to-date symlink: /home/iiitd/cf_ws/install/crazyflie_examples/local/lib/python3.10/dist-packages/crazyflie_examples/vel_mux.py
[0.196s] -- Up-to-date symlink: /home/iiitd/cf_ws/install/crazyflie_examples/share/crazyflie_examples//config/nav2_params.yaml
[0.196s] -- Up-to-date symlink: /home/iiitd/cf_ws/install/crazyflie_examples/share/crazyflie_examples//config/nav2_view.rviz
[0.196s] -- Up-to-date symlink: /home/iiitd/cf_ws/install/crazyflie_examples/share/crazyflie_examples//config/slam_params.yaml
[0.196s] -- Up-to-date symlink: /home/iiitd/cf_ws/install/crazyflie_examples/share/crazyflie_examples//data/map.data
[0.196s] -- Up-to-date symlink: /home/iiitd/cf_ws/install/crazyflie_examples/share/crazyflie_examples//data/map.pgm
[0.196s] -- Up-to-date symlink: /home/iiitd/cf_ws/install/crazyflie_examples/share/crazyflie_examples//data/map.posegraph
[0.196s] -- Up-to-date symlink: /home/iiitd/cf_ws/install/crazyflie_examples/share/crazyflie_examples//data/map.yaml
[0.196s] -- Up-to-date symlink: /home/iiitd/cf_ws/install/crazyflie_examples/share/crazyflie_examples//launch/keyboard_velmux_launch.py
[0.196s] -- Up-to-date symlink: /home/iiitd/cf_ws/install/crazyflie_examples/share/crazyflie_examples//launch/launch.py
[0.196s] -- Up-to-date symlink: /home/iiitd/cf_ws/install/crazyflie_examples/share/crazyflie_examples//launch/multiranger_mapping_launch.py
[0.196s] -- Up-to-date symlink: /home/iiitd/cf_ws/install/crazyflie_examples/share/crazyflie_examples//launch/multiranger_nav2_launch.py
[0.196s] -- Up-to-date symlink: /home/iiitd/cf_ws/install/crazyflie_examples/share/crazyflie_examples//launch/multiranger_simple_mapper_launch.py
[0.196s] -- Up-to-date symlink: /home/iiitd/cf_ws/install/crazyflie_examples/share/ament_index/resource_index/package_run_dependencies/crazyflie_examples
[0.196s] -- Up-to-date symlink: /home/iiitd/cf_ws/install/crazyflie_examples/share/ament_index/resource_index/parent_prefix_path/crazyflie_examples
[0.196s] -- Up-to-date symlink: /home/iiitd/cf_ws/install/crazyflie_examples/share/crazyflie_examples/environment/ament_prefix_path.sh
[0.197s] -- Up-to-date symlink: /home/iiitd/cf_ws/install/crazyflie_examples/share/crazyflie_examples/environment/ament_prefix_path.dsv
[0.197s] -- Up-to-date symlink: /home/iiitd/cf_ws/install/crazyflie_examples/share/crazyflie_examples/environment/path.sh
[0.197s] -- Up-to-date symlink: /home/iiitd/cf_ws/install/crazyflie_examples/share/crazyflie_examples/environment/path.dsv
[0.197s] -- Up-to-date symlink: /home/iiitd/cf_ws/install/crazyflie_examples/share/crazyflie_examples/local_setup.bash
[0.197s] -- Up-to-date symlink: /home/iiitd/cf_ws/install/crazyflie_examples/share/crazyflie_examples/local_setup.sh
[0.197s] -- Up-to-date symlink: /home/iiitd/cf_ws/install/crazyflie_examples/share/crazyflie_examples/local_setup.zsh
[0.197s] -- Up-to-date symlink: /home/iiitd/cf_ws/install/crazyflie_examples/share/crazyflie_examples/local_setup.dsv
[0.197s] -- Symlinking: /home/iiitd/cf_ws/install/crazyflie_examples/share/crazyflie_examples/package.dsv
[0.201s] -- Up-to-date symlink: /home/iiitd/cf_ws/install/crazyflie_examples/share/ament_index/resource_index/packages/crazyflie_examples
[0.201s] -- Up-to-date symlink: /home/iiitd/cf_ws/install/crazyflie_examples/share/crazyflie_examples/cmake/crazyflie_examplesConfig.cmake
[0.201s] -- Up-to-date symlink: /home/iiitd/cf_ws/install/crazyflie_examples/share/crazyflie_examples/cmake/crazyflie_examplesConfig-version.cmake
[0.201s] -- Up-to-date symlink: /home/iiitd/cf_ws/install/crazyflie_examples/share/crazyflie_examples/package.xml
[0.218s] Listing '/home/iiitd/cf_ws/install/crazyflie_examples/local/lib/python3.10/dist-packages/crazyflie_examples'...
[0.218s] Listing '/home/iiitd/cf_ws/install/crazyflie_examples/local/lib/python3.10/dist-packages/crazyflie_examples/data'...
[0.218s] Listing '/home/iiitd/cf_ws/install/crazyflie_examples/local/lib/python3.10/dist-packages/crazyflie_examples/data/multi_trajectory'...
[0.221s] Invoked command in '/home/iiitd/cf_ws/build/crazyflie_examples' returned '0': AMENT_PREFIX_PATH=/home/iiitd/cf_ws/install/crazyflie_py:/home/iiitd/cf_ws/install/crazyflie_interfaces:${AMENT_PREFIX_PATH} CMAKE_PREFIX_PATH=/home/iiitd/cf_ws/install/crazyflie_interfaces:/opt/ros/humble LD_LIBRARY_PATH=/home/iiitd/cf_ws/install/crazyflie_interfaces/lib:${LD_LIBRARY_PATH} PYTHONPATH=/home/iiitd/cf_ws/build/crazyflie_py:/home/iiitd/cf_ws/install/crazyflie_py/lib/python3.10/site-packages:/home/iiitd/cf_ws/install/crazyflie_interfaces/local/lib/python3.10/dist-packages:${PYTHONPATH} /usr/bin/cmake --install /home/iiitd/cf_ws/build/crazyflie_examples
