[0.272s] Invoking command in '/home/iiitd/cf_ws/build/crazyflie_sim': CMAKE_PREFIX_PATH=/home/iiitd/cf_ws/install/crazyflie_interfaces:/home/iiitd/cf_ws/install/crazyflie_sim:/home/iiitd/cf_ws/install/crazyflie_examples:/home/iiitd/cf_ws/install/crazyflie:/home/iiitd/cf_ws/install/crazyflie_description:/home/iiitd/cf_ws/install/my_crazyflie:/home/iiitd/cf_ws/install/crazyflie_server_py:/home/iiitd/cf_ws/install/crazyflie_py:/opt/ros/humble /usr/bin/cmake /home/iiitd/cf_ws/src/crazyswarm2/crazyflie_sim -DAMENT_CMAKE_SYMLINK_INSTALL=1 -DCMAKE_INSTALL_PREFIX=/home/iiitd/cf_ws/install/crazyflie_sim
[0.309s] -- The C compiler identification is GNU 11.4.0
[0.347s] -- The CXX compiler identification is GNU 11.4.0
[0.352s] -- Detecting C compiler ABI info
[0.400s] -- Detecting C compiler ABI info - done
[0.406s] -- Check for working C compiler: /usr/bin/cc - skipped
[0.406s] -- Detecting C compile features
[0.406s] -- Detecting C compile features - done
[0.409s] -- Detecting CXX compiler ABI info
[0.467s] -- Detecting CXX compiler ABI info - done
[0.472s] -- Check for working CXX compiler: /usr/bin/c++ - skipped
[0.472s] -- Detecting CXX compile features
[0.473s] -- Detecting CXX compile features - done
[0.474s] -- Found ament_cmake: 1.3.14 (/opt/ros/humble/share/ament_cmake/cmake)
[0.578s] -- Found Python3: /usr/bin/python3 (found version "3.10.12") found components: Interpreter 
[0.622s] -- Override CMake install command with custom implementation using symlinks instead of copying resources
[0.694s] -- Found ament_cmake_pytest: 1.3.14 (/opt/ros/humble/share/ament_cmake_pytest/cmake)
[1.083s] -- Configuring done
[1.084s] -- Generating done
[1.085s] -- Build files have been written to: /home/iiitd/cf_ws/build/crazyflie_sim
[1.087s] Invoked command in '/home/iiitd/cf_ws/build/crazyflie_sim' returned '0': CMAKE_PREFIX_PATH=/home/iiitd/cf_ws/install/crazyflie_interfaces:/home/iiitd/cf_ws/install/crazyflie_sim:/home/iiitd/cf_ws/install/crazyflie_examples:/home/iiitd/cf_ws/install/crazyflie:/home/iiitd/cf_ws/install/crazyflie_description:/home/iiitd/cf_ws/install/my_crazyflie:/home/iiitd/cf_ws/install/crazyflie_server_py:/home/iiitd/cf_ws/install/crazyflie_py:/opt/ros/humble /usr/bin/cmake /home/iiitd/cf_ws/src/crazyswarm2/crazyflie_sim -DAMENT_CMAKE_SYMLINK_INSTALL=1 -DCMAKE_INSTALL_PREFIX=/home/iiitd/cf_ws/install/crazyflie_sim
[1.088s] Invoking command in '/home/iiitd/cf_ws/build/crazyflie_sim': CMAKE_PREFIX_PATH=/home/iiitd/cf_ws/install/crazyflie_interfaces:/home/iiitd/cf_ws/install/crazyflie_sim:/home/iiitd/cf_ws/install/crazyflie_examples:/home/iiitd/cf_ws/install/crazyflie:/home/iiitd/cf_ws/install/crazyflie_description:/home/iiitd/cf_ws/install/my_crazyflie:/home/iiitd/cf_ws/install/crazyflie_server_py:/home/iiitd/cf_ws/install/crazyflie_py:/opt/ros/humble /usr/bin/cmake --build /home/iiitd/cf_ws/build/crazyflie_sim -- -j28 -l28
[1.127s] Built target ament_cmake_python_symlink_crazyflie_sim
[1.131s] Built target ament_cmake_python_symlink_crazyflie_sim_setup
[1.317s] running egg_info
[1.317s] creating crazyflie_sim.egg-info
[1.317s] writing crazyflie_sim.egg-info/PKG-INFO
[1.317s] writing dependency_links to crazyflie_sim.egg-info/dependency_links.txt
[1.317s] writing entry points to crazyflie_sim.egg-info/entry_points.txt
[1.317s] writing top-level names to crazyflie_sim.egg-info/top_level.txt
[1.318s] writing manifest file 'crazyflie_sim.egg-info/SOURCES.txt'
[1.319s] reading manifest file 'crazyflie_sim.egg-info/SOURCES.txt'
[1.319s] writing manifest file 'crazyflie_sim.egg-info/SOURCES.txt'
[1.338s] Built target ament_cmake_python_build_crazyflie_sim_egg
[1.363s] running install_scripts
[1.364s] /usr/lib/python3/dist-packages/setuptools/command/install.py:34: SetuptoolsDeprecationWarning: setup.py install is deprecated. Use build and pip and other standards-based tools.
[1.364s]   warnings.warn(
[1.377s] running egg_info
[1.378s] writing crazyflie_sim.egg-info/PKG-INFO
[1.378s] writing dependency_links to crazyflie_sim.egg-info/dependency_links.txt
[1.378s] writing entry points to crazyflie_sim.egg-info/entry_points.txt
[1.378s] writing top-level names to crazyflie_sim.egg-info/top_level.txt
[1.379s] reading manifest file 'crazyflie_sim.egg-info/SOURCES.txt'
[1.379s] writing manifest file 'crazyflie_sim.egg-info/SOURCES.txt'
[1.380s] Installing crazyflie_server script to scripts
[1.402s] Built target ament_cmake_python_build_crazyflie_sim_scripts
[1.413s] Invoked command in '/home/iiitd/cf_ws/build/crazyflie_sim' returned '0': CMAKE_PREFIX_PATH=/home/iiitd/cf_ws/install/crazyflie_interfaces:/home/iiitd/cf_ws/install/crazyflie_sim:/home/iiitd/cf_ws/install/crazyflie_examples:/home/iiitd/cf_ws/install/crazyflie:/home/iiitd/cf_ws/install/crazyflie_description:/home/iiitd/cf_ws/install/my_crazyflie:/home/iiitd/cf_ws/install/crazyflie_server_py:/home/iiitd/cf_ws/install/crazyflie_py:/opt/ros/humble /usr/bin/cmake --build /home/iiitd/cf_ws/build/crazyflie_sim -- -j28 -l28
[1.413s] Invoking command in '/home/iiitd/cf_ws/build/crazyflie_sim': CMAKE_PREFIX_PATH=/home/iiitd/cf_ws/install/crazyflie_interfaces:/home/iiitd/cf_ws/install/crazyflie_sim:/home/iiitd/cf_ws/install/crazyflie_examples:/home/iiitd/cf_ws/install/crazyflie:/home/iiitd/cf_ws/install/crazyflie_description:/home/iiitd/cf_ws/install/my_crazyflie:/home/iiitd/cf_ws/install/crazyflie_server_py:/home/iiitd/cf_ws/install/crazyflie_py:/opt/ros/humble /usr/bin/cmake --install /home/iiitd/cf_ws/build/crazyflie_sim
[1.418s] -- Install configuration: ""
[1.419s] -- Execute custom install script
[1.419s] -- Symlinking: /home/iiitd/cf_ws/install/crazyflie_sim/share/crazyflie_sim/environment/pythonpath.sh
[1.425s] -- Symlinking: /home/iiitd/cf_ws/install/crazyflie_sim/share/crazyflie_sim/environment/pythonpath.dsv
[1.433s] -- Symlinking: /home/iiitd/cf_ws/install/crazyflie_sim/local/lib/python3.10/dist-packages/crazyflie_sim-1.0.5-py3.10.egg-info/PKG-INFO
[1.440s] -- Symlinking: /home/iiitd/cf_ws/install/crazyflie_sim/local/lib/python3.10/dist-packages/crazyflie_sim-1.0.5-py3.10.egg-info/SOURCES.txt
[1.446s] -- Symlinking: /home/iiitd/cf_ws/install/crazyflie_sim/local/lib/python3.10/dist-packages/crazyflie_sim-1.0.5-py3.10.egg-info/dependency_links.txt
[1.453s] -- Symlinking: /home/iiitd/cf_ws/install/crazyflie_sim/local/lib/python3.10/dist-packages/crazyflie_sim-1.0.5-py3.10.egg-info/entry_points.txt
[1.458s] -- Symlinking: /home/iiitd/cf_ws/install/crazyflie_sim/local/lib/python3.10/dist-packages/crazyflie_sim-1.0.5-py3.10.egg-info/top_level.txt
[1.465s] -- Symlinking: /home/iiitd/cf_ws/install/crazyflie_sim/lib/crazyflie_sim//crazyflie_server
[1.472s] -- Symlinking: /home/iiitd/cf_ws/install/crazyflie_sim/local/lib/python3.10/dist-packages/crazyflie_sim/__init__.py
[1.479s] -- Symlinking: /home/iiitd/cf_ws/install/crazyflie_sim/local/lib/python3.10/dist-packages/crazyflie_sim/backend/data/dynobench/crazyflie2.yaml
[1.486s] -- Symlinking: /home/iiitd/cf_ws/install/crazyflie_sim/local/lib/python3.10/dist-packages/crazyflie_sim/backend/data/neuralswarm2/phi_G.pth
[1.492s] -- Symlinking: /home/iiitd/cf_ws/install/crazyflie_sim/local/lib/python3.10/dist-packages/crazyflie_sim/backend/data/neuralswarm2/phi_L.pth
[1.497s] -- Symlinking: /home/iiitd/cf_ws/install/crazyflie_sim/local/lib/python3.10/dist-packages/crazyflie_sim/backend/data/neuralswarm2/phi_S.pth
[1.503s] -- Symlinking: /home/iiitd/cf_ws/install/crazyflie_sim/local/lib/python3.10/dist-packages/crazyflie_sim/backend/data/neuralswarm2/rho_L.pth
[1.510s] -- Symlinking: /home/iiitd/cf_ws/install/crazyflie_sim/local/lib/python3.10/dist-packages/crazyflie_sim/backend/data/neuralswarm2/rho_S.pth
[1.516s] -- Symlinking: /home/iiitd/cf_ws/install/crazyflie_sim/local/lib/python3.10/dist-packages/crazyflie_sim/backend/data/pinocchio/crazyflie2.urdf
[1.523s] -- Symlinking: /home/iiitd/cf_ws/install/crazyflie_sim/local/lib/python3.10/dist-packages/crazyflie_sim/backend/dynobench.py
[1.529s] -- Symlinking: /home/iiitd/cf_ws/install/crazyflie_sim/local/lib/python3.10/dist-packages/crazyflie_sim/backend/neuralswarm.py
[1.536s] -- Symlinking: /home/iiitd/cf_ws/install/crazyflie_sim/local/lib/python3.10/dist-packages/crazyflie_sim/backend/none.py
[1.542s] -- Symlinking: /home/iiitd/cf_ws/install/crazyflie_sim/local/lib/python3.10/dist-packages/crazyflie_sim/backend/np.py
[1.548s] -- Symlinking: /home/iiitd/cf_ws/install/crazyflie_sim/local/lib/python3.10/dist-packages/crazyflie_sim/backend/pinocchio.py
[1.555s] -- Symlinking: /home/iiitd/cf_ws/install/crazyflie_sim/local/lib/python3.10/dist-packages/crazyflie_sim/crazyflie_server.py
[1.562s] -- Symlinking: /home/iiitd/cf_ws/install/crazyflie_sim/local/lib/python3.10/dist-packages/crazyflie_sim/crazyflie_sil.py
[1.568s] -- Symlinking: /home/iiitd/cf_ws/install/crazyflie_sim/local/lib/python3.10/dist-packages/crazyflie_sim/sim_data_types.py
[1.575s] -- Symlinking: /home/iiitd/cf_ws/install/crazyflie_sim/local/lib/python3.10/dist-packages/crazyflie_sim/visualization/README.md
[1.580s] -- Symlinking: /home/iiitd/cf_ws/install/crazyflie_sim/local/lib/python3.10/dist-packages/crazyflie_sim/visualization/blender.py
[1.587s] -- Symlinking: /home/iiitd/cf_ws/install/crazyflie_sim/local/lib/python3.10/dist-packages/crazyflie_sim/visualization/data/README.md
[1.593s] -- Symlinking: /home/iiitd/cf_ws/install/crazyflie_sim/local/lib/python3.10/dist-packages/crazyflie_sim/visualization/data/env/abandoned_greenhouse.jpg
[1.598s] -- Symlinking: /home/iiitd/cf_ws/install/crazyflie_sim/local/lib/python3.10/dist-packages/crazyflie_sim/visualization/data/env/aerodynamics_workshop.jpg
[1.605s] -- Symlinking: /home/iiitd/cf_ws/install/crazyflie_sim/local/lib/python3.10/dist-packages/crazyflie_sim/visualization/data/env/aviation_museum.jpg
[1.610s] -- Symlinking: /home/iiitd/cf_ws/install/crazyflie_sim/local/lib/python3.10/dist-packages/crazyflie_sim/visualization/data/env/crosswalk.jpg
[1.616s] -- Symlinking: /home/iiitd/cf_ws/install/crazyflie_sim/local/lib/python3.10/dist-packages/crazyflie_sim/visualization/data/env/derelict_overpass.jpg
[1.622s] -- Symlinking: /home/iiitd/cf_ws/install/crazyflie_sim/local/lib/python3.10/dist-packages/crazyflie_sim/visualization/data/env/env.jpg
[1.630s] -- Symlinking: /home/iiitd/cf_ws/install/crazyflie_sim/local/lib/python3.10/dist-packages/crazyflie_sim/visualization/data/env/lago_disola.jpg
[1.638s] -- Symlinking: /home/iiitd/cf_ws/install/crazyflie_sim/local/lib/python3.10/dist-packages/crazyflie_sim/visualization/data/env/lake_pier.jpg
[1.645s] -- Symlinking: /home/iiitd/cf_ws/install/crazyflie_sim/local/lib/python3.10/dist-packages/crazyflie_sim/visualization/data/env/machine_shop.jpg
[1.653s] -- Symlinking: /home/iiitd/cf_ws/install/crazyflie_sim/local/lib/python3.10/dist-packages/crazyflie_sim/visualization/data/env/museumplein.jpg
[1.660s] -- Symlinking: /home/iiitd/cf_ws/install/crazyflie_sim/local/lib/python3.10/dist-packages/crazyflie_sim/visualization/data/env/peppermint_powerplant.jpg
[1.664s] -- Symlinking: /home/iiitd/cf_ws/install/crazyflie_sim/local/lib/python3.10/dist-packages/crazyflie_sim/visualization/data/env/studio_garden.jpg
[1.672s] -- Symlinking: /home/iiitd/cf_ws/install/crazyflie_sim/local/lib/python3.10/dist-packages/crazyflie_sim/visualization/data/model/cf.mtl
[1.677s] -- Symlinking: /home/iiitd/cf_ws/install/crazyflie_sim/local/lib/python3.10/dist-packages/crazyflie_sim/visualization/data/model/cf.obj
[1.682s] -- Symlinking: /home/iiitd/cf_ws/install/crazyflie_sim/local/lib/python3.10/dist-packages/crazyflie_sim/visualization/pdf.py
[1.689s] -- Symlinking: /home/iiitd/cf_ws/install/crazyflie_sim/local/lib/python3.10/dist-packages/crazyflie_sim/visualization/record_states.py
[1.695s] -- Symlinking: /home/iiitd/cf_ws/install/crazyflie_sim/local/lib/python3.10/dist-packages/crazyflie_sim/visualization/rviz.py
[1.702s] -- Symlinking: /home/iiitd/cf_ws/install/crazyflie_sim/share/ament_index/resource_index/package_run_dependencies/crazyflie_sim
[1.709s] -- Symlinking: /home/iiitd/cf_ws/install/crazyflie_sim/share/ament_index/resource_index/parent_prefix_path/crazyflie_sim
[1.714s] -- Symlinking: /home/iiitd/cf_ws/install/crazyflie_sim/share/crazyflie_sim/environment/ament_prefix_path.sh
[1.722s] -- Symlinking: /home/iiitd/cf_ws/install/crazyflie_sim/share/crazyflie_sim/environment/ament_prefix_path.dsv
[1.729s] -- Symlinking: /home/iiitd/cf_ws/install/crazyflie_sim/share/crazyflie_sim/environment/path.sh
[1.733s] -- Symlinking: /home/iiitd/cf_ws/install/crazyflie_sim/share/crazyflie_sim/environment/path.dsv
[1.739s] -- Symlinking: /home/iiitd/cf_ws/install/crazyflie_sim/share/crazyflie_sim/local_setup.bash
[1.746s] -- Symlinking: /home/iiitd/cf_ws/install/crazyflie_sim/share/crazyflie_sim/local_setup.sh
[1.751s] -- Symlinking: /home/iiitd/cf_ws/install/crazyflie_sim/share/crazyflie_sim/local_setup.zsh
[1.758s] -- Symlinking: /home/iiitd/cf_ws/install/crazyflie_sim/share/crazyflie_sim/local_setup.dsv
[1.764s] -- Symlinking: /home/iiitd/cf_ws/install/crazyflie_sim/share/crazyflie_sim/package.dsv
[1.769s] -- Symlinking: /home/iiitd/cf_ws/install/crazyflie_sim/share/ament_index/resource_index/packages/crazyflie_sim
[1.775s] -- Symlinking: /home/iiitd/cf_ws/install/crazyflie_sim/share/crazyflie_sim/cmake/crazyflie_simConfig.cmake
[1.780s] -- Symlinking: /home/iiitd/cf_ws/install/crazyflie_sim/share/crazyflie_sim/cmake/crazyflie_simConfig-version.cmake
[1.787s] -- Symlinking: /home/iiitd/cf_ws/install/crazyflie_sim/share/crazyflie_sim/package.xml
[1.820s] Listing '/home/iiitd/cf_ws/install/crazyflie_sim/local/lib/python3.10/dist-packages/crazyflie_sim'...
[1.820s] Compiling '/home/iiitd/cf_ws/install/crazyflie_sim/local/lib/python3.10/dist-packages/crazyflie_sim/__init__.py'...
[1.820s] Listing '/home/iiitd/cf_ws/install/crazyflie_sim/local/lib/python3.10/dist-packages/crazyflie_sim/backend'...
[1.820s] Listing '/home/iiitd/cf_ws/install/crazyflie_sim/local/lib/python3.10/dist-packages/crazyflie_sim/backend/data'...
[1.820s] Listing '/home/iiitd/cf_ws/install/crazyflie_sim/local/lib/python3.10/dist-packages/crazyflie_sim/backend/data/dynobench'...
[1.820s] Listing '/home/iiitd/cf_ws/install/crazyflie_sim/local/lib/python3.10/dist-packages/crazyflie_sim/backend/data/neuralswarm2'...
[1.820s] Listing '/home/iiitd/cf_ws/install/crazyflie_sim/local/lib/python3.10/dist-packages/crazyflie_sim/backend/data/pinocchio'...
[1.820s] Compiling '/home/iiitd/cf_ws/install/crazyflie_sim/local/lib/python3.10/dist-packages/crazyflie_sim/backend/dynobench.py'...
[1.820s] Compiling '/home/iiitd/cf_ws/install/crazyflie_sim/local/lib/python3.10/dist-packages/crazyflie_sim/backend/neuralswarm.py'...
[1.820s] Compiling '/home/iiitd/cf_ws/install/crazyflie_sim/local/lib/python3.10/dist-packages/crazyflie_sim/backend/none.py'...
[1.820s] Compiling '/home/iiitd/cf_ws/install/crazyflie_sim/local/lib/python3.10/dist-packages/crazyflie_sim/backend/np.py'...
[1.821s] Compiling '/home/iiitd/cf_ws/install/crazyflie_sim/local/lib/python3.10/dist-packages/crazyflie_sim/backend/pinocchio.py'...
[1.821s] Compiling '/home/iiitd/cf_ws/install/crazyflie_sim/local/lib/python3.10/dist-packages/crazyflie_sim/crazyflie_server.py'...
[1.821s] Compiling '/home/iiitd/cf_ws/install/crazyflie_sim/local/lib/python3.10/dist-packages/crazyflie_sim/crazyflie_sil.py'...
[1.821s] Compiling '/home/iiitd/cf_ws/install/crazyflie_sim/local/lib/python3.10/dist-packages/crazyflie_sim/sim_data_types.py'...
[1.821s] Listing '/home/iiitd/cf_ws/install/crazyflie_sim/local/lib/python3.10/dist-packages/crazyflie_sim/visualization'...
[1.821s] Compiling '/home/iiitd/cf_ws/install/crazyflie_sim/local/lib/python3.10/dist-packages/crazyflie_sim/visualization/blender.py'...
[1.821s] Listing '/home/iiitd/cf_ws/install/crazyflie_sim/local/lib/python3.10/dist-packages/crazyflie_sim/visualization/data'...
[1.821s] Listing '/home/iiitd/cf_ws/install/crazyflie_sim/local/lib/python3.10/dist-packages/crazyflie_sim/visualization/data/env'...
[1.821s] Listing '/home/iiitd/cf_ws/install/crazyflie_sim/local/lib/python3.10/dist-packages/crazyflie_sim/visualization/data/model'...
[1.821s] Compiling '/home/iiitd/cf_ws/install/crazyflie_sim/local/lib/python3.10/dist-packages/crazyflie_sim/visualization/pdf.py'...
[1.821s] Compiling '/home/iiitd/cf_ws/install/crazyflie_sim/local/lib/python3.10/dist-packages/crazyflie_sim/visualization/record_states.py'...
[1.821s] Compiling '/home/iiitd/cf_ws/install/crazyflie_sim/local/lib/python3.10/dist-packages/crazyflie_sim/visualization/rviz.py'...
[1.825s] Invoked command in '/home/iiitd/cf_ws/build/crazyflie_sim' returned '0': CMAKE_PREFIX_PATH=/home/iiitd/cf_ws/install/crazyflie_interfaces:/home/iiitd/cf_ws/install/crazyflie_sim:/home/iiitd/cf_ws/install/crazyflie_examples:/home/iiitd/cf_ws/install/crazyflie:/home/iiitd/cf_ws/install/crazyflie_description:/home/iiitd/cf_ws/install/my_crazyflie:/home/iiitd/cf_ws/install/crazyflie_server_py:/home/iiitd/cf_ws/install/crazyflie_py:/opt/ros/humble /usr/bin/cmake --install /home/iiitd/cf_ws/build/crazyflie_sim
